Archive member included because of file (symbol)

Z:\LPCXpresso\FreeRTOS+IO WS\lpc17xx.cmsis.driver.library\Debug\liblpc17xx.cmsis.driver.library.a(lpc17xx_gpio.o)
                              ./Source/Examples/SSP/SPI-writes-to-7-seg-display.o (GPIO_SetDir)
Z:\LPCXpresso\FreeRTOS+IO WS\lpc17xx.cmsis.driver.library\Debug\liblpc17xx.cmsis.driver.library.a(lpc17xx_i2c.o)
                              ./Source/FreeRTOS-Products/FreeRTOS-Plus-IO/Device/LPC17xx/FreeRTOS_lpc17xx_i2c.o (I2C_Stop)
Z:\LPCXpresso\FreeRTOS+IO WS\lpc17xx.cmsis.driver.library\Debug\liblpc17xx.cmsis.driver.library.a(lpc17xx_libcfg_default.o)
                              Z:\LPCXpresso\FreeRTOS+IO WS\lpc17xx.cmsis.driver.library\Debug\liblpc17xx.cmsis.driver.library.a(lpc17xx_i2c.o) (check_failed)
Z:\LPCXpresso\FreeRTOS+IO WS\lpc17xx.cmsis.driver.library\Debug\liblpc17xx.cmsis.driver.library.a(lpc17xx_pinsel.o)
                              ./Source/FreeRTOS-Products/FreeRTOS-Plus-IO/Device/LPC17xx/FreeRTOS_lpc17xx_i2c.o (PINSEL_ConfigPin)
Z:\LPCXpresso\FreeRTOS+IO WS\lpc17xx.cmsis.driver.library\Debug\liblpc17xx.cmsis.driver.library.a(lpc17xx_ssp.o)
                              ./Source/FreeRTOS-Products/FreeRTOS-Plus-IO/Device/LPC17xx/FreeRTOS_lpc17xx_ssp.o (SSP_Init)
Z:\LPCXpresso\FreeRTOS+IO WS\lpc17xx.cmsis.driver.library\Debug\liblpc17xx.cmsis.driver.library.a(lpc17xx_uart.o)
                              ./Source/FreeRTOS-Products/FreeRTOS-Plus-IO/Device/LPC17xx/FreeRTOS_lpc17xx_uart.o (UART_Init)
Z:\LPCXpresso\FreeRTOS+IO WS\lpc17xx.cmsis.driver.library\Debug\liblpc17xx.cmsis.driver.library.a(lpc17xx_clkpwr.o)
                              Z:\LPCXpresso\FreeRTOS+IO WS\lpc17xx.cmsis.driver.library\Debug\liblpc17xx.cmsis.driver.library.a(lpc17xx_i2c.o) (CLKPWR_SetPCLKDiv)
Z:\LPCXpresso\FreeRTOS+IO WS\CMSISv2p00_LPC17xx\Debug\libCMSISv2p00_LPC17xx.a(system_LPC17xx.o)
                              ./Source/cr_startup_lpc176x.o (SystemInit)
c:/nxp/lpcxpresso_7.4.0_229/lpcxpresso/tools/bin/../lib/gcc/arm-none-eabi/4.8.4/../../../../arm-none-eabi/lib/armv7-m\libcr_nohost.a(_cr__main.o)
                              ./Source/cr_startup_lpc176x.o (__main)
c:/nxp/lpcxpresso_7.4.0_229/lpcxpresso/tools/bin/../lib/gcc/arm-none-eabi/4.8.4/../../../../arm-none-eabi/lib/armv7-m\libcr_c.a(memcpy.o)
                              ./Source/FreeRTOS-Products/FreeRTOS-Plus-IO/Common/IOUtils_CircularBufferRx.o (memcpy)
c:/nxp/lpcxpresso_7.4.0_229/lpcxpresso/tools/bin/../lib/gcc/arm-none-eabi/4.8.4/../../../../arm-none-eabi/lib/armv7-m\libcr_c.a(memset.o)
                              ./Source/FreeRTOS-Products/FreeRTOS/tasks.o (memset)
c:/nxp/lpcxpresso_7.4.0_229/lpcxpresso/tools/bin/../lib/gcc/arm-none-eabi/4.8.4/../../../../arm-none-eabi/lib/armv7-m\libcr_c.a(initio.o)
                              c:/nxp/lpcxpresso_7.4.0_229/lpcxpresso/tools/bin/../lib/gcc/arm-none-eabi/4.8.4/../../../../arm-none-eabi/lib/armv7-m\libcr_nohost.a(_cr__main.o) (_initio)
c:/nxp/lpcxpresso_7.4.0_229/lpcxpresso/tools/bin/../lib/gcc/arm-none-eabi/4.8.4/../../../../arm-none-eabi/lib/armv7-m\libcr_c.a(memcmp.o)
                              ./Source/FreeRTOS-Products/FreeRTOS/tasks.o (memcmp)
c:/nxp/lpcxpresso_7.4.0_229/lpcxpresso/tools/bin/../lib/gcc/arm-none-eabi/4.8.4/../../../../arm-none-eabi/lib/armv7-m\libcr_c.a(scanf.o)
                              ./Source/Examples/UART/CLI-commands.o (atol)
c:/nxp/lpcxpresso_7.4.0_229/lpcxpresso/tools/bin/../lib/gcc/arm-none-eabi/4.8.4/../../../../arm-none-eabi/lib/armv7-m\libcr_c.a(setvbuf.o)
                              c:/nxp/lpcxpresso_7.4.0_229/lpcxpresso/tools/bin/../lib/gcc/arm-none-eabi/4.8.4/../../../../arm-none-eabi/lib/armv7-m\libcr_c.a(initio.o) (setvbuf)
c:/nxp/lpcxpresso_7.4.0_229/lpcxpresso/tools/bin/../lib/gcc/arm-none-eabi/4.8.4/../../../../arm-none-eabi/lib/armv7-m\libcr_c.a(stdio.o)
                              c:/nxp/lpcxpresso_7.4.0_229/lpcxpresso/tools/bin/../lib/gcc/arm-none-eabi/4.8.4/../../../../arm-none-eabi/lib/armv7-m\libcr_c.a(initio.o) (__Ciob)
c:/nxp/lpcxpresso_7.4.0_229/lpcxpresso/tools/bin/../lib/gcc/arm-none-eabi/4.8.4/../../../../arm-none-eabi/lib/armv7-m\libcr_c.a(strcat.o)
                              ./Source/FreeRTOS-Products/FreeRTOS/tasks.o (strcat)
c:/nxp/lpcxpresso_7.4.0_229/lpcxpresso/tools/bin/../lib/gcc/arm-none-eabi/4.8.4/../../../../arm-none-eabi/lib/armv7-m\libcr_c.a(strcmp.o)
                              ./Source/FreeRTOS-Products/FreeRTOS-Plus-IO/Common/FreeRTOS_DriverInterface.o (strcmp)
c:/nxp/lpcxpresso_7.4.0_229/lpcxpresso/tools/bin/../lib/gcc/arm-none-eabi/4.8.4/../../../../arm-none-eabi/lib/armv7-m\libcr_c.a(strcpy.o)
                              ./Source/Examples/UART/CLI-commands.o (strcpy)
c:/nxp/lpcxpresso_7.4.0_229/lpcxpresso/tools/bin/../lib/gcc/arm-none-eabi/4.8.4/../../../../arm-none-eabi/lib/armv7-m\libcr_c.a(strlen.o)
                              ./Source/FreeRTOS-Products/FreeRTOS-Plus-CLI/FreeRTOS_CLI.o (strlen)
[...]
Memory Configuration

Name             Origin             Length             Attributes
MFlash512        0x00000000         0x00080000         xr
RamLoc32         0x10000000         0x00008000         xrw
RamAHB32         0x2007c000         0x00008000         xrw
*default*        0x00000000         0xffffffff

Linker script and memory map

LOAD ./Source/FreeRTOS-Products/FreeRTOS/portable/MemMang/heap_2.o
LOAD ./Source/FreeRTOS-Products/FreeRTOS/portable/GCC/ARM_CM3/port.o
LOAD ./Source/FreeRTOS-Products/FreeRTOS-Plus-IO/Device/LPC17xx/FreeRTOS_lpc17xx_DriverInterface.o
LOAD ./Source/FreeRTOS-Products/FreeRTOS-Plus-IO/Device/LPC17xx/FreeRTOS_lpc17xx_i2c.o
LOAD ./Source/FreeRTOS-Products/FreeRTOS-Plus-IO/Device/LPC17xx/FreeRTOS_lpc17xx_ssp.o
LOAD ./Source/FreeRTOS-Products/FreeRTOS-Plus-IO/Device/LPC17xx/FreeRTOS_lpc17xx_uart.o
LOAD ./Source/FreeRTOS-Products/FreeRTOS-Plus-IO/Common/FreeRTOS_DriverInterface.o
LOAD ./Source/FreeRTOS-Products/FreeRTOS-Plus-IO/Common/FreeRTOS_IOUtils.o
LOAD ./Source/FreeRTOS-Products/FreeRTOS-Plus-IO/Common/IOUtils_CharQueueTxAndRx.o
LOAD ./Source/FreeRTOS-Products/FreeRTOS-Plus-IO/Common/IOUtils_CircularBufferRx.o
LOAD ./Source/FreeRTOS-Products/FreeRTOS-Plus-IO/Common/IOUtils_ZeroCopyTx.o
LOAD ./Source/FreeRTOS-Products/FreeRTOS-Plus-CLI/FreeRTOS_CLI.o
LOAD ./Source/FreeRTOS-Products/FreeRTOS/croutine.o
LOAD ./Source/FreeRTOS-Products/FreeRTOS/list.o
LOAD ./Source/FreeRTOS-Products/FreeRTOS/queue.o
LOAD ./Source/FreeRTOS-Products/FreeRTOS/tasks.o
LOAD ./Source/FreeRTOS-Products/FreeRTOS/timers.o
LOAD ./Source/Examples/UART/CLI-commands.o
LOAD ./Source/Examples/UART/UART-interrupt-driven-command-console.o
LOAD ./Source/Examples/UART/UART-operation-modes-test.o
LOAD ./Source/Examples/SSP/SPI-writes-to-7-seg-display.o
LOAD ./Source/Examples/I2C/I2C-coordinator.o
LOAD ./Source/Examples/I2C/I2C-to-OLED.o
LOAD ./Source/Examples/I2C/I2C-to-and-from-EEPROM.o
LOAD ./Source/Examples/I2C/font5x7.o
LOAD ./Source/Examples/I2C/oled.o
LOAD ./Source/Examples/GPIO/GPIO-output-and-software-timers.o
LOAD ./Source/cr_startup_lpc176x.o
LOAD ./Source/main.o
LOAD ./Source/printf-stdarg.o
LOAD Z:\LPCXpresso\FreeRTOS+IO WS\lpc17xx.cmsis.driver.library\Debug\liblpc17xx.cmsis.driver.library.a
LOAD Z:\LPCXpresso\FreeRTOS+IO WS\CMSISv2p00_LPC17xx\Debug\libCMSISv2p00_LPC17xx.a
START GROUP
LOAD c:/nxp/lpcxpresso_7.4.0_229/lpcxpresso/tools/bin/../lib/gcc/arm-none-eabi/4.8.4/../../../../arm-none-eabi/lib/armv7-m\libcr_nohost.a
LOAD c:/nxp/lpcxpresso_7.4.0_229/lpcxpresso/tools/bin/../lib/gcc/arm-none-eabi/4.8.4/../../../../arm-none-eabi/lib/armv7-m\libcr_c.a
LOAD c:/nxp/lpcxpresso_7.4.0_229/lpcxpresso/tools/bin/../lib/gcc/arm-none-eabi/4.8.4/armv7-m\libcr_eabihelpers.a
END GROUP
                0x00080000                __top_MFlash512 = 0x80000
                0x10008000                __top_RamLoc32 = 0x10008000
                0x20084000                __top_RamAHB32 = 0x20084000

.text           0x00000000     0x6850
 FILL mask 0xff
                0x00000000                __vectors_start__ = ABSOLUTE (.)
 *(.isr_vector)
 .isr_vector    0x00000000       0xcc ./Source/cr_startup_lpc176x.o
                0x00000000                g_pfnVectors
                0x000000cc                . = ALIGN (0x4)
                0x000000cc                __section_table_start = .
                0x000000cc                __data_section_table = .
                0x000000cc        0x4 LONG 0x6850 LOADADDR (.data)
                0x000000d0        0x4 LONG 0x10000000 ADDR (.data)
                0x000000d4        0x4 LONG 0x1c SIZEOF (.data)
                0x000000d8        0x4 LONG 0x6850 LOADADDR (.data_RAM2)
                0x000000dc        0x4 LONG 0x2007c000 ADDR (.data_RAM2)
                0x000000e0        0x4 LONG 0x0 SIZEOF (.data_RAM2)
                0x000000e4                __data_section_table_end = .
                0x000000e4                __bss_section_table = .
                0x000000e4        0x4 LONG 0x10000020 ADDR (.bss)
                0x000000e8        0x4 LONG 0x44e8 SIZEOF (.bss)
                0x000000ec        0x4 LONG 0x2007c000 ADDR (.bss_RAM2)
                0x000000f0        0x4 LONG 0x0 SIZEOF (.bss_RAM2)
                0x000000f4                __bss_section_table_end = .
                0x000000f4                __section_table_end = .
 *(.after_vectors*)
 .after_vectors
                0x000000f4       0x94 ./Source/cr_startup_lpc176x.o
                0x000000f4                NMI_Handler
                0x000000f6                HardFault_Handler
                0x00000112                MemManage_Handler
                0x00000114                BusFault_Handler
                0x00000116                UsageFault_Handler
                0x0000011a                DebugMon_Handler
                0x00000120                RIT_IRQHandler
                0x00000120                I2C1_IRQHandler
                0x00000120                USBActivity_IRQHandler
                0x00000120                UART1_IRQHandler
                0x00000120                EINT3_IRQHandler
                0x00000120                CANActivity_IRQHandler
                0x00000120                EINT2_IRQHandler
                0x00000120                PWM1_IRQHandler
                0x00000120                UART0_IRQHandler
                0x00000120                MCPWM_IRQHandler
                0x00000120                I2C0_IRQHandler
                0x00000120                IntDefaultHandler
                0x00000120                PLL0_IRQHandler
                0x00000120                CAN_IRQHandler
                0x00000120                PLL1_IRQHandler
                0x00000120                SSP0_IRQHandler
                0x00000120                I2S_IRQHandler
                0x00000120                RTC_IRQHandler
                0x00000120                TIMER0_IRQHandler
                0x00000120                SPI_IRQHandler
                0x00000120                TIMER3_IRQHandler
                0x00000120                EINT1_IRQHandler
                0x00000120                TIMER1_IRQHandler
                0x00000120                UART2_IRQHandler
                0x00000120                ADC_IRQHandler
                0x00000120                USB_IRQHandler
                0x00000120                BOD_IRQHandler
                0x00000120                TIMER2_IRQHandler
                0x00000120                WDT_IRQHandler
                0x00000120                QEI_IRQHandler
                0x00000120                EINT0_IRQHandler
                0x00000120                DMA_IRQHandler
                0x00000120                ENET_IRQHandler
                0x00000122                data_init
                0x00000134                bss_init
                0x00000144                ResetISR
 *(.text*)
 .text.pvPortMalloc
                0x00000188       0xc0 ./Source/FreeRTOS-Products/FreeRTOS/portable/MemMang/heap_2.o
                0x00000188                pvPortMalloc
 .text.vPortFree
                0x00000248       0x40 ./Source/FreeRTOS-Products/FreeRTOS/portable/MemMang/heap_2.o
                0x00000248                vPortFree
 .text.prvPortStartFirstTask
                0x00000288       0x14 ./Source/FreeRTOS-Products/FreeRTOS/portable/GCC/ARM_CM3/port.o
 .text.pxPortInitialiseStack
                0x0000029c       0x1c ./Source/FreeRTOS-Products/FreeRTOS/portable/GCC/ARM_CM3/port.o
                0x0000029c                pxPortInitialiseStack
 .text.SVCall_Handler
                0x000002b8       0x20 ./Source/FreeRTOS-Products/FreeRTOS/portable/GCC/ARM_CM3/port.o
                0x000002b8                SVCall_Handler
 .text.vPortYieldFromISR
                0x000002d8       0x10 ./Source/FreeRTOS-Products/FreeRTOS/portable/GCC/ARM_CM3/port.o
                0x000002d8                vPortYieldFromISR
 .text.ulPortSetInterruptMask
                0x000002e8       0x10 ./Source/FreeRTOS-Products/FreeRTOS/portable/GCC/ARM_CM3/port.o
                0x000002e8                ulPortSetInterruptMask
 .text.vPortEnterCritical
                0x000002f8       0x14 ./Source/FreeRTOS-Products/FreeRTOS/portable/GCC/ARM_CM3/port.o
                0x000002f8                vPortEnterCritical
 .text.vPortClearInterruptMask
                0x0000030c        0x8 ./Source/FreeRTOS-Products/FreeRTOS/portable/GCC/ARM_CM3/port.o
                0x0000030c                vPortClearInterruptMask
 .text.vPortExitCritical
                0x00000314       0x18 ./Source/FreeRTOS-Products/FreeRTOS/portable/GCC/ARM_CM3/port.o
                0x00000314                vPortExitCritical
 .text.PendSV_Handler
                0x0000032c       0x3c ./Source/FreeRTOS-Products/FreeRTOS/portable/GCC/ARM_CM3/port.o
                0x0000032c                PendSV_Handler
 .text.SysTick_Handler
                0x00000368       0x20 ./Source/FreeRTOS-Products/FreeRTOS/portable/GCC/ARM_CM3/port.o
                0x00000368                SysTick_Handler
 .text.vPortSetupTimerInterrupt
                0x00000388       0x28 ./Source/FreeRTOS-Products/FreeRTOS/portable/GCC/ARM_CM3/port.o
                0x00000388                vPortSetupTimerInterrupt
 .text.xPortStartScheduler
                0x000003b0       0x30 ./Source/FreeRTOS-Products/FreeRTOS/portable/GCC/ARM_CM3/port.o
                0x000003b0                xPortStartScheduler
 .text.vFreeRTOS_lpc17xx_PopulateFunctionPointers
                0x000003e0       0x2c ./Source/FreeRTOS-Products/FreeRTOS-Plus-IO/Device/LPC17xx/FreeRTOS_lpc17xx_DriverInterface.o
                0x000003e0                vFreeRTOS_lpc17xx_PopulateFunctionPointers
 .text.FreeRTOS_I2C_write
                0x0000040c       0xe8 ./Source/FreeRTOS-Products/FreeRTOS-Plus-IO/Device/LPC17xx/FreeRTOS_lpc17xx_i2c.o
                0x0000040c                FreeRTOS_I2C_write
 .text.FreeRTOS_I2C_read
                0x000004f4      0x104 ./Source/FreeRTOS-Products/FreeRTOS-Plus-IO/Device/LPC17xx/FreeRTOS_lpc17xx_i2c.o
                0x000004f4                FreeRTOS_I2C_read
 .text.FreeRTOS_I2C_ioctl
                0x000005f8      0x124 ./Source/FreeRTOS-Products/FreeRTOS-Plus-IO/Device/LPC17xx/FreeRTOS_lpc17xx_i2c.o
                0x000005f8                FreeRTOS_I2C_ioctl
 .text.FreeRTOS_I2C_open
                0x0000071c      0x108 ./Source/FreeRTOS-Products/FreeRTOS-Plus-IO/Device/LPC17xx/FreeRTOS_lpc17xx_i2c.o
                0x0000071c                FreeRTOS_I2C_open
 .text.I2C2_IRQHandler
                0x00000824      0x1c0 ./Source/FreeRTOS-Products/FreeRTOS-Plus-IO/Device/LPC17xx/FreeRTOS_lpc17xx_i2c.o
                0x00000824                I2C2_IRQHandler
 .text.FreeRTOS_SSP_write
                0x000009e4       0x58 ./Source/FreeRTOS-Products/FreeRTOS-Plus-IO/Device/LPC17xx/FreeRTOS_lpc17xx_ssp.o
                0x000009e4                FreeRTOS_SSP_write
 .text.FreeRTOS_SSP_read
                0x00000a3c       0x50 ./Source/FreeRTOS-Products/FreeRTOS-Plus-IO/Device/LPC17xx/FreeRTOS_lpc17xx_ssp.o
                0x00000a3c                FreeRTOS_SSP_read
 .text.FreeRTOS_SSP_ioctl
                0x00000a8c      0x1d4 ./Source/FreeRTOS-Products/FreeRTOS-Plus-IO/Device/LPC17xx/FreeRTOS_lpc17xx_ssp.o
                0x00000a8c                FreeRTOS_SSP_ioctl
 .text.FreeRTOS_SSP_open
                0x00000c60      0x124 ./Source/FreeRTOS-Products/FreeRTOS-Plus-IO/Device/LPC17xx/FreeRTOS_lpc17xx_ssp.o
                0x00000c60                FreeRTOS_SSP_open
 .text.SSP1_IRQHandler
                0x00000d84       0xa4 ./Source/FreeRTOS-Products/FreeRTOS-Plus-IO/Device/LPC17xx/FreeRTOS_lpc17xx_ssp.o
                0x00000d84                SSP1_IRQHandler
 .text.FreeRTOS_UART_write
                0x00000e28      0x128 ./Source/FreeRTOS-Products/FreeRTOS-Plus-IO/Device/LPC17xx/FreeRTOS_lpc17xx_uart.o
                0x00000e28                FreeRTOS_UART_write
 .text.FreeRTOS_UART_ioctl
                0x00000f50      0x134 ./Source/FreeRTOS-Products/FreeRTOS-Plus-IO/Device/LPC17xx/FreeRTOS_lpc17xx_uart.o
                0x00000f50                FreeRTOS_UART_ioctl
 .text.FreeRTOS_UART_read
                0x00001084       0xb0 ./Source/FreeRTOS-Products/FreeRTOS-Plus-IO/Device/LPC17xx/FreeRTOS_lpc17xx_uart.o
                0x00001084                FreeRTOS_UART_read
 .text.FreeRTOS_UART_open
                0x00001134       0xa8 ./Source/FreeRTOS-Products/FreeRTOS-Plus-IO/Device/LPC17xx/FreeRTOS_lpc17xx_uart.o
                0x00001134                FreeRTOS_UART_open
 .text.UART3_IRQHandler
                0x000011dc      0x158 ./Source/FreeRTOS-Products/FreeRTOS-Plus-IO/Device/LPC17xx/FreeRTOS_lpc17xx_uart.o
                0x000011dc                UART3_IRQHandler
 .text.FreeRTOS_open
                0x00001334       0x84 ./Source/FreeRTOS-Products/FreeRTOS-Plus-IO/Common/FreeRTOS_DriverInterface.o
                0x00001334                FreeRTOS_open
 .text.FreeRTOS_ioctl
                0x000013b8      0x10c ./Source/FreeRTOS-Products/FreeRTOS-Plus-IO/Common/FreeRTOS_DriverInterface.o
                0x000013b8                FreeRTOS_ioctl
 .text.vIOUtilsCreateTransferControlStructure
                0x000014c4       0x64 ./Source/FreeRTOS-Products/FreeRTOS-Plus-IO/Common/FreeRTOS_IOUtils.o
                0x000014c4                vIOUtilsCreateTransferControlStructure
 .text.xIOUtilsSetTxQueueTimeout
                0x00001528        0x8 ./Source/FreeRTOS-Products/FreeRTOS-Plus-IO/Common/IOUtils_CharQueueTxAndRx.o
                0x00001528                xIOUtilsSetTxQueueTimeout
 .text.vIOUtilsSetRxQueueTimeout
                0x00001530        0x8 ./Source/FreeRTOS-Products/FreeRTOS-Plus-IO/Common/IOUtils_CharQueueTxAndRx.o
                0x00001530                vIOUtilsSetRxQueueTimeout
 .text.xIOUtilsConfigureTransferQueue
                0x00001538       0x78 ./Source/FreeRTOS-Products/FreeRTOS-Plus-IO/Common/IOUtils_CharQueueTxAndRx.o
                0x00001538                xIOUtilsConfigureTransferQueue
 .text.xIOUtilsReceiveCharsFromRxQueue
                0x000015b0       0x48 ./Source/FreeRTOS-Products/FreeRTOS-Plus-IO/Common/IOUtils_CharQueueTxAndRx.o
                0x000015b0                xIOUtilsReceiveCharsFromRxQueue
 .text.xIOUtilsWaitTxQueueEmpty
                0x000015f8       0x3c ./Source/FreeRTOS-Products/FreeRTOS-Plus-IO/Common/IOUtils_CharQueueTxAndRx.o
                0x000015f8                xIOUtilsWaitTxQueueEmpty
 .text.xIOUtilsClearRxCharQueue
                0x00001634       0x18 ./Source/FreeRTOS-Products/FreeRTOS-Plus-IO/Common/IOUtils_CharQueueTxAndRx.o
                0x00001634                xIOUtilsClearRxCharQueue
 .text.xIOUtilsConfigureCircularBufferRx
                0x0000164c       0x90 ./Source/FreeRTOS-Products/FreeRTOS-Plus-IO/Common/IOUtils_CircularBufferRx.o
                0x0000164c                xIOUtilsConfigureCircularBufferRx
 .text.vIOUtilsClearRxCircularBuffer
                0x000016dc       0x1c ./Source/FreeRTOS-Products/FreeRTOS-Plus-IO/Common/IOUtils_CircularBufferRx.o
                0x000016dc                vIOUtilsClearRxCircularBuffer
 .text.xIOUtilsReadCharsFromCircularBuffer
                0x000016f8       0x7c ./Source/FreeRTOS-Products/FreeRTOS-Plus-IO/Common/IOUtils_CircularBufferRx.o
                0x000016f8                xIOUtilsReadCharsFromCircularBuffer
 .text.vIOUtilsSetCircularBufferTimeout
                0x00001774        0x8 ./Source/FreeRTOS-Products/FreeRTOS-Plus-IO/Common/IOUtils_CircularBufferRx.o
                0x00001774                vIOUtilsSetCircularBufferTimeout
 .text.xIOUtilsConfigureZeroCopyTx
                0x0000177c       0x60 ./Source/FreeRTOS-Products/FreeRTOS-Plus-IO/Common/IOUtils_ZeroCopyTx.o
                0x0000177c                xIOUtilsConfigureZeroCopyTx
 .text.xIOUtilsGetZeroCopyWriteMutex
                0x000017dc       0x34 ./Source/FreeRTOS-Products/FreeRTOS-Plus-IO/Common/IOUtils_ZeroCopyTx.o
                0x000017dc                xIOUtilsGetZeroCopyWriteMutex
 .text.xIOUtilsReleaseZeroCopyWriteMutex
                0x00001810       0x1c ./Source/FreeRTOS-Products/FreeRTOS-Plus-IO/Common/IOUtils_ZeroCopyTx.o
                0x00001810                xIOUtilsReleaseZeroCopyWriteMutex
 .text.prvGetNumberOfParameters
                0x0000182c       0x34 ./Source/FreeRTOS-Products/FreeRTOS-Plus-CLI/FreeRTOS_CLI.o
 .text.prvHelpCommand
                0x00001860       0x34 ./Source/FreeRTOS-Products/FreeRTOS-Plus-CLI/FreeRTOS_CLI.o
 .text.FreeRTOS_CLIRegisterCommand
                0x00001894       0x40 ./Source/FreeRTOS-Products/FreeRTOS-Plus-CLI/FreeRTOS_CLI.o
                0x00001894                FreeRTOS_CLIRegisterCommand
 .text.FreeRTOS_CLIProcessCommand
                0x000018d4       0xcc ./Source/FreeRTOS-Products/FreeRTOS-Plus-CLI/FreeRTOS_CLI.o
                0x000018d4                FreeRTOS_CLIProcessCommand
 .text.FreeRTOS_CLIGetOutputBuffer
                0x000019a0        0x8 ./Source/FreeRTOS-Products/FreeRTOS-Plus-CLI/FreeRTOS_CLI.o
                0x000019a0                FreeRTOS_CLIGetOutputBuffer
 .text.FreeRTOS_CLIGetParameter
                0x000019a8       0x58 ./Source/FreeRTOS-Products/FreeRTOS-Plus-CLI/FreeRTOS_CLI.o
                0x000019a8                FreeRTOS_CLIGetParameter
 .text.vListInitialise
                0x00001a00       0x18 ./Source/FreeRTOS-Products/FreeRTOS/list.o
                0x00001a00                vListInitialise
 .text.vListInitialiseItem
                0x00001a18        0x8 ./Source/FreeRTOS-Products/FreeRTOS/list.o
                0x00001a18                vListInitialiseItem
 .text.vListInsertEnd
                0x00001a20       0x1c ./Source/FreeRTOS-Products/FreeRTOS/list.o
                0x00001a20                vListInsertEnd
 .text.vListInsert
                0x00001a3c       0x38 ./Source/FreeRTOS-Products/FreeRTOS/list.o
                0x00001a3c                vListInsert
 .text.uxListRemove
                0x00001a74       0x28 ./Source/FreeRTOS-Products/FreeRTOS/list.o
                0x00001a74                uxListRemove
 .text.vQueueUnregisterQueue
                0x00001a9c       0x28 ./Source/FreeRTOS-Products/FreeRTOS/queue.o
 .text.prvIsQueueFull
                0x00001ac4       0x1c ./Source/FreeRTOS-Products/FreeRTOS/queue.o
 .text.prvIsQueueEmpty
                0x00001ae0       0x1c ./Source/FreeRTOS-Products/FreeRTOS/queue.o
 .text.prvCopyDataToQueue
                0x00001afc       0x5c ./Source/FreeRTOS-Products/FreeRTOS/queue.o
 .text.prvCopyDataFromQueue
                0x00001b58       0x24 ./Source/FreeRTOS-Products/FreeRTOS/queue.o
 .text.prvUnlockQueue
                0x00001b7c       0x68 ./Source/FreeRTOS-Products/FreeRTOS/queue.o
 .text.xQueueGenericReset
                0x00001be4       0x64 ./Source/FreeRTOS-Products/FreeRTOS/queue.o
                0x00001be4                xQueueGenericReset
 .text.xQueueGenericCreate
                0x00001c48       0x4c ./Source/FreeRTOS-Products/FreeRTOS/queue.o
                0x00001c48                xQueueGenericCreate
 .text.xQueueGetMutexHolder
                0x00001c94       0x1c ./Source/FreeRTOS-Products/FreeRTOS/queue.o
                0x00001c94                xQueueGetMutexHolder
 .text.xQueueCreateCountingSemaphore
                0x00001cb0       0x20 ./Source/FreeRTOS-Products/FreeRTOS/queue.o
                0x00001cb0                xQueueCreateCountingSemaphore
 .text.xQueueGenericSend
                0x00001cd0       0xf0 ./Source/FreeRTOS-Products/FreeRTOS/queue.o
                0x00001cd0                xQueueGenericSend
 .text.xQueueCreateMutex
                0x00001dc0       0x54 ./Source/FreeRTOS-Products/FreeRTOS/queue.o
                0x00001dc0                xQueueCreateMutex
 .text.xQueueGenericSendFromISR
                0x00001e14       0x88 ./Source/FreeRTOS-Products/FreeRTOS/queue.o
                0x00001e14                xQueueGenericSendFromISR
 .text.xQueueGenericReceive
                0x00001e9c      0x12c ./Source/FreeRTOS-Products/FreeRTOS/queue.o
                0x00001e9c                xQueueGenericReceive
 .text.xQueueReceiveFromISR
                0x00001fc8       0x80 ./Source/FreeRTOS-Products/FreeRTOS/queue.o
                0x00001fc8                xQueueReceiveFromISR
 .text.uxQueueMessagesWaiting
                0x00002048       0x1c ./Source/FreeRTOS-Products/FreeRTOS/queue.o
                0x00002048                uxQueueMessagesWaiting
 .text.vQueueDelete
                0x00002064       0x20 ./Source/FreeRTOS-Products/FreeRTOS/queue.o
                0x00002064                vQueueDelete
 .text.vQueueWaitForMessageRestricted
                0x00002084       0x3c ./Source/FreeRTOS-Products/FreeRTOS/queue.o
                0x00002084                vQueueWaitForMessageRestricted
 .text.usTaskCheckFreeStackSpace
                0x000020c0       0x14 ./Source/FreeRTOS-Products/FreeRTOS/tasks.o
 .text.prvDeleteTCB
                0x000020d4       0x14 ./Source/FreeRTOS-Products/FreeRTOS/tasks.o
 .text.prvAllocateTCBAndStack
                0x000020e8       0x38 ./Source/FreeRTOS-Products/FreeRTOS/tasks.o
 .text.prvInitialiseTCBVariables
                0x00002120       0x3c ./Source/FreeRTOS-Products/FreeRTOS/tasks.o
 .text.prvInitialiseTaskLists
                0x0000215c       0x64 ./Source/FreeRTOS-Products/FreeRTOS/tasks.o
 .text.prvAddCurrentTaskToDelayedList
                0x000021c0       0x54 ./Source/FreeRTOS-Products/FreeRTOS/tasks.o
 .text.prvListTaskWithinSingleList
                0x00002214       0x74 ./Source/FreeRTOS-Products/FreeRTOS/tasks.o
 .text.prvGenerateRunTimeStatsForTasksInList
                0x00002288       0x9c ./Source/FreeRTOS-Products/FreeRTOS/tasks.o
 .text.xTaskGenericCreate
                0x00002324      0x128 ./Source/FreeRTOS-Products/FreeRTOS/tasks.o
                0x00002324                xTaskGenericCreate
 .text.vTaskDelete
                0x0000244c       0x70 ./Source/FreeRTOS-Products/FreeRTOS/tasks.o
                0x0000244c                vTaskDelete
 .text.vTaskStartScheduler
                0x000024bc       0x5c ./Source/FreeRTOS-Products/FreeRTOS/tasks.o
                0x000024bc                vTaskStartScheduler
 .text.vTaskSuspendAll
                0x00002518       0x10 ./Source/FreeRTOS-Products/FreeRTOS/tasks.o
                0x00002518                vTaskSuspendAll
 .text.xTaskGetTickCount
                0x00002528       0x18 ./Source/FreeRTOS-Products/FreeRTOS/tasks.o
                0x00002528                xTaskGetTickCount
 .text.xTaskGetTickCountFromISR
                0x00002540       0x18 ./Source/FreeRTOS-Products/FreeRTOS/tasks.o
                0x00002540                xTaskGetTickCountFromISR
 .text.vTaskIncrementTick
                0x00002558       0xf8 ./Source/FreeRTOS-Products/FreeRTOS/tasks.o
                0x00002558                vTaskIncrementTick
 .text.xTaskResumeAll
                0x00002650       0xe0 ./Source/FreeRTOS-Products/FreeRTOS/tasks.o
                0x00002650                xTaskResumeAll
 .text.vTaskDelay
                0x00002730       0x38 ./Source/FreeRTOS-Products/FreeRTOS/tasks.o
                0x00002730                vTaskDelay
 .text.prvCheckTasksWaitingTermination
                0x00002768       0x50 ./Source/FreeRTOS-Products/FreeRTOS/tasks.o
 .text.prvIdleTask
                0x000027b8        0x8 ./Source/FreeRTOS-Products/FreeRTOS/tasks.o
 .text.vTaskList
                0x000027c0       0xa8 ./Source/FreeRTOS-Products/FreeRTOS/tasks.o
                0x000027c0                vTaskList
 .text.vTaskGetRunTimeStats
                0x00002868       0xb8 ./Source/FreeRTOS-Products/FreeRTOS/tasks.o
                0x00002868                vTaskGetRunTimeStats
 .text.vTaskSwitchContext
                0x00002920       0xc8 ./Source/FreeRTOS-Products/FreeRTOS/tasks.o
                0x00002920                vTaskSwitchContext
 .text.vTaskPlaceOnEventList
                0x000029e8       0x48 ./Source/FreeRTOS-Products/FreeRTOS/tasks.o
                0x000029e8                vTaskPlaceOnEventList
 .text.vTaskPlaceOnEventListRestricted
                0x00002a30       0x34 ./Source/FreeRTOS-Products/FreeRTOS/tasks.o
                0x00002a30                vTaskPlaceOnEventListRestricted
 .text.xTaskRemoveFromEventList
                0x00002a64       0x78 ./Source/FreeRTOS-Products/FreeRTOS/tasks.o
                0x00002a64                xTaskRemoveFromEventList
 .text.vTaskSetTimeOutState
                0x00002adc       0x20 ./Source/FreeRTOS-Products/FreeRTOS/tasks.o
                0x00002adc                vTaskSetTimeOutState
 .text.xTaskCheckForTimeOut
                0x00002afc       0x70 ./Source/FreeRTOS-Products/FreeRTOS/tasks.o
                0x00002afc                xTaskCheckForTimeOut
 .text.vTaskMissedYield
                0x00002b6c        0xc ./Source/FreeRTOS-Products/FreeRTOS/tasks.o
                0x00002b6c                vTaskMissedYield
 .text.xTaskGetCurrentTaskHandle
                0x00002b78        0xc ./Source/FreeRTOS-Products/FreeRTOS/tasks.o
                0x00002b78                xTaskGetCurrentTaskHandle
 .text.xTaskGetSchedulerState
                0x00002b84       0x20 ./Source/FreeRTOS-Products/FreeRTOS/tasks.o
                0x00002b84                xTaskGetSchedulerState
 .text.vTaskPriorityInherit
                0x00002ba4       0x74 ./Source/FreeRTOS-Products/FreeRTOS/tasks.o
                0x00002ba4                vTaskPriorityInherit
 .text.vTaskPriorityDisinherit
                0x00002c18       0x48 ./Source/FreeRTOS-Products/FreeRTOS/tasks.o
                0x00002c18                vTaskPriorityDisinherit
 .text.prvGetNextExpireTime
                0x00002c60       0x20 ./Source/FreeRTOS-Products/FreeRTOS/timers.o
 .text.prvInsertTimerInActiveList
                0x00002c80       0x48 ./Source/FreeRTOS-Products/FreeRTOS/timers.o
 .text.prvCheckForValidListAndQueue
                0x00002cc8       0x4c ./Source/FreeRTOS-Products/FreeRTOS/timers.o
 .text.xTimerCreateTimerTask
                0x00002d14       0x44 ./Source/FreeRTOS-Products/FreeRTOS/timers.o
                0x00002d14                xTimerCreateTimerTask
 .text.xTimerGenericCommand
                0x00002d58       0x54 ./Source/FreeRTOS-Products/FreeRTOS/timers.o
                0x00002d58                xTimerGenericCommand
 .text.prvSwitchTimerLists
                0x00002dac       0x78 ./Source/FreeRTOS-Products/FreeRTOS/timers.o
 .text.prvSampleTimeNow
                0x00002e24       0x2c ./Source/FreeRTOS-Products/FreeRTOS/timers.o
 .text.prvProcessExpiredTimer
                0x00002e50       0x54 ./Source/FreeRTOS-Products/FreeRTOS/timers.o
 .text.prvProcessTimerOrBlockTask
                0x00002ea4       0x50 ./Source/FreeRTOS-Products/FreeRTOS/timers.o
 .text.prvProcessReceivedCommands
                0x00002ef4       0xa4 ./Source/FreeRTOS-Products/FreeRTOS/timers.o
 .text.prvTimerTask
                0x00002f98       0x18 ./Source/FreeRTOS-Products/FreeRTOS/timers.o
 .text.prvDeleteTaskCommand
                0x00002fb0       0x40 ./Source/Examples/UART/CLI-commands.o
 .text.prvCreateTaskCommand
                0x00002ff0       0x78 ./Source/Examples/UART/CLI-commands.o
 .text.prvCreatedTask
                0x00003068       0x34 ./Source/Examples/UART/CLI-commands.o
 .text.prvMultiParameterEchoCommand
                0x0000309c       0x88 ./Source/Examples/UART/CLI-commands.o
 .text.prvThreeParameterEchoCommand
                0x00003124       0x90 ./Source/Examples/UART/CLI-commands.o
 .text.prvRunTimeStatsCommand
                0x000031b4       0x28 ./Source/Examples/UART/CLI-commands.o
 .text.prvTaskStatsCommand
                0x000031dc       0x28 ./Source/Examples/UART/CLI-commands.o
 .text.vRegisterCLICommands
                0x00003204       0x40 ./Source/Examples/UART/CLI-commands.o
                0x00003204                vRegisterCLICommands
 .text.prvUARTCommandConsoleTask
                0x00003244      0x1b4 ./Source/Examples/UART/UART-interrupt-driven-command-console.o
 .text.vUARTCommandConsoleStart
                0x000033f8       0x30 ./Source/Examples/UART/UART-interrupt-driven-command-console.o
                0x000033f8                vUARTCommandConsoleStart
 .text.vOutputString
                0x00003428       0x34 ./Source/Examples/UART/UART-interrupt-driven-command-console.o
                0x00003428                vOutputString
 .text.pop_registers_from_fault_stack
                0x0000345c       0x24 ./Source/cr_startup_lpc176x.o
                0x0000345c                pop_registers_from_fault_stack
 .text.main     0x00003480       0x2c ./Source/main.o
                0x00003480                main
 .text.vMainConfigureTimerForRunTimeStats
                0x000034ac       0x20 ./Source/main.o
                0x000034ac                vMainConfigureTimerForRunTimeStats
 .text.ulMainGetRunTimeCounterValue
                0x000034cc       0x54 ./Source/main.o
                0x000034cc                ulMainGetRunTimeCounterValue
 .text.vApplicationStackOverflowHook
                0x00003520        0x8 ./Source/main.o
                0x00003520                vApplicationStackOverflowHook
 .text.vApplicationMallocFailedHook
                0x00003528        0x8 ./Source/main.o
                0x00003528                vApplicationMallocFailedHook
 .text.printchar
                0x00003530       0x10 ./Source/printf-stdarg.o
 .text.prints   0x00003540       0x84 ./Source/printf-stdarg.o
 .text.printi   0x000035c4       0xa8 ./Source/printf-stdarg.o
 .text.print    0x0000366c      0x150 ./Source/printf-stdarg.o
 .text.sprintf  0x000037bc       0x20 ./Source/printf-stdarg.o
                0x000037bc                sprintf
 .text.NVIC_EnableIRQ
                0x000037dc       0x30 Z:\LPCXpresso\FreeRTOS+IO WS\lpc17xx.cmsis.driver.library\Debug\liblpc17xx.cmsis.driver.library.a(lpc17xx_i2c.o)
 .text.NVIC_DisableIRQ
                0x0000380c       0x34 Z:\LPCXpresso\FreeRTOS+IO WS\lpc17xx.cmsis.driver.library\Debug\liblpc17xx.cmsis.driver.library.a(lpc17xx_i2c.o)
 .text.I2C_getNum
                0x00003840       0x48 Z:\LPCXpresso\FreeRTOS+IO WS\lpc17xx.cmsis.driver.library\Debug\liblpc17xx.cmsis.driver.library.a(lpc17xx_i2c.o)
 .text.I2C_Start
                0x00003888       0x3c Z:\LPCXpresso\FreeRTOS+IO WS\lpc17xx.cmsis.driver.library\Debug\liblpc17xx.cmsis.driver.library.a(lpc17xx_i2c.o)
                0x00003888                I2C_Start
 .text.I2C_Stop
                0x000038c4       0x30 Z:\LPCXpresso\FreeRTOS+IO WS\lpc17xx.cmsis.driver.library\Debug\liblpc17xx.cmsis.driver.library.a(lpc17xx_i2c.o)
                0x000038c4                I2C_Stop
 .text.I2C_SendByte
                0x000038f4       0x4c Z:\LPCXpresso\FreeRTOS+IO WS\lpc17xx.cmsis.driver.library\Debug\liblpc17xx.cmsis.driver.library.a(lpc17xx_i2c.o)
 .text.I2C_GetByte
                0x00003940       0x54 Z:\LPCXpresso\FreeRTOS+IO WS\lpc17xx.cmsis.driver.library\Debug\liblpc17xx.cmsis.driver.library.a(lpc17xx_i2c.o)
 .text.I2C_SetClock
                0x00003994       0xa0 Z:\LPCXpresso\FreeRTOS+IO WS\lpc17xx.cmsis.driver.library\Debug\liblpc17xx.cmsis.driver.library.a(lpc17xx_i2c.o)
                0x00003994                I2C_SetClock
 .text.I2C_Init
                0x00003a34       0xa4 Z:\LPCXpresso\FreeRTOS+IO WS\lpc17xx.cmsis.driver.library\Debug\liblpc17xx.cmsis.driver.library.a(lpc17xx_i2c.o)
                0x00003a34                I2C_Init
 .text.I2C_Cmd  0x00003ad8       0x70 Z:\LPCXpresso\FreeRTOS+IO WS\lpc17xx.cmsis.driver.library\Debug\liblpc17xx.cmsis.driver.library.a(lpc17xx_i2c.o)
                0x00003ad8                I2C_Cmd
 .text.I2C_IntCmd
                0x00003b48       0x84 Z:\LPCXpresso\FreeRTOS+IO WS\lpc17xx.cmsis.driver.library\Debug\liblpc17xx.cmsis.driver.library.a(lpc17xx_i2c.o)
                0x00003b48                I2C_IntCmd
 .text.I2C_MasterTransferData
                0x00003bcc      0x2d8 Z:\LPCXpresso\FreeRTOS+IO WS\lpc17xx.cmsis.driver.library\Debug\liblpc17xx.cmsis.driver.library.a(lpc17xx_i2c.o)
                0x00003bcc                I2C_MasterTransferData
 .text.check_failed
                0x00003ea4        0xc Z:\LPCXpresso\FreeRTOS+IO WS\lpc17xx.cmsis.driver.library\Debug\liblpc17xx.cmsis.driver.library.a(lpc17xx_libcfg_default.o)
                0x00003ea4                check_failed
 .text.set_PinFunc
                0x00003eb0       0x84 Z:\LPCXpresso\FreeRTOS+IO WS\lpc17xx.cmsis.driver.library\Debug\liblpc17xx.cmsis.driver.library.a(lpc17xx_pinsel.o)
 .text.set_ResistorMode
                0x00003f34       0x84 Z:\LPCXpresso\FreeRTOS+IO WS\lpc17xx.cmsis.driver.library\Debug\liblpc17xx.cmsis.driver.library.a(lpc17xx_pinsel.o)
 .text.set_OpenDrainMode
                0x00003fb8       0x6c Z:\LPCXpresso\FreeRTOS+IO WS\lpc17xx.cmsis.driver.library\Debug\liblpc17xx.cmsis.driver.library.a(lpc17xx_pinsel.o)
 .text.PINSEL_ConfigPin
                0x00004024       0x50 Z:\LPCXpresso\FreeRTOS+IO WS\lpc17xx.cmsis.driver.library\Debug\liblpc17xx.cmsis.driver.library.a(lpc17xx_pinsel.o)
                0x00004024                PINSEL_ConfigPin
 .text.setSSPclock
                0x00004074       0xc4 Z:\LPCXpresso\FreeRTOS+IO WS\lpc17xx.cmsis.driver.library\Debug\liblpc17xx.cmsis.driver.library.a(lpc17xx_ssp.o)
 .text.SSP_Init
                0x00004138       0x9c Z:\LPCXpresso\FreeRTOS+IO WS\lpc17xx.cmsis.driver.library\Debug\liblpc17xx.cmsis.driver.library.a(lpc17xx_ssp.o)
                0x00004138                SSP_Init
 .text.SSP_DeInit
                0x000041d4       0x58 Z:\LPCXpresso\FreeRTOS+IO WS\lpc17xx.cmsis.driver.library\Debug\liblpc17xx.cmsis.driver.library.a(lpc17xx_ssp.o)
                0x000041d4                SSP_DeInit
 .text.SSP_GetDataSize
                0x0000422c       0x40 Z:\LPCXpresso\FreeRTOS+IO WS\lpc17xx.cmsis.driver.library\Debug\liblpc17xx.cmsis.driver.library.a(lpc17xx_ssp.o)
                0x0000422c                SSP_GetDataSize
 .text.SSP_ConfigStructInit
                0x0000426c       0x3c Z:\LPCXpresso\FreeRTOS+IO WS\lpc17xx.cmsis.driver.library\Debug\liblpc17xx.cmsis.driver.library.a(lpc17xx_ssp.o)
                0x0000426c                SSP_ConfigStructInit
 .text.SSP_Cmd  0x000042a8       0x6c Z:\LPCXpresso\FreeRTOS+IO WS\lpc17xx.cmsis.driver.library\Debug\liblpc17xx.cmsis.driver.library.a(lpc17xx_ssp.o)
                0x000042a8                SSP_Cmd
 .text.SSP_SendData
                0x00004314       0x40 Z:\LPCXpresso\FreeRTOS+IO WS\lpc17xx.cmsis.driver.library\Debug\liblpc17xx.cmsis.driver.library.a(lpc17xx_ssp.o)
                0x00004314                SSP_SendData
 .text.SSP_ReceiveData
                0x00004354       0x3c Z:\LPCXpresso\FreeRTOS+IO WS\lpc17xx.cmsis.driver.library\Debug\liblpc17xx.cmsis.driver.library.a(lpc17xx_ssp.o)
                0x00004354                SSP_ReceiveData
 .text.SSP_ReadWrite
                0x00004390      0x350 Z:\LPCXpresso\FreeRTOS+IO WS\lpc17xx.cmsis.driver.library\Debug\liblpc17xx.cmsis.driver.library.a(lpc17xx_ssp.o)
                0x00004390                SSP_ReadWrite
 .text.SSP_IntConfig
                0x000046e0       0x60 Z:\LPCXpresso\FreeRTOS+IO WS\lpc17xx.cmsis.driver.library\Debug\liblpc17xx.cmsis.driver.library.a(lpc17xx_ssp.o)
                0x000046e0                SSP_IntConfig
 .text.uart_set_divisors
                0x00004740      0x214 Z:\LPCXpresso\FreeRTOS+IO WS\lpc17xx.cmsis.driver.library\Debug\liblpc17xx.cmsis.driver.library.a(lpc17xx_uart.o)
 .text.UART_Init
                0x00004954      0x2e4 Z:\LPCXpresso\FreeRTOS+IO WS\lpc17xx.cmsis.driver.library\Debug\liblpc17xx.cmsis.driver.library.a(lpc17xx_uart.o)
                0x00004954                UART_Init
 .text.UART_SendByte
                0x00004c38       0x68 Z:\LPCXpresso\FreeRTOS+IO WS\lpc17xx.cmsis.driver.library\Debug\liblpc17xx.cmsis.driver.library.a(lpc17xx_uart.o)
                0x00004c38                UART_SendByte
 .text.UART_ReceiveByte
                0x00004ca0       0x64 Z:\LPCXpresso\FreeRTOS+IO WS\lpc17xx.cmsis.driver.library\Debug\liblpc17xx.cmsis.driver.library.a(lpc17xx_uart.o)
                0x00004ca0                UART_ReceiveByte
 .text.UART_Send
                0x00004d04       0xe8 Z:\LPCXpresso\FreeRTOS+IO WS\lpc17xx.cmsis.driver.library\Debug\liblpc17xx.cmsis.driver.library.a(lpc17xx_uart.o)
                0x00004d04                UART_Send
 .text.UART_Receive
                0x00004dec       0xb8 Z:\LPCXpresso\FreeRTOS+IO WS\lpc17xx.cmsis.driver.library\Debug\liblpc17xx.cmsis.driver.library.a(lpc17xx_uart.o)
                0x00004dec                UART_Receive
 .text.UART_IntConfig
                0x00004ea4      0x184 Z:\LPCXpresso\FreeRTOS+IO WS\lpc17xx.cmsis.driver.library\Debug\liblpc17xx.cmsis.driver.library.a(lpc17xx_uart.o)
                0x00004ea4                UART_IntConfig
 .text.UART_GetIntId
                0x00005028       0x58 Z:\LPCXpresso\FreeRTOS+IO WS\lpc17xx.cmsis.driver.library\Debug\liblpc17xx.cmsis.driver.library.a(lpc17xx_uart.o)
                0x00005028                UART_GetIntId
 .text.UART_CheckBusy
                0x00005080       0x28 Z:\LPCXpresso\FreeRTOS+IO WS\lpc17xx.cmsis.driver.library\Debug\liblpc17xx.cmsis.driver.library.a(lpc17xx_uart.o)
                0x00005080                UART_CheckBusy
 .text.UART_FIFOConfig
                0x000050a8      0x158 Z:\LPCXpresso\FreeRTOS+IO WS\lpc17xx.cmsis.driver.library\Debug\liblpc17xx.cmsis.driver.library.a(lpc17xx_uart.o)
                0x000050a8                UART_FIFOConfig
 .text.UART_TxCmd
                0x00005200       0xc8 Z:\LPCXpresso\FreeRTOS+IO WS\lpc17xx.cmsis.driver.library\Debug\liblpc17xx.cmsis.driver.library.a(lpc17xx_uart.o)
                0x00005200                UART_TxCmd
 .text.CLKPWR_SetPCLKDiv
                0x000052c8       0x8c Z:\LPCXpresso\FreeRTOS+IO WS\lpc17xx.cmsis.driver.library\Debug\liblpc17xx.cmsis.driver.library.a(lpc17xx_clkpwr.o)
                0x000052c8                CLKPWR_SetPCLKDiv
 .text.CLKPWR_GetPCLKSEL
                0x00005354       0x4c Z:\LPCXpresso\FreeRTOS+IO WS\lpc17xx.cmsis.driver.library\Debug\liblpc17xx.cmsis.driver.library.a(lpc17xx_clkpwr.o)
                0x00005354                CLKPWR_GetPCLKSEL
 .text.CLKPWR_GetPCLK
                0x000053a0       0x64 Z:\LPCXpresso\FreeRTOS+IO WS\lpc17xx.cmsis.driver.library\Debug\liblpc17xx.cmsis.driver.library.a(lpc17xx_clkpwr.o)
                0x000053a0                CLKPWR_GetPCLK
 .text.CLKPWR_ConfigPPWR
                0x00005404       0x58 Z:\LPCXpresso\FreeRTOS+IO WS\lpc17xx.cmsis.driver.library\Debug\liblpc17xx.cmsis.driver.library.a(lpc17xx_clkpwr.o)
                0x00005404                CLKPWR_ConfigPPWR
 .text.SystemInit
                0x0000545c       0xe0 Z:\LPCXpresso\FreeRTOS+IO WS\CMSISv2p00_LPC17xx\Debug\libCMSISv2p00_LPC17xx.a(system_LPC17xx.o)
                0x0000545c                SystemInit
 .text.__main   0x0000553c       0x14 c:/nxp/lpcxpresso_7.4.0_229/lpcxpresso/tools/bin/../lib/gcc/arm-none-eabi/4.8.4/../../../../arm-none-eabi/lib/armv7-m\libcr_nohost.a(_cr__main.o)
                0x0000553c                __main
 .text.memcpy   0x00005550        0x4 c:/nxp/lpcxpresso_7.4.0_229/lpcxpresso/tools/bin/../lib/gcc/arm-none-eabi/4.8.4/../../../../arm-none-eabi/lib/armv7-m\libcr_c.a(memcpy.o)
                0x00005550                memcpy
 .text.memset   0x00005554        0x4 c:/nxp/lpcxpresso_7.4.0_229/lpcxpresso/tools/bin/../lib/gcc/arm-none-eabi/4.8.4/../../../../arm-none-eabi/lib/armv7-m\libcr_c.a(memset.o)
                0x00005554                memset
 .text._initio  0x00005558       0xa4 c:/nxp/lpcxpresso_7.4.0_229/lpcxpresso/tools/bin/../lib/gcc/arm-none-eabi/4.8.4/../../../../arm-none-eabi/lib/armv7-m\libcr_c.a(initio.o)
                0x00005558                _initio
 .text.memcmp   0x000055fc       0x44 c:/nxp/lpcxpresso_7.4.0_229/lpcxpresso/tools/bin/../lib/gcc/arm-none-eabi/4.8.4/../../../../arm-none-eabi/lib/armv7-m\libcr_c.a(memcmp.o)
                0x000055fc                memcmp
 .text.ch_val   0x00005640       0x30 c:/nxp/lpcxpresso_7.4.0_229/lpcxpresso/tools/bin/../lib/gcc/arm-none-eabi/4.8.4/../../../../arm-none-eabi/lib/armv7-m\libcr_c.a(scanf.o)
 .text._strtoul
                0x00005670       0xc0 c:/nxp/lpcxpresso_7.4.0_229/lpcxpresso/tools/bin/../lib/gcc/arm-none-eabi/4.8.4/../../../../arm-none-eabi/lib/armv7-m\libcr_c.a(scanf.o)
 .text.strtol   0x00005730       0x80 c:/nxp/lpcxpresso_7.4.0_229/lpcxpresso/tools/bin/../lib/gcc/arm-none-eabi/4.8.4/../../../../arm-none-eabi/lib/armv7-m\libcr_c.a(scanf.o)
                0x00005730                strtol
 .text.atol     0x000057b0       0x18 c:/nxp/lpcxpresso_7.4.0_229/lpcxpresso/tools/bin/../lib/gcc/arm-none-eabi/4.8.4/../../../../arm-none-eabi/lib/armv7-m\libcr_c.a(scanf.o)
                0x000057b0                atol
 .text.setvbuf  0x000057c8       0x40 c:/nxp/lpcxpresso_7.4.0_229/lpcxpresso/tools/bin/../lib/gcc/arm-none-eabi/4.8.4/../../../../arm-none-eabi/lib/armv7-m\libcr_c.a(setvbuf.o)
                0x000057c8                setvbuf
 .text.strcat   0x00005808       0x1a c:/nxp/lpcxpresso_7.4.0_229/lpcxpresso/tools/bin/../lib/gcc/arm-none-eabi/4.8.4/../../../../arm-none-eabi/lib/armv7-m\libcr_c.a(strcat.o)
                0x00005808                strcat
 .text.strcmp   0x00005822       0x44 c:/nxp/lpcxpresso_7.4.0_229/lpcxpresso/tools/bin/../lib/gcc/arm-none-eabi/4.8.4/../../../../arm-none-eabi/lib/armv7-m\libcr_c.a(strcmp.o)
                0x00005822                strcmp
 .text.strcpy   0x00005866       0x40 c:/nxp/lpcxpresso_7.4.0_229/lpcxpresso/tools/bin/../lib/gcc/arm-none-eabi/4.8.4/../../../../arm-none-eabi/lib/armv7-m\libcr_c.a(strcpy.o)
                0x00005866                strcpy
 .text.strlen   0x000058a6       0x4a c:/nxp/lpcxpresso_7.4.0_229/lpcxpresso/tools/bin/../lib/gcc/arm-none-eabi/4.8.4/../../../../arm-none-eabi/lib/armv7-m\libcr_c.a(strlen.o)
                0x000058a6                strlen
 .text.strncat  0x000058f0       0x28 c:/nxp/lpcxpresso_7.4.0_229/lpcxpresso/tools/bin/../lib/gcc/arm-none-eabi/4.8.4/../../../../arm-none-eabi/lib/armv7-m\libcr_c.a(strncat.o)
                0x000058f0                strncat
 .text.strncmp  0x00005918       0x54 c:/nxp/lpcxpresso_7.4.0_229/lpcxpresso/tools/bin/../lib/gcc/arm-none-eabi/4.8.4/../../../../arm-none-eabi/lib/armv7-m\libcr_c.a(strncmp.o)
                0x00005918                strncmp
 .text.strncpy  0x0000596c       0x58 c:/nxp/lpcxpresso_7.4.0_229/lpcxpresso/tools/bin/../lib/gcc/arm-none-eabi/4.8.4/../../../../arm-none-eabi/lib/armv7-m\libcr_c.a(strncpy.o)
                0x0000596c                strncpy
 .text._deferredlazyseek
                0x000059c4       0x44 c:/nxp/lpcxpresso_7.4.0_229/lpcxpresso/tools/bin/../lib/gcc/arm-none-eabi/4.8.4/../../../../arm-none-eabi/lib/armv7-m\libcr_c.a(_deferredlazyseek.o)
                0x000059c4                _deferredlazyseek
 .text._fdopen  0x00005a08       0x6a c:/nxp/lpcxpresso_7.4.0_229/lpcxpresso/tools/bin/../lib/gcc/arm-none-eabi/4.8.4/../../../../arm-none-eabi/lib/armv7-m\libcr_c.a(_fdopen.o)
                0x00005a08                _fdopen
 .text._fflush  0x00005a72       0x58 c:/nxp/lpcxpresso_7.4.0_229/lpcxpresso/tools/bin/../lib/gcc/arm-none-eabi/4.8.4/../../../../arm-none-eabi/lib/armv7-m\libcr_c.a(_fflush.o)
                0x00005a72                _fflush
 *fill*         0x00005aca        0x2 
 .text._Cwritebuf
                0x00005acc       0x70 c:/nxp/lpcxpresso_7.4.0_229/lpcxpresso/tools/bin/../lib/gcc/arm-none-eabi/4.8.4/../../../../arm-none-eabi/lib/armv7-m\libcr_c.a(_writebuf.o)
                0x00005acc                _Cwritebuf
 .text.malloc   0x00005b3c       0xc4 c:/nxp/lpcxpresso_7.4.0_229/lpcxpresso/tools/bin/../lib/gcc/arm-none-eabi/4.8.4/../../../../arm-none-eabi/lib/armv7-m\libcr_c.a(alloc.o)
                0x00005b3c                malloc
 .text.free     0x00005c00        0xc c:/nxp/lpcxpresso_7.4.0_229/lpcxpresso/tools/bin/../lib/gcc/arm-none-eabi/4.8.4/../../../../arm-none-eabi/lib/armv7-m\libcr_c.a(alloc.o)
                0x00005c00                free
 .text._Csys_alloc
                0x00005c0c       0x20 c:/nxp/lpcxpresso_7.4.0_229/lpcxpresso/tools/bin/../lib/gcc/arm-none-eabi/4.8.4/../../../../arm-none-eabi/lib/armv7-m\libcr_c.a(alloc.o)
                0x00005c0c                _Csys_alloc
 .text.fclose   0x00005c2c       0x6c c:/nxp/lpcxpresso_7.4.0_229/lpcxpresso/tools/bin/../lib/gcc/arm-none-eabi/4.8.4/../../../../arm-none-eabi/lib/armv7-m\libcr_c.a(fclose.o)
                0x00005c2c                fclose
 .text.fflush   0x00005c98       0x30 c:/nxp/lpcxpresso_7.4.0_229/lpcxpresso/tools/bin/../lib/gcc/arm-none-eabi/4.8.4/../../../../arm-none-eabi/lib/armv7-m\libcr_c.a(fflush.o)
                0x00005c98                fflush
 .text.fseek    0x00005cc8      0x10c c:/nxp/lpcxpresso_7.4.0_229/lpcxpresso/tools/bin/../lib/gcc/arm-none-eabi/4.8.4/../../../../arm-none-eabi/lib/armv7-m\libcr_c.a(fseek.o)
                0x00005cc8                fseek
 .text.ftell    0x00005dd4       0x4c c:/nxp/lpcxpresso_7.4.0_229/lpcxpresso/tools/bin/../lib/gcc/arm-none-eabi/4.8.4/../../../../arm-none-eabi/lib/armv7-m\libcr_c.a(ftell.o)
                0x00005dd4                ftell
 .text.remove   0x00005e20       0x14 c:/nxp/lpcxpresso_7.4.0_229/lpcxpresso/tools/bin/../lib/gcc/arm-none-eabi/4.8.4/../../../../arm-none-eabi/lib/armv7-m\libcr_c.a(remove.o)
                0x00005e20                remove
 .text._sbrk    0x00005e34       0x40 c:/nxp/lpcxpresso_7.4.0_229/lpcxpresso/tools/bin/../lib/gcc/arm-none-eabi/4.8.4/../../../../arm-none-eabi/lib/armv7-m\libcr_c.a(_cr_sbrk.o)
                0x00005e34                _sbrk
 .text._do_fflush
                0x00005e74       0x44 c:/nxp/lpcxpresso_7.4.0_229/lpcxpresso/tools/bin/../lib/gcc/arm-none-eabi/4.8.4/../../../../arm-none-eabi/lib/armv7-m\libcr_c.a(_do_fflush.o)
                0x00005e74                _do_fflush
 .text.__check_heap_overflow
                0x00005eb8       0x18 c:/nxp/lpcxpresso_7.4.0_229/lpcxpresso/tools/bin/../lib/gcc/arm-none-eabi/4.8.4/../../../../arm-none-eabi/lib/armv7-m\libcr_c.a(_cr_check_heap.o)
                0x00005eb8                __check_heap_overflow
 .text.__aeabi_memcpy
                0x00005ed0       0x3a c:/nxp/lpcxpresso_7.4.0_229/lpcxpresso/tools/bin/../lib/gcc/arm-none-eabi/4.8.4/armv7-m\libcr_eabihelpers.a(memcpy.o)
                0x00005ed0                __aeabi_memcpy
                0x00005edc                __aeabi_memcpy8
                0x00005edc                __aeabi_memcpy4
 .text.__aeabi_memset_lowlevel
                0x00005f0a       0x38 c:/nxp/lpcxpresso_7.4.0_229/lpcxpresso/tools/bin/../lib/gcc/arm-none-eabi/4.8.4/armv7-m\libcr_eabihelpers.a(memcpy.o)
                0x00005f0a                __aeabi_lowlevel_memset
 .text.__sys_appexit
                0x00005f42        0x2 c:/nxp/lpcxpresso_7.4.0_229/lpcxpresso/tools/bin/../lib/gcc/arm-none-eabi/4.8.4/../../../../arm-none-eabi/lib/armv7-m\libcr_nohost.a(__sys_appexit.o)
                0x00005f42                __sys_appexit
                0x00005f42                __exit
 .text.__sys_close
                0x00005f44        0x6 c:/nxp/lpcxpresso_7.4.0_229/lpcxpresso/tools/bin/../lib/gcc/arm-none-eabi/4.8.4/../../../../arm-none-eabi/lib/armv7-m\libcr_nohost.a(__sys_close.o)
                0x00005f44                __sys_close
 .text.__sys_flen
                0x00005f4a        0x6 c:/nxp/lpcxpresso_7.4.0_229/lpcxpresso/tools/bin/../lib/gcc/arm-none-eabi/4.8.4/../../../../arm-none-eabi/lib/armv7-m\libcr_nohost.a(__sys_flen.o)
                0x00005f4a                __sys_flen
 .text.__sys_istty
                0x00005f50        0x6 c:/nxp/lpcxpresso_7.4.0_229/lpcxpresso/tools/bin/../lib/gcc/arm-none-eabi/4.8.4/../../../../arm-none-eabi/lib/armv7-m\libcr_nohost.a(__sys_istty.o)
                0x00005f50                __sys_istty
 .text.__sys_remove
                0x00005f56        0x6 c:/nxp/lpcxpresso_7.4.0_229/lpcxpresso/tools/bin/../lib/gcc/arm-none-eabi/4.8.4/../../../../arm-none-eabi/lib/armv7-m\libcr_nohost.a(__sys_remove.o)
                0x00005f56                __sys_remove
 .text.__sys_seek
                0x00005f5c        0x6 c:/nxp/lpcxpresso_7.4.0_229/lpcxpresso/tools/bin/../lib/gcc/arm-none-eabi/4.8.4/../../../../arm-none-eabi/lib/armv7-m\libcr_nohost.a(__sys_seek.o)
                0x00005f5c                __sys_seek
 .text.__sys_tmpnam
                0x00005f62        0x6 c:/nxp/lpcxpresso_7.4.0_229/lpcxpresso/tools/bin/../lib/gcc/arm-none-eabi/4.8.4/../../../../arm-none-eabi/lib/armv7-m\libcr_nohost.a(__sys_tmpnam.o)
                0x00005f62                __sys_tmpnam
 .text.__sys_write
                0x00005f68        0x4 c:/nxp/lpcxpresso_7.4.0_229/lpcxpresso/tools/bin/../lib/gcc/arm-none-eabi/4.8.4/../../../../arm-none-eabi/lib/armv7-m\libcr_nohost.a(__sys_write.o)
                0x00005f68                __sys_write
                0x00005f68                __write
 *(.rodata .rodata.* .constdata .constdata.*)
 .rodata.xIRQ   0x00005f6c        0x4 ./Source/FreeRTOS-Products/FreeRTOS-Plus-IO/Device/LPC17xx/FreeRTOS_lpc17xx_i2c.o
 .rodata.xIRQ   0x00005f70        0x4 ./Source/FreeRTOS-Products/FreeRTOS-Plus-IO/Device/LPC17xx/FreeRTOS_lpc17xx_ssp.o
 .rodata.xIRQ   0x00005f74        0x4 ./Source/FreeRTOS-Products/FreeRTOS-Plus-IO/Device/LPC17xx/FreeRTOS_lpc17xx_uart.o
 .rodata.str1.4
                0x00005f78       0x17 ./Source/FreeRTOS-Products/FreeRTOS-Plus-IO/Common/FreeRTOS_DriverInterface.o
                                 0x18 (size before relaxing)
 *fill*         0x00005f8f        0x1 
 .rodata.xAvailablePeripherals
                0x00005f90       0x24 ./Source/FreeRTOS-Products/FreeRTOS-Plus-IO/Common/FreeRTOS_DriverInterface.o
 .rodata.xHelpCommand
                0x00005fb4       0x10 ./Source/FreeRTOS-Products/FreeRTOS-Plus-CLI/FreeRTOS_CLI.o
 .rodata.str1.4
                0x00005fc4       0xe0 ./Source/FreeRTOS-Products/FreeRTOS-Plus-CLI/FreeRTOS_CLI.o
 .rodata.str1.4
                0x000060a4       0x49 ./Source/FreeRTOS-Products/FreeRTOS/tasks.o
                                 0x50 (size before relaxing)
 *fill*         0x000060ed        0x3 
 .rodata.ucExpectedStackBytes.4562
                0x000060f0       0x14 ./Source/FreeRTOS-Products/FreeRTOS/tasks.o
 .rodata.str1.4
                0x00006104        0x8 ./Source/FreeRTOS-Products/FreeRTOS/timers.o
 .rodata.prvTaskStatsCommandDefinition
                0x0000610c       0x10 ./Source/Examples/UART/CLI-commands.o
 .rodata.prvMultiParameterEchoCommandDefinition
                0x0000611c       0x10 ./Source/Examples/UART/CLI-commands.o
 .rodata.prvThreeParameterEchoCommandDefinition
                0x0000612c       0x10 ./Source/Examples/UART/CLI-commands.o
 .rodata.prvDeleteTaskCommandDefinition
                0x0000613c       0x10 ./Source/Examples/UART/CLI-commands.o
 .rodata.str1.4
                0x0000614c      0x460 ./Source/Examples/UART/CLI-commands.o
                                0x464 (size before relaxing)
 .rodata.prvCreateTaskCommandDefinition
                0x000065ac       0x10 ./Source/Examples/UART/CLI-commands.o
 .rodata.prvRunTimeStatsCommandDefinition
                0x000065bc       0x10 ./Source/Examples/UART/CLI-commands.o
 .rodata.str1.4
                0x000065cc       0x94 ./Source/Examples/UART/UART-interrupt-driven-command-console.o
                                 0xa0 (size before relaxing)
 .rodata.str1.4
                0x00006660        0x8 ./Source/printf-stdarg.o
 .rodata        0x00006668       0x18 Z:\LPCXpresso\FreeRTOS+IO WS\lpc17xx.cmsis.driver.library\Debug\liblpc17xx.cmsis.driver.library.a(lpc17xx_i2c.o)
 .rodata        0x00006680       0x18 Z:\LPCXpresso\FreeRTOS+IO WS\lpc17xx.cmsis.driver.library\Debug\liblpc17xx.cmsis.driver.library.a(lpc17xx_ssp.o)
 .rodata        0x00006698       0x1c Z:\LPCXpresso\FreeRTOS+IO WS\lpc17xx.cmsis.driver.library\Debug\liblpc17xx.cmsis.driver.library.a(lpc17xx_uart.o)
 .rodata.str1.1
                0x000066b4        0x4 c:/nxp/lpcxpresso_7.4.0_229/lpcxpresso/tools/bin/../lib/gcc/arm-none-eabi/4.8.4/../../../../arm-none-eabi/lib/armv7-m\libcr_c.a(initio.o)
 .rodata.str1.1
                0x000066b8       0x18 c:/nxp/lpcxpresso_7.4.0_229/lpcxpresso/tools/bin/../lib/gcc/arm-none-eabi/4.8.4/../../../../arm-none-eabi/lib/armv7-m\libcr_c.a(alloc.o)
 .rodata.__ctype
                0x000066d0      0x180 c:/nxp/lpcxpresso_7.4.0_229/lpcxpresso/tools/bin/../lib/gcc/arm-none-eabi/4.8.4/../../../../arm-none-eabi/lib/armv7-m\libcr_c.a(ctype.o)
                0x000066d0                __ctype
                0x00006850                . = ALIGN (0x4)

.glue_7         0x00006850        0x0
 .glue_7        0x00000000        0x0 linker stubs

.glue_7t        0x00006850        0x0
 .glue_7t       0x00000000        0x0 linker stubs

.vfp11_veneer   0x00006850        0x0
 .vfp11_veneer  0x00000000        0x0 linker stubs

.v4_bx          0x00006850        0x0
 .v4_bx         0x00000000        0x0 linker stubs

.iplt           0x00006850        0x0
 .iplt          0x00000000        0x0 ./Source/FreeRTOS-Products/FreeRTOS/portable/MemMang/heap_2.o

.rel.dyn        0x00006850        0x0
 .rel.iplt      0x00000000        0x0 ./Source/FreeRTOS-Products/FreeRTOS/portable/MemMang/heap_2.o

.ARM.extab
 *(.ARM.extab* .gnu.linkonce.armextab.*)
                0x00006850                __exidx_start = .

.ARM.exidx
 *(.ARM.exidx* .gnu.linkonce.armexidx.*)
                0x00006850                __exidx_end = .
                0x00006850                _etext = .

.data_RAM2      0x2007c000        0x0 load address 0x00006850
 FILL mask 0xff
 *(.ramfunc.$RAM2)
 *(.ramfunc.$RamAHB32)
 *(.data.$RAM2*)
 *(.data.$RamAHB32*)
                0x2007c000                . = ALIGN (0x4)

.uninit_RESERVED
                0x10000000        0x0
 *(.bss.$RESERVED*)
                0x10000000                . = ALIGN (0x4)
                0x10000000                _end_uninit_RESERVED = .

.data           0x10000000       0x1c load address 0x00006850
 FILL mask 0xff
                0x10000000                _data = .
 *(vtable)
 *(.ramfunc*)
 *(.data*)
 .data.xFreeBytesRemaining
                0x10000000        0x4 ./Source/FreeRTOS-Products/FreeRTOS/portable/MemMang/heap_2.o
 .data.uxCriticalNesting
                0x10000004        0x4 ./Source/FreeRTOS-Products/FreeRTOS/portable/GCC/ARM_CM3/port.o
 .data.pxLastCommandInList.4093
                0x10000008        0x4 ./Source/FreeRTOS-Products/FreeRTOS-Plus-CLI/FreeRTOS_CLI.o
 .data.xRegisteredCommands
                0x1000000c        0x8 ./Source/FreeRTOS-Products/FreeRTOS-Plus-CLI/FreeRTOS_CLI.o
 .data.xNextTaskUnblockTime
                0x10000014        0x4 ./Source/FreeRTOS-Products/FreeRTOS/tasks.o
 .data.SystemCoreClock
                0x10000018        0x4 Z:\LPCXpresso\FreeRTOS+IO WS\CMSISv2p00_LPC17xx\Debug\libCMSISv2p00_LPC17xx.a(system_LPC17xx.o)
                0x10000018                SystemCoreClock
                0x1000001c                . = ALIGN (0x4)
                0x1000001c                _edata = .

.igot.plt       0x1000001c        0x0 load address 0x0000686c
 .igot.plt      0x00000000        0x0 ./Source/FreeRTOS-Products/FreeRTOS/portable/MemMang/heap_2.o

.bss_RAM2       0x2007c000        0x0
 *(.bss.$RAM2*)
 *(.bss.$RamAHB32*)
                0x2007c000                . = ALIGN (0x4)

.bss            0x10000020     0x44e8
                0x10000020                _bss = .
 *(.bss*)
 .bss.xHeap     0x10000020     0x3c00 ./Source/FreeRTOS-Products/FreeRTOS/portable/MemMang/heap_2.o
 .bss.xStart    0x10003c20        0x8 ./Source/FreeRTOS-Products/FreeRTOS/portable/MemMang/heap_2.o
 .bss.xHeapHasBeenInitialised.4108
                0x10003c28        0x4 ./Source/FreeRTOS-Products/FreeRTOS/portable/MemMang/heap_2.o
 .bss.xEnd      0x10003c2c        0x8 ./Source/FreeRTOS-Products/FreeRTOS/portable/MemMang/heap_2.o
 .bss.xBytesOutstanding
                0x10003c34        0xc ./Source/FreeRTOS-Products/FreeRTOS-Plus-IO/Device/LPC17xx/FreeRTOS_lpc17xx_i2c.o
 .bss.ucSlaveAddresses
                0x10003c40        0x4 ./Source/FreeRTOS-Products/FreeRTOS-Plus-IO/Device/LPC17xx/FreeRTOS_lpc17xx_i2c.o
 .bss.xDataDirection
                0x10003c44        0x4 ./Source/FreeRTOS-Products/FreeRTOS-Plus-IO/Device/LPC17xx/FreeRTOS_lpc17xx_i2c.o
 .bss.pxRxTransferControlStructs
                0x10003c48        0xc ./Source/FreeRTOS-Products/FreeRTOS-Plus-IO/Device/LPC17xx/FreeRTOS_lpc17xx_i2c.o
 .bss.pxTxTransferControlStructs
                0x10003c54        0xc ./Source/FreeRTOS-Products/FreeRTOS-Plus-IO/Device/LPC17xx/FreeRTOS_lpc17xx_i2c.o
 .bss.xSSPConfigurations
                0x10003c60       0x30 ./Source/FreeRTOS-Products/FreeRTOS-Plus-IO/Device/LPC17xx/FreeRTOS_lpc17xx_ssp.o
 .bss.ulReceiveActive
                0x10003c90        0x8 ./Source/FreeRTOS-Products/FreeRTOS-Plus-IO/Device/LPC17xx/FreeRTOS_lpc17xx_ssp.o
 .bss.pxRxTransferControlStructs
                0x10003c98        0x8 ./Source/FreeRTOS-Products/FreeRTOS-Plus-IO/Device/LPC17xx/FreeRTOS_lpc17xx_ssp.o
 .bss.pxTxTransferControlStructs
                0x10003ca0        0x8 ./Source/FreeRTOS-Products/FreeRTOS-Plus-IO/Device/LPC17xx/FreeRTOS_lpc17xx_ssp.o
 .bss.pxRxTransferControlStructs
                0x10003ca8       0x10 ./Source/FreeRTOS-Products/FreeRTOS-Plus-IO/Device/LPC17xx/FreeRTOS_lpc17xx_uart.o
 .bss.pxTxTransferControlStructs
                0x10003cb8       0x10 ./Source/FreeRTOS-Products/FreeRTOS-Plus-IO/Device/LPC17xx/FreeRTOS_lpc17xx_uart.o
 .bss.cOutputBuffer
                0x10003cc8      0x400 ./Source/FreeRTOS-Products/FreeRTOS-Plus-CLI/FreeRTOS_CLI.o
 .bss.pxCommand.4137
                0x100040c8        0x4 ./Source/FreeRTOS-Products/FreeRTOS-Plus-CLI/FreeRTOS_CLI.o
 .bss.pxCommand.4103
                0x100040cc        0x4 ./Source/FreeRTOS-Products/FreeRTOS-Plus-CLI/FreeRTOS_CLI.o
 .bss.uxTopReadyPriority
                0x100040d0        0x4 ./Source/FreeRTOS-Products/FreeRTOS/tasks.o
 .bss.uxTasksDeleted
                0x100040d4        0x4 ./Source/FreeRTOS-Products/FreeRTOS/tasks.o
 .bss.uxCurrentNumberOfTasks
                0x100040d8        0x4 ./Source/FreeRTOS-Products/FreeRTOS/tasks.o
 .bss.pxReadyTasksLists
                0x100040dc       0x8c ./Source/FreeRTOS-Products/FreeRTOS/tasks.o
 .bss.pxOverflowDelayedTaskList
                0x10004168        0x4 ./Source/FreeRTOS-Products/FreeRTOS/tasks.o
 .bss.uxTopUsedPriority
                0x1000416c        0x4 ./Source/FreeRTOS-Products/FreeRTOS/tasks.o
 .bss.xTasksWaitingTermination
                0x10004170       0x14 ./Source/FreeRTOS-Products/FreeRTOS/tasks.o
 .bss.pxDelayedTaskList
                0x10004184        0x4 ./Source/FreeRTOS-Products/FreeRTOS/tasks.o
 .bss.xPendingReadyList
                0x10004188       0x14 ./Source/FreeRTOS-Products/FreeRTOS/tasks.o
 .bss.xSchedulerRunning
                0x1000419c        0x4 ./Source/FreeRTOS-Products/FreeRTOS/tasks.o
 .bss.ulTaskSwitchedInTime
                0x100041a0        0x4 ./Source/FreeRTOS-Products/FreeRTOS/tasks.o
 .bss.xMissedYield
                0x100041a4        0x4 ./Source/FreeRTOS-Products/FreeRTOS/tasks.o
 .bss.pxCurrentTCB
                0x100041a8        0x4 ./Source/FreeRTOS-Products/FreeRTOS/tasks.o
                0x100041a8                pxCurrentTCB
 .bss.pcStatsString
                0x100041ac       0x34 ./Source/FreeRTOS-Products/FreeRTOS/tasks.o
 .bss.xSuspendedTaskList
                0x100041e0       0x14 ./Source/FreeRTOS-Products/FreeRTOS/tasks.o
 .bss.xDelayedTaskList1
                0x100041f4       0x14 ./Source/FreeRTOS-Products/FreeRTOS/tasks.o
 .bss.xDelayedTaskList2
                0x10004208       0x14 ./Source/FreeRTOS-Products/FreeRTOS/tasks.o
 .bss.uxTaskNumber
                0x1000421c        0x4 ./Source/FreeRTOS-Products/FreeRTOS/tasks.o
 .bss.uxSchedulerSuspended
                0x10004220        0x4 ./Source/FreeRTOS-Products/FreeRTOS/tasks.o
 .bss.uxMissedTicks
                0x10004224        0x4 ./Source/FreeRTOS-Products/FreeRTOS/tasks.o
 .bss.xNumOfOverflows
                0x10004228        0x4 ./Source/FreeRTOS-Products/FreeRTOS/tasks.o
 .bss.xTickCount
                0x1000422c        0x4 ./Source/FreeRTOS-Products/FreeRTOS/tasks.o
 .bss.pcStatusString.4652
                0x10004230       0x2c ./Source/FreeRTOS-Products/FreeRTOS/tasks.o
 .bss.pxCurrentTimerList
                0x1000425c        0x4 ./Source/FreeRTOS-Products/FreeRTOS/timers.o
 .bss.xActiveTimerList1
                0x10004260       0x14 ./Source/FreeRTOS-Products/FreeRTOS/timers.o
 .bss.xActiveTimerList2
                0x10004274       0x14 ./Source/FreeRTOS-Products/FreeRTOS/timers.o
 .bss.xLastTime.4177
                0x10004288        0x4 ./Source/FreeRTOS-Products/FreeRTOS/timers.o
 .bss.xTimerQueue
                0x1000428c        0x4 ./Source/FreeRTOS-Products/FreeRTOS/timers.o
 .bss.pxOverflowTimerList
                0x10004290        0x4 ./Source/FreeRTOS-Products/FreeRTOS/timers.o
 .bss.xParameterNumber.4428
                0x10004294        0x4 ./Source/Examples/UART/CLI-commands.o
 .bss.pucLocalBuffer.4454
                0x10004298       0x3c ./Source/Examples/UART/CLI-commands.o
 .bss.xCreatedTaskHandle
                0x100042d4        0x4 ./Source/Examples/UART/CLI-commands.o
 .bss.xParameterNumber.4417
                0x100042d8        0x4 ./Source/Examples/UART/CLI-commands.o
 .bss.cLastInputString.5726
                0x100042dc       0x34 ./Source/Examples/UART/UART-interrupt-driven-command-console.o
 .bss.cInputString.5725
                0x10004310       0x34 ./Source/Examples/UART/UART-interrupt-driven-command-console.o
 .bss.xCommandConsoleTask
                0x10004344        0x4 ./Source/Examples/UART/UART-interrupt-driven-command-console.o
 .bss.xConsoleUART
                0x10004348        0x4 ./Source/Examples/UART/UART-interrupt-driven-command-console.o
 .bss.ulClocksPer10thOfAMilliSecond
                0x1000434c        0x4 ./Source/main.o
 .bss.i2cdat    0x10004350       0x18 Z:\LPCXpresso\FreeRTOS+IO WS\lpc17xx.cmsis.driver.library\Debug\liblpc17xx.cmsis.driver.library.a(lpc17xx_i2c.o)
 .bss.errno     0x10004368        0x4 c:/nxp/lpcxpresso_7.4.0_229/lpcxpresso/tools/bin/../lib/gcc/arm-none-eabi/4.8.4/../../../../arm-none-eabi/lib/armv7-m\libcr_c.a(errno.o)
                0x10004368                errno
 *(COMMON)
 COMMON         0x1000436c       0x50 ./Source/FreeRTOS-Products/FreeRTOS/queue.o
                0x1000436c                xQueueRegistry
 COMMON         0x100043bc        0x4 c:/nxp/lpcxpresso_7.4.0_229/lpcxpresso/tools/bin/../lib/gcc/arm-none-eabi/4.8.4/../../../../arm-none-eabi/lib/armv7-m\libcr_c.a(initio.o)
                0x100043bc                _extra
 COMMON         0x100043c0      0x140 c:/nxp/lpcxpresso_7.4.0_229/lpcxpresso/tools/bin/../lib/gcc/arm-none-eabi/4.8.4/../../../../arm-none-eabi/lib/armv7-m\libcr_c.a(stdio.o)
                0x100043c0                __Ciob
 COMMON         0x10004500        0x8 c:/nxp/lpcxpresso_7.4.0_229/lpcxpresso/tools/bin/../lib/gcc/arm-none-eabi/4.8.4/../../../../arm-none-eabi/lib/armv7-m\libcr_c.a(__init_alloc.o)
                0x10004500                __heaps
                0x10004504                __end_of_heap
                0x10004508                . = ALIGN (0x4)
                0x10004508                _ebss = .
                0x10004508                PROVIDE (end, .)

.noinit_RAM2    0x2007c000        0x0
 *(.noinit.$RAM2*)
 *(.noinit.$RamAHB32*)
                0x2007c000                . = ALIGN (0x4)

.noinit         0x10004508        0x0
                0x10004508                _noinit = .
 *(.noinit*)
                0x10004508                . = ALIGN (0x4)
                0x10004508                _end_noinit = .
                0x10004508                PROVIDE (_pvHeapStart, DEFINED (__user_heap_base)?__user_heap_base:.)
                0x10008000                PROVIDE (_vStackTop, DEFINED (__user_stack_top)?__user_stack_top:(__top_RamLoc32 - 0x0))
OUTPUT(FreeRTOS-Plus-Demo-1.axf elf32-littlearm)

.debug_info     0x00000000    0x100a6
 .debug_info    0x00000000      0x310 ./Source/FreeRTOS-Products/FreeRTOS/portable/MemMang/heap_2.o
 .debug_info    0x00000310      0x280 ./Source/FreeRTOS-Products/FreeRTOS/portable/GCC/ARM_CM3/port.o
 .debug_info    0x00000590      0x32b ./Source/FreeRTOS-Products/FreeRTOS-Plus-IO/Device/LPC17xx/FreeRTOS_lpc17xx_DriverInterface.o
 .debug_info    0x000008bb     0x1555 ./Source/FreeRTOS-Products/FreeRTOS-Plus-IO/Device/LPC17xx/FreeRTOS_lpc17xx_i2c.o
 .debug_info    0x00001e10     0x1001 ./Source/FreeRTOS-Products/FreeRTOS-Plus-IO/Device/LPC17xx/FreeRTOS_lpc17xx_ssp.o
 .debug_info    0x00002e11     0x17e3 ./Source/FreeRTOS-Products/FreeRTOS-Plus-IO/Device/LPC17xx/FreeRTOS_lpc17xx_uart.o
 .debug_info    0x000045f4      0x9c6 ./Source/FreeRTOS-Products/FreeRTOS-Plus-IO/Common/FreeRTOS_DriverInterface.o
 .debug_info    0x00004fba      0x331 ./Source/FreeRTOS-Products/FreeRTOS-Plus-IO/Common/FreeRTOS_IOUtils.o
 .debug_info    0x000052eb      0x863 ./Source/FreeRTOS-Products/FreeRTOS-Plus-IO/Common/IOUtils_CharQueueTxAndRx.o
 .debug_info    0x00005b4e      0x60d ./Source/FreeRTOS-Products/FreeRTOS-Plus-IO/Common/IOUtils_CircularBufferRx.o
 .debug_info    0x0000615b      0x567 ./Source/FreeRTOS-Products/FreeRTOS-Plus-IO/Common/IOUtils_ZeroCopyTx.o
 .debug_info    0x000066c2      0x547 ./Source/FreeRTOS-Products/FreeRTOS-Plus-CLI/FreeRTOS_CLI.o
 .debug_info    0x00006c09      0x27d ./Source/FreeRTOS-Products/FreeRTOS/list.o
 .debug_info    0x00006e86     0x1243 ./Source/FreeRTOS-Products/FreeRTOS/queue.o
 .debug_info    0x000080c9     0x1da5 ./Source/FreeRTOS-Products/FreeRTOS/tasks.o
 .debug_info    0x00009e6e      0xd65 ./Source/FreeRTOS-Products/FreeRTOS/timers.o
 .debug_info    0x0000abd3      0xb2f ./Source/Examples/UART/CLI-commands.o
 .debug_info    0x0000b702      0x84b ./Source/Examples/UART/UART-interrupt-driven-command-console.o
 .debug_info    0x0000bf4d      0x360 ./Source/cr_startup_lpc176x.o
 .debug_info    0x0000c2ad      0x435 ./Source/main.o
 .debug_info    0x0000c6e2      0x5b8 ./Source/printf-stdarg.o
 .debug_info    0x0000cc9a      0xce7 Z:\LPCXpresso\FreeRTOS+IO WS\lpc17xx.cmsis.driver.library\Debug\liblpc17xx.cmsis.driver.library.a(lpc17xx_i2c.o)
 .debug_info    0x0000d981       0xd3 Z:\LPCXpresso\FreeRTOS+IO WS\lpc17xx.cmsis.driver.library\Debug\liblpc17xx.cmsis.driver.library.a(lpc17xx_libcfg_default.o)
 .debug_info    0x0000da54      0x455 Z:\LPCXpresso\FreeRTOS+IO WS\lpc17xx.cmsis.driver.library\Debug\liblpc17xx.cmsis.driver.library.a(lpc17xx_pinsel.o)
 .debug_info    0x0000dea9      0x70c Z:\LPCXpresso\FreeRTOS+IO WS\lpc17xx.cmsis.driver.library\Debug\liblpc17xx.cmsis.driver.library.a(lpc17xx_ssp.o)
 .debug_info    0x0000e5b5     0x11ba Z:\LPCXpresso\FreeRTOS+IO WS\lpc17xx.cmsis.driver.library\Debug\liblpc17xx.cmsis.driver.library.a(lpc17xx_uart.o)
 .debug_info    0x0000f76f      0x61f Z:\LPCXpresso\FreeRTOS+IO WS\lpc17xx.cmsis.driver.library\Debug\liblpc17xx.cmsis.driver.library.a(lpc17xx_clkpwr.o)
 .debug_info    0x0000fd8e      0x318 Z:\LPCXpresso\FreeRTOS+IO WS\CMSISv2p00_LPC17xx\Debug\libCMSISv2p00_LPC17xx.a(system_LPC17xx.o)

.debug_abbrev   0x00000000     0x337b
 .debug_abbrev  0x00000000      0x1be ./Source/FreeRTOS-Products/FreeRTOS/portable/MemMang/heap_2.o
 .debug_abbrev  0x000001be      0x186 ./Source/FreeRTOS-Products/FreeRTOS/portable/GCC/ARM_CM3/port.o
 .debug_abbrev  0x00000344      0x107 ./Source/FreeRTOS-Products/FreeRTOS-Plus-IO/Device/LPC17xx/FreeRTOS_lpc17xx_DriverInterface.o
 .debug_abbrev  0x0000044b      0x32e ./Source/FreeRTOS-Products/FreeRTOS-Plus-IO/Device/LPC17xx/FreeRTOS_lpc17xx_i2c.o
 .debug_abbrev  0x00000779      0x2fc ./Source/FreeRTOS-Products/FreeRTOS-Plus-IO/Device/LPC17xx/FreeRTOS_lpc17xx_ssp.o
 .debug_abbrev  0x00000a75      0x3a3 ./Source/FreeRTOS-Products/FreeRTOS-Plus-IO/Device/LPC17xx/FreeRTOS_lpc17xx_uart.o
 .debug_abbrev  0x00000e18      0x230 ./Source/FreeRTOS-Products/FreeRTOS-Plus-IO/Common/FreeRTOS_DriverInterface.o
 .debug_abbrev  0x00001048      0x114 ./Source/FreeRTOS-Products/FreeRTOS-Plus-IO/Common/FreeRTOS_IOUtils.o
 .debug_abbrev  0x0000115c      0x1be ./Source/FreeRTOS-Products/FreeRTOS-Plus-IO/Common/IOUtils_CharQueueTxAndRx.o
 .debug_abbrev  0x0000131a      0x1ab ./Source/FreeRTOS-Products/FreeRTOS-Plus-IO/Common/IOUtils_CircularBufferRx.o
 .debug_abbrev  0x000014c5      0x160 ./Source/FreeRTOS-Products/FreeRTOS-Plus-IO/Common/IOUtils_ZeroCopyTx.o
 .debug_abbrev  0x00001625      0x1e5 ./Source/FreeRTOS-Products/FreeRTOS-Plus-CLI/FreeRTOS_CLI.o
 .debug_abbrev  0x0000180a       0xdd ./Source/FreeRTOS-Products/FreeRTOS/list.o
 .debug_abbrev  0x000018e7      0x22e ./Source/FreeRTOS-Products/FreeRTOS/queue.o
 .debug_abbrev  0x00001b15      0x28d ./Source/FreeRTOS-Products/FreeRTOS/tasks.o
 .debug_abbrev  0x00001da2      0x20f ./Source/FreeRTOS-Products/FreeRTOS/timers.o
 .debug_abbrev  0x00001fb1      0x1ed ./Source/Examples/UART/CLI-commands.o
 .debug_abbrev  0x0000219e      0x1f5 ./Source/Examples/UART/UART-interrupt-driven-command-console.o
 .debug_abbrev  0x00002393      0x141 ./Source/cr_startup_lpc176x.o
 .debug_abbrev  0x000024d4      0x239 ./Source/main.o
 .debug_abbrev  0x0000270d      0x1bc ./Source/printf-stdarg.o
 .debug_abbrev  0x000028c9      0x27f Z:\LPCXpresso\FreeRTOS+IO WS\lpc17xx.cmsis.driver.library\Debug\liblpc17xx.cmsis.driver.library.a(lpc17xx_i2c.o)
 .debug_abbrev  0x00002b48       0x6c Z:\LPCXpresso\FreeRTOS+IO WS\lpc17xx.cmsis.driver.library\Debug\liblpc17xx.cmsis.driver.library.a(lpc17xx_libcfg_default.o)
 .debug_abbrev  0x00002bb4      0x141 Z:\LPCXpresso\FreeRTOS+IO WS\lpc17xx.cmsis.driver.library\Debug\liblpc17xx.cmsis.driver.library.a(lpc17xx_pinsel.o)
 .debug_abbrev  0x00002cf5      0x1c5 Z:\LPCXpresso\FreeRTOS+IO WS\lpc17xx.cmsis.driver.library\Debug\liblpc17xx.cmsis.driver.library.a(lpc17xx_ssp.o)
 .debug_abbrev  0x00002eba      0x211 Z:\LPCXpresso\FreeRTOS+IO WS\lpc17xx.cmsis.driver.library\Debug\liblpc17xx.cmsis.driver.library.a(lpc17xx_uart.o)
 .debug_abbrev  0x000030cb      0x1ca Z:\LPCXpresso\FreeRTOS+IO WS\lpc17xx.cmsis.driver.library\Debug\liblpc17xx.cmsis.driver.library.a(lpc17xx_clkpwr.o)
 .debug_abbrev  0x00003295       0xe6 Z:\LPCXpresso\FreeRTOS+IO WS\CMSISv2p00_LPC17xx\Debug\libCMSISv2p00_LPC17xx.a(system_LPC17xx.o)

.debug_loc      0x00000000     0x73d1
 .debug_loc     0x00000000      0x1c8 ./Source/FreeRTOS-Products/FreeRTOS/portable/MemMang/heap_2.o
 .debug_loc     0x000001c8       0x80 ./Source/FreeRTOS-Products/FreeRTOS/portable/GCC/ARM_CM3/port.o
 .debug_loc     0x00000248       0xe6 ./Source/FreeRTOS-Products/FreeRTOS-Plus-IO/Device/LPC17xx/FreeRTOS_lpc17xx_DriverInterface.o
 .debug_loc     0x0000032e      0xcab ./Source/FreeRTOS-Products/FreeRTOS-Plus-IO/Device/LPC17xx/FreeRTOS_lpc17xx_i2c.o
 .debug_loc     0x00000fd9      0x946 ./Source/FreeRTOS-Products/FreeRTOS-Plus-IO/Device/LPC17xx/FreeRTOS_lpc17xx_ssp.o
 .debug_loc     0x0000191f      0xaf2 ./Source/FreeRTOS-Products/FreeRTOS-Plus-IO/Device/LPC17xx/FreeRTOS_lpc17xx_uart.o
 .debug_loc     0x00002411      0x781 ./Source/FreeRTOS-Products/FreeRTOS-Plus-IO/Common/FreeRTOS_DriverInterface.o
 .debug_loc     0x00002b92       0xc6 ./Source/FreeRTOS-Products/FreeRTOS-Plus-IO/Common/FreeRTOS_IOUtils.o
 .debug_loc     0x00002c58      0x3b9 ./Source/FreeRTOS-Products/FreeRTOS-Plus-IO/Common/IOUtils_CharQueueTxAndRx.o
 .debug_loc     0x00003011      0x267 ./Source/FreeRTOS-Products/FreeRTOS-Plus-IO/Common/IOUtils_CircularBufferRx.o
 .debug_loc     0x00003278      0x235 ./Source/FreeRTOS-Products/FreeRTOS-Plus-IO/Common/IOUtils_ZeroCopyTx.o
 .debug_loc     0x000034ad      0x429 ./Source/FreeRTOS-Products/FreeRTOS-Plus-CLI/FreeRTOS_CLI.o
 .debug_loc     0x000038d6       0x65 ./Source/FreeRTOS-Products/FreeRTOS/list.o
 .debug_loc     0x0000393b      0xe0f ./Source/FreeRTOS-Products/FreeRTOS/queue.o
 .debug_loc     0x0000474a     0x129f ./Source/FreeRTOS-Products/FreeRTOS/tasks.o
 .debug_loc     0x000059e9      0x8c5 ./Source/FreeRTOS-Products/FreeRTOS/timers.o
 .debug_loc     0x000062ae      0x677 ./Source/Examples/UART/CLI-commands.o
 .debug_loc     0x00006925      0x152 ./Source/Examples/UART/UART-interrupt-driven-command-console.o
 .debug_loc     0x00006a77      0x15f ./Source/cr_startup_lpc176x.o
 .debug_loc     0x00006bd6       0xdd ./Source/main.o
 .debug_loc     0x00006cb3      0x71e ./Source/printf-stdarg.o

.debug_aranges  0x00000000      0xb18
 .debug_aranges
                0x00000000       0x38 ./Source/FreeRTOS-Products/FreeRTOS/portable/MemMang/heap_2.o
 .debug_aranges
                0x00000038       0x80 ./Source/FreeRTOS-Products/FreeRTOS/portable/GCC/ARM_CM3/port.o
 .debug_aranges
                0x000000b8       0x20 ./Source/FreeRTOS-Products/FreeRTOS-Plus-IO/Device/LPC17xx/FreeRTOS_lpc17xx_DriverInterface.o
 .debug_aranges
                0x000000d8       0x40 ./Source/FreeRTOS-Products/FreeRTOS-Plus-IO/Device/LPC17xx/FreeRTOS_lpc17xx_i2c.o
 .debug_aranges
                0x00000118       0x40 ./Source/FreeRTOS-Products/FreeRTOS-Plus-IO/Device/LPC17xx/FreeRTOS_lpc17xx_ssp.o
 .debug_aranges
                0x00000158       0x40 ./Source/FreeRTOS-Products/FreeRTOS-Plus-IO/Device/LPC17xx/FreeRTOS_lpc17xx_uart.o
 .debug_aranges
                0x00000198       0x28 ./Source/FreeRTOS-Products/FreeRTOS-Plus-IO/Common/FreeRTOS_DriverInterface.o
 .debug_aranges
                0x000001c0       0x20 ./Source/FreeRTOS-Products/FreeRTOS-Plus-IO/Common/FreeRTOS_IOUtils.o
 .debug_aranges
                0x000001e0       0x50 ./Source/FreeRTOS-Products/FreeRTOS-Plus-IO/Common/IOUtils_CharQueueTxAndRx.o
 .debug_aranges
                0x00000230       0x38 ./Source/FreeRTOS-Products/FreeRTOS-Plus-IO/Common/IOUtils_CircularBufferRx.o
 .debug_aranges
                0x00000268       0x30 ./Source/FreeRTOS-Products/FreeRTOS-Plus-IO/Common/IOUtils_ZeroCopyTx.o
 .debug_aranges
                0x00000298       0x48 ./Source/FreeRTOS-Products/FreeRTOS-Plus-CLI/FreeRTOS_CLI.o
 .debug_aranges
                0x000002e0       0x40 ./Source/FreeRTOS-Products/FreeRTOS/list.o
 .debug_aranges
                0x00000320       0xf0 ./Source/FreeRTOS-Products/FreeRTOS/queue.o
 .debug_aranges
                0x00000410      0x178 ./Source/FreeRTOS-Products/FreeRTOS/tasks.o
 .debug_aranges
                0x00000588       0x88 ./Source/FreeRTOS-Products/FreeRTOS/timers.o
 .debug_aranges
                0x00000610       0x58 ./Source/Examples/UART/CLI-commands.o
 .debug_aranges
                0x00000668       0x30 ./Source/Examples/UART/UART-interrupt-driven-command-console.o
 .debug_aranges
                0x00000698       0x88 ./Source/cr_startup_lpc176x.o
 .debug_aranges
                0x00000720       0x40 ./Source/main.o
 .debug_aranges
                0x00000760       0x58 ./Source/printf-stdarg.o
 .debug_aranges
                0x000007b8       0xd0 Z:\LPCXpresso\FreeRTOS+IO WS\lpc17xx.cmsis.driver.library\Debug\liblpc17xx.cmsis.driver.library.a(lpc17xx_i2c.o)
 .debug_aranges
                0x00000888       0x20 Z:\LPCXpresso\FreeRTOS+IO WS\lpc17xx.cmsis.driver.library\Debug\liblpc17xx.cmsis.driver.library.a(lpc17xx_libcfg_default.o)
 .debug_aranges
                0x000008a8       0x48 Z:\LPCXpresso\FreeRTOS+IO WS\lpc17xx.cmsis.driver.library\Debug\liblpc17xx.cmsis.driver.library.a(lpc17xx_pinsel.o)
 .debug_aranges
                0x000008f0       0xa8 Z:\LPCXpresso\FreeRTOS+IO WS\lpc17xx.cmsis.driver.library\Debug\liblpc17xx.cmsis.driver.library.a(lpc17xx_ssp.o)
 .debug_aranges
                0x00000998      0x100 Z:\LPCXpresso\FreeRTOS+IO WS\lpc17xx.cmsis.driver.library\Debug\liblpc17xx.cmsis.driver.library.a(lpc17xx_uart.o)
 .debug_aranges
                0x00000a98       0x58 Z:\LPCXpresso\FreeRTOS+IO WS\lpc17xx.cmsis.driver.library\Debug\liblpc17xx.cmsis.driver.library.a(lpc17xx_clkpwr.o)
 .debug_aranges
                0x00000af0       0x28 Z:\LPCXpresso\FreeRTOS+IO WS\CMSISv2p00_LPC17xx\Debug\libCMSISv2p00_LPC17xx.a(system_LPC17xx.o)

.debug_ranges   0x00000000      0xa40
 .debug_ranges  0x00000000       0x28 ./Source/FreeRTOS-Products/FreeRTOS/portable/MemMang/heap_2.o
 .debug_ranges  0x00000028       0x70 ./Source/FreeRTOS-Products/FreeRTOS/portable/GCC/ARM_CM3/port.o
 .debug_ranges  0x00000098       0x10 ./Source/FreeRTOS-Products/FreeRTOS-Plus-IO/Device/LPC17xx/FreeRTOS_lpc17xx_DriverInterface.o
 .debug_ranges  0x000000a8       0x60 ./Source/FreeRTOS-Products/FreeRTOS-Plus-IO/Device/LPC17xx/FreeRTOS_lpc17xx_i2c.o
 .debug_ranges  0x00000108       0x48 ./Source/FreeRTOS-Products/FreeRTOS-Plus-IO/Device/LPC17xx/FreeRTOS_lpc17xx_ssp.o
 .debug_ranges  0x00000150       0x68 ./Source/FreeRTOS-Products/FreeRTOS-Plus-IO/Device/LPC17xx/FreeRTOS_lpc17xx_uart.o
 .debug_ranges  0x000001b8       0x18 ./Source/FreeRTOS-Products/FreeRTOS-Plus-IO/Common/FreeRTOS_DriverInterface.o
 .debug_ranges  0x000001d0       0x10 ./Source/FreeRTOS-Products/FreeRTOS-Plus-IO/Common/FreeRTOS_IOUtils.o
 .debug_ranges  0x000001e0       0x40 ./Source/FreeRTOS-Products/FreeRTOS-Plus-IO/Common/IOUtils_CharQueueTxAndRx.o
 .debug_ranges  0x00000220       0x28 ./Source/FreeRTOS-Products/FreeRTOS-Plus-IO/Common/IOUtils_CircularBufferRx.o
 .debug_ranges  0x00000248       0x20 ./Source/FreeRTOS-Products/FreeRTOS-Plus-IO/Common/IOUtils_ZeroCopyTx.o
 .debug_ranges  0x00000268       0x38 ./Source/FreeRTOS-Products/FreeRTOS-Plus-CLI/FreeRTOS_CLI.o
 .debug_ranges  0x000002a0       0x30 ./Source/FreeRTOS-Products/FreeRTOS/list.o
 .debug_ranges  0x000002d0       0xe0 ./Source/FreeRTOS-Products/FreeRTOS/queue.o
 .debug_ranges  0x000003b0      0x198 ./Source/FreeRTOS-Products/FreeRTOS/tasks.o
 .debug_ranges  0x00000548       0x78 ./Source/FreeRTOS-Products/FreeRTOS/timers.o
 .debug_ranges  0x000005c0       0x48 ./Source/Examples/UART/CLI-commands.o
 .debug_ranges  0x00000608       0x20 ./Source/Examples/UART/UART-interrupt-driven-command-console.o
 .debug_ranges  0x00000628       0x78 ./Source/cr_startup_lpc176x.o
 .debug_ranges  0x000006a0       0x30 ./Source/main.o
 .debug_ranges  0x000006d0       0x80 ./Source/printf-stdarg.o
 .debug_ranges  0x00000750       0xc0 Z:\LPCXpresso\FreeRTOS+IO WS\lpc17xx.cmsis.driver.library\Debug\liblpc17xx.cmsis.driver.library.a(lpc17xx_i2c.o)
 .debug_ranges  0x00000810       0x10 Z:\LPCXpresso\FreeRTOS+IO WS\lpc17xx.cmsis.driver.library\Debug\liblpc17xx.cmsis.driver.library.a(lpc17xx_libcfg_default.o)
 .debug_ranges  0x00000820       0x38 Z:\LPCXpresso\FreeRTOS+IO WS\lpc17xx.cmsis.driver.library\Debug\liblpc17xx.cmsis.driver.library.a(lpc17xx_pinsel.o)
 .debug_ranges  0x00000858       0x98 Z:\LPCXpresso\FreeRTOS+IO WS\lpc17xx.cmsis.driver.library\Debug\liblpc17xx.cmsis.driver.library.a(lpc17xx_ssp.o)
 .debug_ranges  0x000008f0       0xf0 Z:\LPCXpresso\FreeRTOS+IO WS\lpc17xx.cmsis.driver.library\Debug\liblpc17xx.cmsis.driver.library.a(lpc17xx_uart.o)
 .debug_ranges  0x000009e0       0x48 Z:\LPCXpresso\FreeRTOS+IO WS\lpc17xx.cmsis.driver.library\Debug\liblpc17xx.cmsis.driver.library.a(lpc17xx_clkpwr.o)
 .debug_ranges  0x00000a28       0x18 Z:\LPCXpresso\FreeRTOS+IO WS\CMSISv2p00_LPC17xx\Debug\libCMSISv2p00_LPC17xx.a(system_LPC17xx.o)

.debug_macro    0x00000000     0x6b09
 .debug_macro   0x00000000       0xeb ./Source/FreeRTOS-Products/FreeRTOS/portable/MemMang/heap_2.o
 .debug_macro   0x000000eb      0x856 ./Source/FreeRTOS-Products/FreeRTOS/portable/MemMang/heap_2.o
 .debug_macro   0x00000941       0x10 ./Source/FreeRTOS-Products/FreeRTOS/portable/MemMang/heap_2.o
 .debug_macro   0x00000951      0x12d ./Source/FreeRTOS-Products/FreeRTOS/portable/MemMang/heap_2.o
 .debug_macro   0x00000a7e       0x28 ./Source/FreeRTOS-Products/FreeRTOS/portable/MemMang/heap_2.o
 .debug_macro   0x00000aa6       0x46 ./Source/FreeRTOS-Products/FreeRTOS/portable/MemMang/heap_2.o
 .debug_macro   0x00000aec      0x5b2 ./Source/FreeRTOS-Products/FreeRTOS/portable/MemMang/heap_2.o
 .debug_macro   0x0000109e      0x162 ./Source/FreeRTOS-Products/FreeRTOS/portable/MemMang/heap_2.o
 .debug_macro   0x00001200       0x99 ./Source/FreeRTOS-Products/FreeRTOS/portable/MemMang/heap_2.o
 .debug_macro   0x00001299       0x12 ./Source/FreeRTOS-Products/FreeRTOS/portable/MemMang/heap_2.o
 .debug_macro   0x000012ab       0x1f ./Source/FreeRTOS-Products/FreeRTOS/portable/MemMang/heap_2.o
 .debug_macro   0x000012ca      0x1bd ./Source/FreeRTOS-Products/FreeRTOS/portable/MemMang/heap_2.o
 .debug_macro   0x00001487       0x5e ./Source/FreeRTOS-Products/FreeRTOS/portable/MemMang/heap_2.o
 .debug_macro   0x000014e5       0x57 ./Source/FreeRTOS-Products/FreeRTOS/portable/MemMang/heap_2.o
 .debug_macro   0x0000153c      0x117 ./Source/FreeRTOS-Products/FreeRTOS/portable/GCC/ARM_CM3/port.o
 .debug_macro   0x00001653       0x16 ./Source/FreeRTOS-Products/FreeRTOS/portable/GCC/ARM_CM3/port.o
 .debug_macro   0x00001669       0xed ./Source/FreeRTOS-Products/FreeRTOS-Plus-IO/Device/LPC17xx/FreeRTOS_lpc17xx_DriverInterface.o
 .debug_macro   0x00001756       0x9a ./Source/FreeRTOS-Products/FreeRTOS-Plus-IO/Device/LPC17xx/FreeRTOS_lpc17xx_DriverInterface.o
 .debug_macro   0x000017f0       0xca ./Source/FreeRTOS-Products/FreeRTOS-Plus-IO/Device/LPC17xx/FreeRTOS_lpc17xx_DriverInterface.o
 .debug_macro   0x000018ba      0x1af ./Source/FreeRTOS-Products/FreeRTOS-Plus-IO/Device/LPC17xx/FreeRTOS_lpc17xx_i2c.o
 .debug_macro   0x00001a69       0x96 ./Source/FreeRTOS-Products/FreeRTOS-Plus-IO/Device/LPC17xx/FreeRTOS_lpc17xx_i2c.o
 .debug_macro   0x00001aff       0x77 ./Source/FreeRTOS-Products/FreeRTOS-Plus-IO/Device/LPC17xx/FreeRTOS_lpc17xx_i2c.o
 .debug_macro   0x00001b76       0x1c ./Source/FreeRTOS-Products/FreeRTOS-Plus-IO/Device/LPC17xx/FreeRTOS_lpc17xx_i2c.o
 .debug_macro   0x00001b92       0x2e ./Source/FreeRTOS-Products/FreeRTOS-Plus-IO/Device/LPC17xx/FreeRTOS_lpc17xx_i2c.o
 .debug_macro   0x00001bc0       0x18 ./Source/FreeRTOS-Products/FreeRTOS-Plus-IO/Device/LPC17xx/FreeRTOS_lpc17xx_i2c.o
 .debug_macro   0x00001bd8      0x7af ./Source/FreeRTOS-Products/FreeRTOS-Plus-IO/Device/LPC17xx/FreeRTOS_lpc17xx_i2c.o
 .debug_macro   0x00002387      0x2c7 ./Source/FreeRTOS-Products/FreeRTOS-Plus-IO/Device/LPC17xx/FreeRTOS_lpc17xx_i2c.o
 .debug_macro   0x0000264e       0x5d ./Source/FreeRTOS-Products/FreeRTOS-Plus-IO/Device/LPC17xx/FreeRTOS_lpc17xx_i2c.o
 .debug_macro   0x000026ab      0x334 ./Source/FreeRTOS-Products/FreeRTOS-Plus-IO/Device/LPC17xx/FreeRTOS_lpc17xx_i2c.o
 .debug_macro   0x000029df      0x2a3 ./Source/FreeRTOS-Products/FreeRTOS-Plus-IO/Device/LPC17xx/FreeRTOS_lpc17xx_i2c.o
 .debug_macro   0x00002c82      0x191 ./Source/FreeRTOS-Products/FreeRTOS-Plus-IO/Device/LPC17xx/FreeRTOS_lpc17xx_i2c.o
 .debug_macro   0x00002e13      0x15b ./Source/FreeRTOS-Products/FreeRTOS-Plus-IO/Device/LPC17xx/FreeRTOS_lpc17xx_i2c.o
 .debug_macro   0x00002f6e       0x2f ./Source/FreeRTOS-Products/FreeRTOS-Plus-IO/Device/LPC17xx/FreeRTOS_lpc17xx_i2c.o
 .debug_macro   0x00002f9d       0x1c ./Source/FreeRTOS-Products/FreeRTOS-Plus-IO/Device/LPC17xx/FreeRTOS_lpc17xx_i2c.o
 .debug_macro   0x00002fb9       0x29 ./Source/FreeRTOS-Products/FreeRTOS-Plus-IO/Device/LPC17xx/FreeRTOS_lpc17xx_i2c.o
 .debug_macro   0x00002fe2      0x13f ./Source/FreeRTOS-Products/FreeRTOS-Plus-IO/Device/LPC17xx/FreeRTOS_lpc17xx_i2c.o
 .debug_macro   0x00003121      0x1c7 ./Source/FreeRTOS-Products/FreeRTOS-Plus-IO/Device/LPC17xx/FreeRTOS_lpc17xx_ssp.o
 .debug_macro   0x000032e8      0x1bb ./Source/FreeRTOS-Products/FreeRTOS-Plus-IO/Device/LPC17xx/FreeRTOS_lpc17xx_uart.o
 .debug_macro   0x000034a3      0x1a6 ./Source/FreeRTOS-Products/FreeRTOS-Plus-IO/Common/FreeRTOS_DriverInterface.o
 .debug_macro   0x00003649       0x10 ./Source/FreeRTOS-Products/FreeRTOS-Plus-IO/Common/FreeRTOS_DriverInterface.o
 .debug_macro   0x00003659      0x124 ./Source/FreeRTOS-Products/FreeRTOS-Plus-IO/Common/FreeRTOS_IOUtils.o
 .debug_macro   0x0000377d      0x120 ./Source/FreeRTOS-Products/FreeRTOS-Plus-IO/Common/IOUtils_CharQueueTxAndRx.o
 .debug_macro   0x0000389d      0x120 ./Source/FreeRTOS-Products/FreeRTOS-Plus-IO/Common/IOUtils_CircularBufferRx.o
 .debug_macro   0x000039bd      0x124 ./Source/FreeRTOS-Products/FreeRTOS-Plus-IO/Common/IOUtils_ZeroCopyTx.o
 .debug_macro   0x00003ae1       0xce ./Source/FreeRTOS-Products/FreeRTOS-Plus-CLI/FreeRTOS_CLI.o
 .debug_macro   0x00003baf      0x168 ./Source/FreeRTOS-Products/FreeRTOS-Plus-CLI/FreeRTOS_CLI.o
 .debug_macro   0x00003d17       0x10 ./Source/FreeRTOS-Products/FreeRTOS-Plus-CLI/FreeRTOS_CLI.o
 .debug_macro   0x00003d27       0xbc ./Source/FreeRTOS-Products/FreeRTOS/list.o
 .debug_macro   0x00003de3      0x152 ./Source/FreeRTOS-Products/FreeRTOS/queue.o
 .debug_macro   0x00003f35      0x16e ./Source/FreeRTOS-Products/FreeRTOS/tasks.o
 .debug_macro   0x000040a3       0xa0 ./Source/FreeRTOS-Products/FreeRTOS/tasks.o
 .debug_macro   0x00004143       0x22 ./Source/FreeRTOS-Products/FreeRTOS/tasks.o
 .debug_macro   0x00004165       0x5b ./Source/FreeRTOS-Products/FreeRTOS/tasks.o
 .debug_macro   0x000041c0       0x17 ./Source/FreeRTOS-Products/FreeRTOS/tasks.o
 .debug_macro   0x000041d7       0xe5 ./Source/FreeRTOS-Products/FreeRTOS/timers.o
 .debug_macro   0x000042bc       0xf4 ./Source/Examples/UART/CLI-commands.o
 .debug_macro   0x000043b0       0x9a ./Source/Examples/UART/CLI-commands.o
 .debug_macro   0x0000444a       0x1c ./Source/Examples/UART/CLI-commands.o
 .debug_macro   0x00004466      0x1b0 ./Source/Examples/UART/UART-interrupt-driven-command-console.o
 .debug_macro   0x00004616       0x52 ./Source/cr_startup_lpc176x.o
 .debug_macro   0x00004668      0x85c ./Source/cr_startup_lpc176x.o
 .debug_macro   0x00004ec4      0x149 ./Source/main.o
 .debug_macro   0x0000500d       0x41 ./Source/printf-stdarg.o
 .debug_macro   0x0000504e       0x16 ./Source/printf-stdarg.o
 .debug_macro   0x00005064      0x137 Z:\LPCXpresso\FreeRTOS+IO WS\lpc17xx.cmsis.driver.library\Debug\liblpc17xx.cmsis.driver.library.a(lpc17xx_i2c.o)
 .debug_macro   0x0000519b      0x18b Z:\LPCXpresso\FreeRTOS+IO WS\lpc17xx.cmsis.driver.library\Debug\liblpc17xx.cmsis.driver.library.a(lpc17xx_i2c.o)
 .debug_macro   0x00005326      0x2f1 Z:\LPCXpresso\FreeRTOS+IO WS\lpc17xx.cmsis.driver.library\Debug\liblpc17xx.cmsis.driver.library.a(lpc17xx_i2c.o)
 .debug_macro   0x00005617      0x145 Z:\LPCXpresso\FreeRTOS+IO WS\lpc17xx.cmsis.driver.library\Debug\liblpc17xx.cmsis.driver.library.a(lpc17xx_i2c.o)
 .debug_macro   0x0000575c       0xd9 Z:\LPCXpresso\FreeRTOS+IO WS\lpc17xx.cmsis.driver.library\Debug\liblpc17xx.cmsis.driver.library.a(lpc17xx_libcfg_default.o)
 .debug_macro   0x00005835       0x5d Z:\LPCXpresso\FreeRTOS+IO WS\lpc17xx.cmsis.driver.library\Debug\liblpc17xx.cmsis.driver.library.a(lpc17xx_libcfg_default.o)
 .debug_macro   0x00005892       0x8d Z:\LPCXpresso\FreeRTOS+IO WS\lpc17xx.cmsis.driver.library\Debug\liblpc17xx.cmsis.driver.library.a(lpc17xx_pinsel.o)
 .debug_macro   0x0000591f       0x1c Z:\LPCXpresso\FreeRTOS+IO WS\lpc17xx.cmsis.driver.library\Debug\liblpc17xx.cmsis.driver.library.a(lpc17xx_pinsel.o)
 .debug_macro   0x0000593b      0x2c7 Z:\LPCXpresso\FreeRTOS+IO WS\lpc17xx.cmsis.driver.library\Debug\liblpc17xx.cmsis.driver.library.a(lpc17xx_pinsel.o)
 .debug_macro   0x00005c02      0x12e Z:\LPCXpresso\FreeRTOS+IO WS\lpc17xx.cmsis.driver.library\Debug\liblpc17xx.cmsis.driver.library.a(lpc17xx_ssp.o)
 .debug_macro   0x00005d30      0x29d Z:\LPCXpresso\FreeRTOS+IO WS\lpc17xx.cmsis.driver.library\Debug\liblpc17xx.cmsis.driver.library.a(lpc17xx_ssp.o)
 .debug_macro   0x00005fcd      0x12e Z:\LPCXpresso\FreeRTOS+IO WS\lpc17xx.cmsis.driver.library\Debug\liblpc17xx.cmsis.driver.library.a(lpc17xx_uart.o)
 .debug_macro   0x000060fb       0x8d Z:\LPCXpresso\FreeRTOS+IO WS\lpc17xx.cmsis.driver.library\Debug\liblpc17xx.cmsis.driver.library.a(lpc17xx_clkpwr.o)
 .debug_macro   0x00006188      0x12b Z:\LPCXpresso\FreeRTOS+IO WS\CMSISv2p00_LPC17xx\Debug\libCMSISv2p00_LPC17xx.a(system_LPC17xx.o)
 .debug_macro   0x000062b3      0x856 Z:\LPCXpresso\FreeRTOS+IO WS\CMSISv2p00_LPC17xx\Debug\libCMSISv2p00_LPC17xx.a(system_LPC17xx.o)

.debug_line     0x00000000     0x8521
 .debug_line    0x00000000      0x315 ./Source/FreeRTOS-Products/FreeRTOS/portable/MemMang/heap_2.o
 .debug_line    0x00000315      0x327 ./Source/FreeRTOS-Products/FreeRTOS/portable/GCC/ARM_CM3/port.o
 .debug_line    0x0000063c      0x363 ./Source/FreeRTOS-Products/FreeRTOS-Plus-IO/Device/LPC17xx/FreeRTOS_lpc17xx_DriverInterface.o
 .debug_line    0x0000099f      0x797 ./Source/FreeRTOS-Products/FreeRTOS-Plus-IO/Device/LPC17xx/FreeRTOS_lpc17xx_i2c.o
 .debug_line    0x00001136      0x720 ./Source/FreeRTOS-Products/FreeRTOS-Plus-IO/Device/LPC17xx/FreeRTOS_lpc17xx_ssp.o
 .debug_line    0x00001856      0x791 ./Source/FreeRTOS-Products/FreeRTOS-Plus-IO/Device/LPC17xx/FreeRTOS_lpc17xx_uart.o
 .debug_line    0x00001fe7      0x626 ./Source/FreeRTOS-Products/FreeRTOS-Plus-IO/Common/FreeRTOS_DriverInterface.o
 .debug_line    0x0000260d      0x3ae ./Source/FreeRTOS-Products/FreeRTOS-Plus-IO/Common/FreeRTOS_IOUtils.o
 .debug_line    0x000029bb      0x47c ./Source/FreeRTOS-Products/FreeRTOS-Plus-IO/Common/IOUtils_CharQueueTxAndRx.o
 .debug_line    0x00002e37      0x43d ./Source/FreeRTOS-Products/FreeRTOS-Plus-IO/Common/IOUtils_CircularBufferRx.o
 .debug_line    0x00003274      0x3f9 ./Source/FreeRTOS-Products/FreeRTOS-Plus-IO/Common/IOUtils_ZeroCopyTx.o
 .debug_line    0x0000366d      0x3a0 ./Source/FreeRTOS-Products/FreeRTOS-Plus-CLI/FreeRTOS_CLI.o
 .debug_line    0x00003a0d      0x2e6 ./Source/FreeRTOS-Products/FreeRTOS/list.o
 .debug_line    0x00003cf3      0x68a ./Source/FreeRTOS-Products/FreeRTOS/queue.o
 .debug_line    0x0000437d      0x9af ./Source/FreeRTOS-Products/FreeRTOS/tasks.o
 .debug_line    0x00004d2c      0x459 ./Source/FreeRTOS-Products/FreeRTOS/timers.o
 .debug_line    0x00005185      0x3c3 ./Source/Examples/UART/CLI-commands.o
 .debug_line    0x00005548      0x606 ./Source/Examples/UART/UART-interrupt-driven-command-console.o
 .debug_line    0x00005b4e      0x1c8 ./Source/cr_startup_lpc176x.o
 .debug_line    0x00005d16      0x47b ./Source/main.o
 .debug_line    0x00006191      0x273 ./Source/printf-stdarg.o
 .debug_line    0x00006404      0x7eb Z:\LPCXpresso\FreeRTOS+IO WS\lpc17xx.cmsis.driver.library\Debug\liblpc17xx.cmsis.driver.library.a(lpc17xx_i2c.o)
 .debug_line    0x00006bef      0x2d9 Z:\LPCXpresso\FreeRTOS+IO WS\lpc17xx.cmsis.driver.library\Debug\liblpc17xx.cmsis.driver.library.a(lpc17xx_libcfg_default.o)
 .debug_line    0x00006ec8      0x26c Z:\LPCXpresso\FreeRTOS+IO WS\lpc17xx.cmsis.driver.library\Debug\liblpc17xx.cmsis.driver.library.a(lpc17xx_pinsel.o)
 .debug_line    0x00007134      0x656 Z:\LPCXpresso\FreeRTOS+IO WS\lpc17xx.cmsis.driver.library\Debug\liblpc17xx.cmsis.driver.library.a(lpc17xx_ssp.o)
 .debug_line    0x0000778a      0x8ed Z:\LPCXpresso\FreeRTOS+IO WS\lpc17xx.cmsis.driver.library\Debug\liblpc17xx.cmsis.driver.library.a(lpc17xx_uart.o)
 .debug_line    0x00008077      0x2d2 Z:\LPCXpresso\FreeRTOS+IO WS\lpc17xx.cmsis.driver.library\Debug\liblpc17xx.cmsis.driver.library.a(lpc17xx_clkpwr.o)
 .debug_line    0x00008349      0x1d8 Z:\LPCXpresso\FreeRTOS+IO WS\CMSISv2p00_LPC17xx\Debug\libCMSISv2p00_LPC17xx.a(system_LPC17xx.o)

.debug_str      0x00000000    0x1943d
 .debug_str     0x00000000     0x5ff7 ./Source/FreeRTOS-Products/FreeRTOS/portable/MemMang/heap_2.o
                               0x6082 (size before relaxing)
 .debug_str     0x00005ff7      0x55b ./Source/FreeRTOS-Products/FreeRTOS/portable/GCC/ARM_CM3/port.o
                               0x607b (size before relaxing)
 .debug_str     0x00006552      0xc40 ./Source/FreeRTOS-Products/FreeRTOS-Plus-IO/Device/LPC17xx/FreeRTOS_lpc17xx_DriverInterface.o
                               0x67ab (size before relaxing)
 .debug_str     0x00007192     0xbc56 ./Source/FreeRTOS-Products/FreeRTOS-Plus-IO/Device/LPC17xx/FreeRTOS_lpc17xx_i2c.o
                              0x123b3 (size before relaxing)
 .debug_str     0x00012de8      0x359 ./Source/FreeRTOS-Products/FreeRTOS-Plus-IO/Device/LPC17xx/FreeRTOS_lpc17xx_ssp.o
                              0x12108 (size before relaxing)
 .debug_str     0x00013141      0x4f5 ./Source/FreeRTOS-Products/FreeRTOS-Plus-IO/Device/LPC17xx/FreeRTOS_lpc17xx_uart.o
                              0x1253f (size before relaxing)
 .debug_str     0x00013636      0x21d ./Source/FreeRTOS-Products/FreeRTOS-Plus-IO/Common/FreeRTOS_DriverInterface.o
                              0x11830 (size before relaxing)
 .debug_str     0x00013853       0x7a ./Source/FreeRTOS-Products/FreeRTOS-Plus-IO/Common/FreeRTOS_IOUtils.o
                               0x910c (size before relaxing)
 .debug_str     0x000138cd      0x171 ./Source/FreeRTOS-Products/FreeRTOS-Plus-IO/Common/IOUtils_CharQueueTxAndRx.o
                               0x9414 (size before relaxing)
 .debug_str     0x00013a3e       0xde ./Source/FreeRTOS-Products/FreeRTOS-Plus-IO/Common/IOUtils_CircularBufferRx.o
                               0x9345 (size before relaxing)
 .debug_str     0x00013b1c       0x6e ./Source/FreeRTOS-Products/FreeRTOS-Plus-IO/Common/IOUtils_ZeroCopyTx.o
                               0x9250 (size before relaxing)
 .debug_str     0x00013b8a      0x342 ./Source/FreeRTOS-Products/FreeRTOS-Plus-CLI/FreeRTOS_CLI.o
                               0x5ec6 (size before relaxing)
 .debug_str     0x00013ecc      0x136 ./Source/FreeRTOS-Products/FreeRTOS/list.o
                               0x599f (size before relaxing)
 .debug_str     0x00014002      0x694 ./Source/FreeRTOS-Products/FreeRTOS/queue.o
                               0x6669 (size before relaxing)
 .debug_str     0x00014696     0x19d7 ./Source/FreeRTOS-Products/FreeRTOS/tasks.o
                               0x7941 (size before relaxing)
 .debug_str     0x0001606d      0x370 ./Source/FreeRTOS-Products/FreeRTOS/timers.o
                               0x6f82 (size before relaxing)
 .debug_str     0x000163dd      0x27f ./Source/Examples/UART/CLI-commands.o
                               0x62b6 (size before relaxing)
 .debug_str     0x0001665c      0x1dd ./Source/Examples/UART/UART-interrupt-driven-command-console.o
                               0xfd9c (size before relaxing)
 .debug_str     0x00016839      0x2f6 ./Source/cr_startup_lpc176x.o
                               0x3dc8 (size before relaxing)
 .debug_str     0x00016b2f      0x14e ./Source/main.o
                               0x9f5a (size before relaxing)
 .debug_str     0x00016c7d      0x128 ./Source/printf-stdarg.o
                               0x2567 (size before relaxing)