Archive member included because of file (symbol)

/media/will/Data/LPCXpresso/FreeRTOS+IO WS/lpc17xx.cmsis.driver.library/Debug/liblpc17xx.cmsis.driver.library.a(lpc17xx_gpio.o)
                              ./Source/Examples/SSP/SPI-writes-to-7-seg-display.o (GPIO_SetDir)
/media/will/Data/LPCXpresso/FreeRTOS+IO WS/lpc17xx.cmsis.driver.library/Debug/liblpc17xx.cmsis.driver.library.a(lpc17xx_i2c.o)
                              ./Source/FreeRTOS-Products/FreeRTOS-Plus-IO/Device/LPC17xx/FreeRTOS_lpc17xx_i2c.o (I2C_Stop)
/media/will/Data/LPCXpresso/FreeRTOS+IO WS/lpc17xx.cmsis.driver.library/Debug/liblpc17xx.cmsis.driver.library.a(lpc17xx_libcfg_default.o)
                              /media/will/Data/LPCXpresso/FreeRTOS+IO WS/lpc17xx.cmsis.driver.library/Debug/liblpc17xx.cmsis.driver.library.a(lpc17xx_i2c.o) (check_failed)
/media/will/Data/LPCXpresso/FreeRTOS+IO WS/lpc17xx.cmsis.driver.library/Debug/liblpc17xx.cmsis.driver.library.a(lpc17xx_pinsel.o)
                              ./Source/FreeRTOS-Products/FreeRTOS-Plus-IO/Device/LPC17xx/FreeRTOS_lpc17xx_i2c.o (PINSEL_ConfigPin)
/media/will/Data/LPCXpresso/FreeRTOS+IO WS/lpc17xx.cmsis.driver.library/Debug/liblpc17xx.cmsis.driver.library.a(lpc17xx_ssp.o)
                              ./Source/FreeRTOS-Products/FreeRTOS-Plus-IO/Device/LPC17xx/FreeRTOS_lpc17xx_ssp.o (SSP_Init)
/media/will/Data/LPCXpresso/FreeRTOS+IO WS/lpc17xx.cmsis.driver.library/Debug/liblpc17xx.cmsis.driver.library.a(lpc17xx_uart.o)
                              ./Source/FreeRTOS-Products/FreeRTOS-Plus-IO/Device/LPC17xx/FreeRTOS_lpc17xx_uart.o (UART_Init)
/media/will/Data/LPCXpresso/FreeRTOS+IO WS/lpc17xx.cmsis.driver.library/Debug/liblpc17xx.cmsis.driver.library.a(lpc17xx_clkpwr.o)
                              /media/will/Data/LPCXpresso/FreeRTOS+IO WS/lpc17xx.cmsis.driver.library/Debug/liblpc17xx.cmsis.driver.library.a(lpc17xx_i2c.o) (CLKPWR_SetPCLKDiv)
/media/will/Data/LPCXpresso/FreeRTOS+IO WS/CMSISv2p00_LPC17xx/Debug/libCMSISv2p00_LPC17xx.a(system_LPC17xx.o)
                              ./Source/cr_startup_lpc176x.o (SystemInit)
/usr/local/lpcxpresso_7.5.0_254/lpcxpresso/tools/bin/../lib/gcc/arm-none-eabi/4.8.4/../../../../arm-none-eabi/lib/armv7-m/libcr_nohost.a(_cr__main.o)
                              ./Source/cr_startup_lpc176x.o (__main)
/usr/local/lpcxpresso_7.5.0_254/lpcxpresso/tools/bin/../lib/gcc/arm-none-eabi/4.8.4/../../../../arm-none-eabi/lib/armv7-m/libcr_c.a(memcpy.o)
                              ./Source/FreeRTOS-Products/FreeRTOS-Plus-IO/Common/IOUtils_CircularBufferRx.o (memcpy)
/usr/local/lpcxpresso_7.5.0_254/lpcxpresso/tools/bin/../lib/gcc/arm-none-eabi/4.8.4/../../../../arm-none-eabi/lib/armv7-m/libcr_c.a(memset.o)
                              ./Source/FreeRTOS-Products/FreeRTOS/tasks.o (memset)
/usr/local/lpcxpresso_7.5.0_254/lpcxpresso/tools/bin/../lib/gcc/arm-none-eabi/4.8.4/../../../../arm-none-eabi/lib/armv7-m/libcr_c.a(initio.o)
                              /usr/local/lpcxpresso_7.5.0_254/lpcxpresso/tools/bin/../lib/gcc/arm-none-eabi/4.8.4/../../../../arm-none-eabi/lib/armv7-m/libcr_nohost.a(_cr__main.o) (_initio)
/usr/local/lpcxpresso_7.5.0_254/lpcxpresso/tools/bin/../lib/gcc/arm-none-eabi/4.8.4/../../../../arm-none-eabi/lib/armv7-m/libcr_c.a(itoa.o)
                              ./Source/pwmctrl.o (itoa)
/usr/local/lpcxpresso_7.5.0_254/lpcxpresso/tools/bin/../lib/gcc/arm-none-eabi/4.8.4/../../../../arm-none-eabi/lib/armv7-m/libcr_c.a(memcmp.o)
                              ./Source/FreeRTOS-Products/FreeRTOS/tasks.o (memcmp)
/usr/local/lpcxpresso_7.5.0_254/lpcxpresso/tools/bin/../lib/gcc/arm-none-eabi/4.8.4/../../../../arm-none-eabi/lib/armv7-m/libcr_c.a(scanf.o)
                              ./Source/Examples/UART/CLI-commands.o (atol)
/usr/local/lpcxpresso_7.5.0_254/lpcxpresso/tools/bin/../lib/gcc/arm-none-eabi/4.8.4/../../../../arm-none-eabi/lib/armv7-m/libcr_c.a(setvbuf.o)
                              /usr/local/lpcxpresso_7.5.0_254/lpcxpresso/tools/bin/../lib/gcc/arm-none-eabi/4.8.4/../../../../arm-none-eabi/lib/armv7-m/libcr_c.a(initio.o) (setvbuf)
/usr/local/lpcxpresso_7.5.0_254/lpcxpresso/tools/bin/../lib/gcc/arm-none-eabi/4.8.4/../../../../arm-none-eabi/lib/armv7-m/libcr_c.a(stdio.o)
                              /usr/local/lpcxpresso_7.5.0_254/lpcxpresso/tools/bin/../lib/gcc/arm-none-eabi/4.8.4/../../../../arm-none-eabi/lib/armv7-m/libcr_c.a(initio.o) (__Ciob)
/usr/local/lpcxpresso_7.5.0_254/lpcxpresso/tools/bin/../lib/gcc/arm-none-eabi/4.8.4/../../../../arm-none-eabi/lib/armv7-m/libcr_c.a(strcat.o)
                              ./Source/FreeRTOS-Products/FreeRTOS/tasks.o (strcat)
/usr/local/lpcxpresso_7.5.0_254/lpcxpresso/tools/bin/../lib/gcc/arm-none-eabi/4.8.4/../../../../arm-none-eabi/lib/armv7-m/libcr_c.a(strcmp.o)
                              ./Source/FreeRTOS-Products/FreeRTOS-Plus-IO/Common/FreeRTOS_DriverInterface.o (strcmp)
[...]
Memory Configuration

Name             Origin             Length             Attributes
MFlash512        0x00000000         0x00080000         xr
RamLoc32         0x10000000         0x00008000         xrw
RamAHB32         0x2007c000         0x00008000         xrw
*default*        0x00000000         0xffffffff

Linker script and memory map

LOAD ./Source/FreeRTOS-Products/FreeRTOS/portable/MemMang/heap_2.o
LOAD ./Source/FreeRTOS-Products/FreeRTOS/portable/GCC/ARM_CM3/port.o
LOAD ./Source/FreeRTOS-Products/FreeRTOS-Plus-IO/Device/LPC17xx/FreeRTOS_lpc17xx_DriverInterface.o
LOAD ./Source/FreeRTOS-Products/FreeRTOS-Plus-IO/Device/LPC17xx/FreeRTOS_lpc17xx_i2c.o
LOAD ./Source/FreeRTOS-Products/FreeRTOS-Plus-IO/Device/LPC17xx/FreeRTOS_lpc17xx_ssp.o
LOAD ./Source/FreeRTOS-Products/FreeRTOS-Plus-IO/Device/LPC17xx/FreeRTOS_lpc17xx_uart.o
LOAD ./Source/FreeRTOS-Products/FreeRTOS-Plus-IO/Common/FreeRTOS_DriverInterface.o
LOAD ./Source/FreeRTOS-Products/FreeRTOS-Plus-IO/Common/FreeRTOS_IOUtils.o
LOAD ./Source/FreeRTOS-Products/FreeRTOS-Plus-IO/Common/IOUtils_CharQueueTxAndRx.o
LOAD ./Source/FreeRTOS-Products/FreeRTOS-Plus-IO/Common/IOUtils_CircularBufferRx.o
LOAD ./Source/FreeRTOS-Products/FreeRTOS-Plus-IO/Common/IOUtils_ZeroCopyTx.o
LOAD ./Source/FreeRTOS-Products/FreeRTOS-Plus-CLI/FreeRTOS_CLI.o
LOAD ./Source/FreeRTOS-Products/FreeRTOS/croutine.o
LOAD ./Source/FreeRTOS-Products/FreeRTOS/list.o
LOAD ./Source/FreeRTOS-Products/FreeRTOS/queue.o
LOAD ./Source/FreeRTOS-Products/FreeRTOS/tasks.o
LOAD ./Source/FreeRTOS-Products/FreeRTOS/timers.o
LOAD ./Source/Examples/UART/CLI-commands.o
LOAD ./Source/Examples/UART/UART-interrupt-driven-command-console.o
LOAD ./Source/Examples/UART/UART-operation-modes-test.o
LOAD ./Source/Examples/SSP/SPI-writes-to-7-seg-display.o
LOAD ./Source/Examples/I2C/I2C-coordinator.o
LOAD ./Source/Examples/I2C/I2C-to-OLED.o
LOAD ./Source/Examples/I2C/I2C-to-and-from-EEPROM.o
LOAD ./Source/Examples/I2C/font5x7.o
LOAD ./Source/Examples/I2C/oled.o
LOAD ./Source/Examples/GPIO/GPIO-output-and-software-timers.o
LOAD ./Source/cr_startup_lpc176x.o
LOAD ./Source/main.o
LOAD ./Source/printf-stdarg.o
LOAD ./Source/pwmctrl.o
LOAD /media/will/Data/LPCXpresso/FreeRTOS+IO WS/lpc17xx.cmsis.driver.library/Debug/liblpc17xx.cmsis.driver.library.a
LOAD /media/will/Data/LPCXpresso/FreeRTOS+IO WS/CMSISv2p00_LPC17xx/Debug/libCMSISv2p00_LPC17xx.a
START GROUP
LOAD /usr/local/lpcxpresso_7.5.0_254/lpcxpresso/tools/bin/../lib/gcc/arm-none-eabi/4.8.4/../../../../arm-none-eabi/lib/armv7-m/libcr_nohost.a
LOAD /usr/local/lpcxpresso_7.5.0_254/lpcxpresso/tools/bin/../lib/gcc/arm-none-eabi/4.8.4/../../../../arm-none-eabi/lib/armv7-m/libcr_c.a
LOAD /usr/local/lpcxpresso_7.5.0_254/lpcxpresso/tools/bin/../lib/gcc/arm-none-eabi/4.8.4/armv7-m/libcr_eabihelpers.a
END GROUP
                0x00080000                __top_MFlash512 = 0x80000
                0x10008000                __top_RamLoc32 = 0x10008000
                0x20084000                __top_RamAHB32 = 0x20084000

.text           0x00000000     0x6fd4
 FILL mask 0xff
                0x00000000                __vectors_start__ = ABSOLUTE (.)
 *(.isr_vector)
 .isr_vector    0x00000000       0xcc ./Source/cr_startup_lpc176x.o
                0x00000000                g_pfnVectors
                0x000000cc                . = ALIGN (0x4)
                0x000000cc                __section_table_start = .
                0x000000cc                __data_section_table = .
                0x000000cc        0x4 LONG 0x6fd4 LOADADDR (.data)
                0x000000d0        0x4 LONG 0x10000000 ADDR (.data)
                0x000000d4        0x4 LONG 0x10 SIZEOF (.data)
                0x000000d8        0x4 LONG 0x6fd4 LOADADDR (.data_RAM2)
                0x000000dc        0x4 LONG 0x2007c000 ADDR (.data_RAM2)
                0x000000e0        0x4 LONG 0x0 SIZEOF (.data_RAM2)
                0x000000e4                __data_section_table_end = .
                0x000000e4                __bss_section_table = .
                0x000000e4        0x4 LONG 0x10000010 ADDR (.bss)
                0x000000e8        0x4 LONG 0x4018 SIZEOF (.bss)
                0x000000ec        0x4 LONG 0x2007c000 ADDR (.bss_RAM2)
                0x000000f0        0x4 LONG 0x0 SIZEOF (.bss_RAM2)
                0x000000f4                __bss_section_table_end = .
                0x000000f4                __section_table_end = .
 *(.after_vectors*)
 .after_vectors
                0x000000f4       0x94 ./Source/cr_startup_lpc176x.o
                0x000000f4                NMI_Handler
                0x000000f6                HardFault_Handler
                0x00000112                MemManage_Handler
                0x00000114                BusFault_Handler
                0x00000116                UsageFault_Handler
                0x0000011a                DebugMon_Handler
                0x00000120                TIMER2_IRQHandler
                0x00000120                RIT_IRQHandler
                0x00000120                I2C0_IRQHandler
                0x00000120                USBActivity_IRQHandler
                0x00000120                PWM1_IRQHandler
                0x00000120                I2C1_IRQHandler
                0x00000120                EINT2_IRQHandler
                0x00000120                UART1_IRQHandler
                0x00000120                EINT3_IRQHandler
                0x00000120                CANActivity_IRQHandler
                0x00000120                TIMER3_IRQHandler
                0x00000120                UART0_IRQHandler
                0x00000120                IntDefaultHandler
                0x00000120                PLL0_IRQHandler
                0x00000120                CAN_IRQHandler
                0x00000120                PLL1_IRQHandler
                0x00000120                SSP0_IRQHandler
                0x00000120                I2S_IRQHandler
                0x00000120                RTC_IRQHandler
                0x00000120                TIMER0_IRQHandler
                0x00000120                SPI_IRQHandler
                0x00000120                EINT1_IRQHandler
                0x00000120                TIMER1_IRQHandler
                0x00000120                UART2_IRQHandler
                0x00000120                ADC_IRQHandler
                0x00000120                USB_IRQHandler
                0x00000120                BOD_IRQHandler
                0x00000120                WDT_IRQHandler
                0x00000120                QEI_IRQHandler
                0x00000120                EINT0_IRQHandler
                0x00000120                DMA_IRQHandler
                0x00000120                MCPWM_IRQHandler
                0x00000120                ENET_IRQHandler
                0x00000122                data_init
                0x00000134                bss_init
                0x00000144                ResetISR
 *(.text*)
 .text.pvPortMalloc
                0x00000188      0x14c ./Source/FreeRTOS-Products/FreeRTOS/portable/MemMang/heap_2.o
                0x00000188                pvPortMalloc
 .text.vPortFree
                0x000002d4       0x70 ./Source/FreeRTOS-Products/FreeRTOS/portable/MemMang/heap_2.o
                0x000002d4                vPortFree
 .text.pxPortInitialiseStack
                0x00000344       0x54 ./Source/FreeRTOS-Products/FreeRTOS/portable/GCC/ARM_CM3/port.o
                0x00000344                pxPortInitialiseStack
 .text.SVCall_Handler
                0x00000398       0x20 ./Source/FreeRTOS-Products/FreeRTOS/portable/GCC/ARM_CM3/port.o
                0x00000398                SVCall_Handler
 .text.prvPortStartFirstTask
                0x000003b8       0x14 ./Source/FreeRTOS-Products/FreeRTOS/portable/GCC/ARM_CM3/port.o
 .text.xPortStartScheduler
                0x000003cc       0x38 ./Source/FreeRTOS-Products/FreeRTOS/portable/GCC/ARM_CM3/port.o
                0x000003cc                xPortStartScheduler
 .text.vPortYieldFromISR
                0x00000404       0x18 ./Source/FreeRTOS-Products/FreeRTOS/portable/GCC/ARM_CM3/port.o
                0x00000404                vPortYieldFromISR
 .text.vPortEnterCritical
                0x0000041c       0x18 ./Source/FreeRTOS-Products/FreeRTOS/portable/GCC/ARM_CM3/port.o
                0x0000041c                vPortEnterCritical
 .text.vPortExitCritical
                0x00000434       0x24 ./Source/FreeRTOS-Products/FreeRTOS/portable/GCC/ARM_CM3/port.o
                0x00000434                vPortExitCritical
 .text.ulPortSetInterruptMask
                0x00000458       0x14 ./Source/FreeRTOS-Products/FreeRTOS/portable/GCC/ARM_CM3/port.o
                0x00000458                ulPortSetInterruptMask
 .text.vPortClearInterruptMask
                0x0000046c        0x8 ./Source/FreeRTOS-Products/FreeRTOS/portable/GCC/ARM_CM3/port.o
                0x0000046c                vPortClearInterruptMask
 .text.PendSV_Handler
                0x00000474       0x3c ./Source/FreeRTOS-Products/FreeRTOS/portable/GCC/ARM_CM3/port.o
                0x00000474                PendSV_Handler
 .text.SysTick_Handler
                0x000004b0       0x20 ./Source/FreeRTOS-Products/FreeRTOS/portable/GCC/ARM_CM3/port.o
                0x000004b0                SysTick_Handler
 .text.vPortSetupTimerInterrupt
                0x000004d0       0x34 ./Source/FreeRTOS-Products/FreeRTOS/portable/GCC/ARM_CM3/port.o
                0x000004d0                vPortSetupTimerInterrupt
 .text.vFreeRTOS_lpc17xx_PopulateFunctionPointers
                0x00000504       0x54 ./Source/FreeRTOS-Products/FreeRTOS-Plus-IO/Device/LPC17xx/FreeRTOS_lpc17xx_DriverInterface.o
                0x00000504                vFreeRTOS_lpc17xx_PopulateFunctionPointers
 .text.NVIC_DisableIRQ
                0x00000558       0x34 ./Source/FreeRTOS-Products/FreeRTOS-Plus-IO/Device/LPC17xx/FreeRTOS_lpc17xx_i2c.o
 .text.NVIC_ClearPendingIRQ
                0x0000058c       0x34 ./Source/FreeRTOS-Products/FreeRTOS-Plus-IO/Device/LPC17xx/FreeRTOS_lpc17xx_i2c.o
 .text.NVIC_SetPriority
                0x000005c0       0x54 ./Source/FreeRTOS-Products/FreeRTOS-Plus-IO/Device/LPC17xx/FreeRTOS_lpc17xx_i2c.o
 .text.FreeRTOS_I2C_open
                0x00000614      0x154 ./Source/FreeRTOS-Products/FreeRTOS-Plus-IO/Device/LPC17xx/FreeRTOS_lpc17xx_i2c.o
                0x00000614                FreeRTOS_I2C_open
 .text.FreeRTOS_I2C_write
                0x00000768      0x188 ./Source/FreeRTOS-Products/FreeRTOS-Plus-IO/Device/LPC17xx/FreeRTOS_lpc17xx_i2c.o
                0x00000768                FreeRTOS_I2C_write
 .text.FreeRTOS_I2C_read
                0x000008f0      0x194 ./Source/FreeRTOS-Products/FreeRTOS-Plus-IO/Device/LPC17xx/FreeRTOS_lpc17xx_i2c.o
                0x000008f0                FreeRTOS_I2C_read
 .text.FreeRTOS_I2C_ioctl
                0x00000a84      0x104 ./Source/FreeRTOS-Products/FreeRTOS-Plus-IO/Device/LPC17xx/FreeRTOS_lpc17xx_i2c.o
                0x00000a84                FreeRTOS_I2C_ioctl
 .text.I2C2_IRQHandler
                0x00000b88      0x290 ./Source/FreeRTOS-Products/FreeRTOS-Plus-IO/Device/LPC17xx/FreeRTOS_lpc17xx_i2c.o
                0x00000b88                I2C2_IRQHandler
 .text.NVIC_EnableIRQ
                0x00000e18       0x30 ./Source/FreeRTOS-Products/FreeRTOS-Plus-IO/Device/LPC17xx/FreeRTOS_lpc17xx_ssp.o
 .text.NVIC_DisableIRQ
                0x00000e48       0x34 ./Source/FreeRTOS-Products/FreeRTOS-Plus-IO/Device/LPC17xx/FreeRTOS_lpc17xx_ssp.o
 .text.NVIC_SetPriority
                0x00000e7c       0x54 ./Source/FreeRTOS-Products/FreeRTOS-Plus-IO/Device/LPC17xx/FreeRTOS_lpc17xx_ssp.o
 .text.FreeRTOS_SSP_open
                0x00000ed0      0x194 ./Source/FreeRTOS-Products/FreeRTOS-Plus-IO/Device/LPC17xx/FreeRTOS_lpc17xx_ssp.o
                0x00000ed0                FreeRTOS_SSP_open
 .text.FreeRTOS_SSP_write
                0x00001064       0xb0 ./Source/FreeRTOS-Products/FreeRTOS-Plus-IO/Device/LPC17xx/FreeRTOS_lpc17xx_ssp.o
                0x00001064                FreeRTOS_SSP_write
 .text.FreeRTOS_SSP_read
                0x00001114       0x98 ./Source/FreeRTOS-Products/FreeRTOS-Plus-IO/Device/LPC17xx/FreeRTOS_lpc17xx_ssp.o
                0x00001114                FreeRTOS_SSP_read
 .text.FreeRTOS_SSP_ioctl
                0x000011ac      0x1d0 ./Source/FreeRTOS-Products/FreeRTOS-Plus-IO/Device/LPC17xx/FreeRTOS_lpc17xx_ssp.o
                0x000011ac                FreeRTOS_SSP_ioctl
 .text.SSP1_IRQHandler
                0x0000137c      0x118 ./Source/FreeRTOS-Products/FreeRTOS-Plus-IO/Device/LPC17xx/FreeRTOS_lpc17xx_ssp.o
                0x0000137c                SSP1_IRQHandler
 .text.NVIC_EnableIRQ
                0x00001494       0x30 ./Source/FreeRTOS-Products/FreeRTOS-Plus-IO/Device/LPC17xx/FreeRTOS_lpc17xx_uart.o
 .text.NVIC_DisableIRQ
                0x000014c4       0x34 ./Source/FreeRTOS-Products/FreeRTOS-Plus-IO/Device/LPC17xx/FreeRTOS_lpc17xx_uart.o
 .text.NVIC_SetPriority
                0x000014f8       0x54 ./Source/FreeRTOS-Products/FreeRTOS-Plus-IO/Device/LPC17xx/FreeRTOS_lpc17xx_uart.o
 .text.FreeRTOS_UART_open
                0x0000154c       0xcc ./Source/FreeRTOS-Products/FreeRTOS-Plus-IO/Device/LPC17xx/FreeRTOS_lpc17xx_uart.o
                0x0000154c                FreeRTOS_UART_open
 .text.FreeRTOS_UART_write
                0x00001618      0x1c4 ./Source/FreeRTOS-Products/FreeRTOS-Plus-IO/Device/LPC17xx/FreeRTOS_lpc17xx_uart.o
                0x00001618                FreeRTOS_UART_write
 .text.FreeRTOS_UART_read
                0x000017dc      0x104 ./Source/FreeRTOS-Products/FreeRTOS-Plus-IO/Device/LPC17xx/FreeRTOS_lpc17xx_uart.o
                0x000017dc                FreeRTOS_UART_read
 .text.prvFillFifoFromBuffer
                0x000018e0       0x54 ./Source/FreeRTOS-Products/FreeRTOS-Plus-IO/Device/LPC17xx/FreeRTOS_lpc17xx_uart.o
 .text.FreeRTOS_UART_ioctl
                0x00001934      0x104 ./Source/FreeRTOS-Products/FreeRTOS-Plus-IO/Device/LPC17xx/FreeRTOS_lpc17xx_uart.o
                0x00001934                FreeRTOS_UART_ioctl
 .text.UART3_IRQHandler
                0x00001a38      0x230 ./Source/FreeRTOS-Products/FreeRTOS-Plus-IO/Device/LPC17xx/FreeRTOS_lpc17xx_uart.o
                0x00001a38                UART3_IRQHandler
 .text.FreeRTOS_open
                0x00001c68      0x100 ./Source/FreeRTOS-Products/FreeRTOS-Plus-IO/Common/FreeRTOS_DriverInterface.o
                0x00001c68                FreeRTOS_open
 .text.FreeRTOS_ioctl
                0x00001d68      0x1b0 ./Source/FreeRTOS-Products/FreeRTOS-Plus-IO/Common/FreeRTOS_DriverInterface.o
                0x00001d68                FreeRTOS_ioctl
 .text.vIOUtilsCreateTransferControlStructure
                0x00001f18       0xb4 ./Source/FreeRTOS-Products/FreeRTOS-Plus-IO/Common/FreeRTOS_IOUtils.o
                0x00001f18                vIOUtilsCreateTransferControlStructure
 .text.xIOUtilsSetTxQueueTimeout
                0x00001fcc       0x28 ./Source/FreeRTOS-Products/FreeRTOS-Plus-IO/Common/IOUtils_CharQueueTxAndRx.o
                0x00001fcc                xIOUtilsSetTxQueueTimeout
 .text.vIOUtilsSetRxQueueTimeout
                0x00001ff4       0x28 ./Source/FreeRTOS-Products/FreeRTOS-Plus-IO/Common/IOUtils_CharQueueTxAndRx.o
                0x00001ff4                vIOUtilsSetRxQueueTimeout
 .text.xIOUtilsConfigureTransferQueue
                0x0000201c       0xbc ./Source/FreeRTOS-Products/FreeRTOS-Plus-IO/Common/IOUtils_CharQueueTxAndRx.o
                0x0000201c                xIOUtilsConfigureTransferQueue
 .text.xIOUtilsReceiveCharsFromRxQueue
                0x000020d8       0x78 ./Source/FreeRTOS-Products/FreeRTOS-Plus-IO/Common/IOUtils_CharQueueTxAndRx.o
                0x000020d8                xIOUtilsReceiveCharsFromRxQueue
 .text.xIOUtilsWaitTxQueueEmpty
                0x00002150       0x64 ./Source/FreeRTOS-Products/FreeRTOS-Plus-IO/Common/IOUtils_CharQueueTxAndRx.o
                0x00002150                xIOUtilsWaitTxQueueEmpty
 .text.xIOUtilsClearRxCharQueue
                0x000021b4       0x30 ./Source/FreeRTOS-Products/FreeRTOS-Plus-IO/Common/IOUtils_CharQueueTxAndRx.o
                0x000021b4                xIOUtilsClearRxCharQueue
 .text.xIOUtilsConfigureCircularBufferRx
                0x000021e4       0xf0 ./Source/FreeRTOS-Products/FreeRTOS-Plus-IO/Common/IOUtils_CircularBufferRx.o
                0x000021e4                xIOUtilsConfigureCircularBufferRx
 .text.vIOUtilsClearRxCircularBuffer
                0x000022d4       0x40 ./Source/FreeRTOS-Products/FreeRTOS-Plus-IO/Common/IOUtils_CircularBufferRx.o
                0x000022d4                vIOUtilsClearRxCircularBuffer
 .text.xIOUtilsReadCharsFromCircularBuffer
                0x00002314       0xf8 ./Source/FreeRTOS-Products/FreeRTOS-Plus-IO/Common/IOUtils_CircularBufferRx.o
                0x00002314                xIOUtilsReadCharsFromCircularBuffer
 .text.vIOUtilsSetCircularBufferTimeout
                0x0000240c       0x28 ./Source/FreeRTOS-Products/FreeRTOS-Plus-IO/Common/IOUtils_CircularBufferRx.o
                0x0000240c                vIOUtilsSetCircularBufferTimeout
 .text.xIOUtilsConfigureZeroCopyTx
                0x00002434       0x9c ./Source/FreeRTOS-Products/FreeRTOS-Plus-IO/Common/IOUtils_ZeroCopyTx.o
                0x00002434                xIOUtilsConfigureZeroCopyTx
 .text.xIOUtilsGetZeroCopyWriteMutex
                0x000024d0       0x5c ./Source/FreeRTOS-Products/FreeRTOS-Plus-IO/Common/IOUtils_ZeroCopyTx.o
                0x000024d0                xIOUtilsGetZeroCopyWriteMutex
 .text.xIOUtilsReleaseZeroCopyWriteMutex
                0x0000252c       0x3c ./Source/FreeRTOS-Products/FreeRTOS-Plus-IO/Common/IOUtils_ZeroCopyTx.o
                0x0000252c                xIOUtilsReleaseZeroCopyWriteMutex
 .text.vListInitialise
                0x00002568       0x40 ./Source/FreeRTOS-Products/FreeRTOS/list.o
                0x00002568                vListInitialise
 .text.vListInitialiseItem
                0x000025a8       0x18 ./Source/FreeRTOS-Products/FreeRTOS/list.o
                0x000025a8                vListInitialiseItem
 .text.vListInsertEnd
                0x000025c0       0x50 ./Source/FreeRTOS-Products/FreeRTOS/list.o
                0x000025c0                vListInsertEnd
 .text.vListInsert
                0x00002610       0x70 ./Source/FreeRTOS-Products/FreeRTOS/list.o
                0x00002610                vListInsert
 .text.uxListRemove
                0x00002680       0x54 ./Source/FreeRTOS-Products/FreeRTOS/list.o
                0x00002680                uxListRemove
 .text.xQueueGenericReset
                0x000026d4       0xac ./Source/FreeRTOS-Products/FreeRTOS/queue.o
                0x000026d4                xQueueGenericReset
 .text.xQueueGenericCreate
                0x00002780       0x84 ./Source/FreeRTOS-Products/FreeRTOS/queue.o
                0x00002780                xQueueGenericCreate
 .text.xQueueCreateMutex
                0x00002804       0x90 ./Source/FreeRTOS-Products/FreeRTOS/queue.o
                0x00002804                xQueueCreateMutex
 .text.xQueueGetMutexHolder
                0x00002894       0x30 ./Source/FreeRTOS-Products/FreeRTOS/queue.o
                0x00002894                xQueueGetMutexHolder
 .text.xQueueCreateCountingSemaphore
                0x000028c4       0x38 ./Source/FreeRTOS-Products/FreeRTOS/queue.o
                0x000028c4                xQueueCreateCountingSemaphore
 .text.xQueueGenericSend
                0x000028fc      0x138 ./Source/FreeRTOS-Products/FreeRTOS/queue.o
                0x000028fc                xQueueGenericSend
 .text.xQueueGenericSendFromISR
                0x00002a34       0xa8 ./Source/FreeRTOS-Products/FreeRTOS/queue.o
                0x00002a34                xQueueGenericSendFromISR
 .text.xQueueGenericReceive
                0x00002adc      0x198 ./Source/FreeRTOS-Products/FreeRTOS/queue.o
                0x00002adc                xQueueGenericReceive
 .text.xQueueReceiveFromISR
                0x00002c74       0xac ./Source/FreeRTOS-Products/FreeRTOS/queue.o
                0x00002c74                xQueueReceiveFromISR
 .text.uxQueueMessagesWaiting
                0x00002d20       0x2c ./Source/FreeRTOS-Products/FreeRTOS/queue.o
                0x00002d20                uxQueueMessagesWaiting
 .text.vQueueDelete
                0x00002d4c       0x30 ./Source/FreeRTOS-Products/FreeRTOS/queue.o
                0x00002d4c                vQueueDelete
 .text.prvCopyDataToQueue
                0x00002d7c       0xb8 ./Source/FreeRTOS-Products/FreeRTOS/queue.o
 .text.prvCopyDataFromQueue
                0x00002e34       0x4c ./Source/FreeRTOS-Products/FreeRTOS/queue.o
 .text.prvUnlockQueue
                0x00002e80       0x98 ./Source/FreeRTOS-Products/FreeRTOS/queue.o
 .text.prvIsQueueEmpty
                0x00002f18       0x2c ./Source/FreeRTOS-Products/FreeRTOS/queue.o
 .text.prvIsQueueFull
                0x00002f44       0x30 ./Source/FreeRTOS-Products/FreeRTOS/queue.o
 .text.vQueueUnregisterQueue
                0x00002f74       0x44 ./Source/FreeRTOS-Products/FreeRTOS/queue.o
 .text.vQueueWaitForMessageRestricted
                0x00002fb8       0x54 ./Source/FreeRTOS-Products/FreeRTOS/queue.o
                0x00002fb8                vQueueWaitForMessageRestricted
 .text.xTaskGenericCreate
                0x0000300c      0x194 ./Source/FreeRTOS-Products/FreeRTOS/tasks.o
                0x0000300c                xTaskGenericCreate
 .text.vTaskDelay
                0x000031a0       0x50 ./Source/FreeRTOS-Products/FreeRTOS/tasks.o
                0x000031a0                vTaskDelay
 .text.vTaskStartScheduler
                0x000031f0       0x70 ./Source/FreeRTOS-Products/FreeRTOS/tasks.o
                0x000031f0                vTaskStartScheduler
 .text.vTaskSuspendAll
                0x00003260       0x1c ./Source/FreeRTOS-Products/FreeRTOS/tasks.o
                0x00003260                vTaskSuspendAll
 .text.xTaskResumeAll
                0x0000327c      0x104 ./Source/FreeRTOS-Products/FreeRTOS/tasks.o
                0x0000327c                xTaskResumeAll
 .text.xTaskGetTickCount
                0x00003380       0x24 ./Source/FreeRTOS-Products/FreeRTOS/tasks.o
                0x00003380                xTaskGetTickCount
 .text.xTaskGetTickCountFromISR
                0x000033a4       0x28 ./Source/FreeRTOS-Products/FreeRTOS/tasks.o
                0x000033a4                xTaskGetTickCountFromISR
 .text.vTaskIncrementTick
                0x000033cc      0x13c ./Source/FreeRTOS-Products/FreeRTOS/tasks.o
                0x000033cc                vTaskIncrementTick
 .text.vTaskSwitchContext
                0x00003508      0x110 ./Source/FreeRTOS-Products/FreeRTOS/tasks.o
                0x00003508                vTaskSwitchContext
 .text.vTaskPlaceOnEventList
                0x00003618       0x6c ./Source/FreeRTOS-Products/FreeRTOS/tasks.o
                0x00003618                vTaskPlaceOnEventList
 .text.vTaskPlaceOnEventListRestricted
                0x00003684       0x50 ./Source/FreeRTOS-Products/FreeRTOS/tasks.o
                0x00003684                vTaskPlaceOnEventListRestricted
 .text.xTaskRemoveFromEventList
                0x000036d4       0xac ./Source/FreeRTOS-Products/FreeRTOS/tasks.o
                0x000036d4                xTaskRemoveFromEventList
 .text.vTaskSetTimeOutState
                0x00003780       0x34 ./Source/FreeRTOS-Products/FreeRTOS/tasks.o
                0x00003780                vTaskSetTimeOutState
 .text.xTaskCheckForTimeOut
                0x000037b4       0xa0 ./Source/FreeRTOS-Products/FreeRTOS/tasks.o
                0x000037b4                xTaskCheckForTimeOut
 .text.vTaskMissedYield
                0x00003854       0x18 ./Source/FreeRTOS-Products/FreeRTOS/tasks.o
                0x00003854                vTaskMissedYield
 .text.prvIdleTask
                0x0000386c       0x10 ./Source/FreeRTOS-Products/FreeRTOS/tasks.o
 .text.prvInitialiseTCBVariables
                0x0000387c       0x70 ./Source/FreeRTOS-Products/FreeRTOS/tasks.o
 .text.prvInitialiseTaskLists
                0x000038ec       0x7c ./Source/FreeRTOS-Products/FreeRTOS/tasks.o
 .text.prvCheckTasksWaitingTermination
                0x00003968       0x74 ./Source/FreeRTOS-Products/FreeRTOS/tasks.o
 .text.prvAddCurrentTaskToDelayedList
                0x000039dc       0x6c ./Source/FreeRTOS-Products/FreeRTOS/tasks.o
 .text.prvAllocateTCBAndStack
                0x00003a48       0x64 ./Source/FreeRTOS-Products/FreeRTOS/tasks.o
 .text.prvDeleteTCB
                0x00003aac       0x20 ./Source/FreeRTOS-Products/FreeRTOS/tasks.o
 .text.xTaskGetCurrentTaskHandle
                0x00003acc       0x20 ./Source/FreeRTOS-Products/FreeRTOS/tasks.o
                0x00003acc                xTaskGetCurrentTaskHandle
 .text.xTaskGetSchedulerState
                0x00003aec       0x3c ./Source/FreeRTOS-Products/FreeRTOS/tasks.o
                0x00003aec                xTaskGetSchedulerState
 .text.vTaskPriorityInherit
                0x00003b28       0xa8 ./Source/FreeRTOS-Products/FreeRTOS/tasks.o
                0x00003b28                vTaskPriorityInherit
 .text.vTaskPriorityDisinherit
                0x00003bd0       0x7c ./Source/FreeRTOS-Products/FreeRTOS/tasks.o
                0x00003bd0                vTaskPriorityDisinherit
 .text.xTimerCreateTimerTask
                0x00003c4c       0x58 ./Source/FreeRTOS-Products/FreeRTOS/timers.o
                0x00003c4c                xTimerCreateTimerTask
 .text.xTimerGenericCommand
                0x00003ca4       0x8c ./Source/FreeRTOS-Products/FreeRTOS/timers.o
                0x00003ca4                xTimerGenericCommand
 .text.prvProcessExpiredTimer
                0x00003d30       0x70 ./Source/FreeRTOS-Products/FreeRTOS/timers.o
 .text.prvTimerTask
                0x00003da0       0x24 ./Source/FreeRTOS-Products/FreeRTOS/timers.o
 .text.prvProcessTimerOrBlockTask
                0x00003dc4       0x6c ./Source/FreeRTOS-Products/FreeRTOS/timers.o
 .text.prvGetNextExpireTime
                0x00003e30       0x48 ./Source/FreeRTOS-Products/FreeRTOS/timers.o
 .text.prvSampleTimeNow
                0x00003e78       0x44 ./Source/FreeRTOS-Products/FreeRTOS/timers.o
 .text.prvInsertTimerInActiveList
                0x00003ebc       0x84 ./Source/FreeRTOS-Products/FreeRTOS/timers.o
 .text.prvProcessReceivedCommands
                0x00003f40       0xf0 ./Source/FreeRTOS-Products/FreeRTOS/timers.o
 .text.prvSwitchTimerLists
                0x00004030       0xb4 ./Source/FreeRTOS-Products/FreeRTOS/timers.o
 .text.prvCheckForValidListAndQueue
                0x000040e4       0x54 ./Source/FreeRTOS-Products/FreeRTOS/timers.o
 .text.pop_registers_from_fault_stack
                0x00004138       0x24 ./Source/cr_startup_lpc176x.o
                0x00004138                pop_registers_from_fault_stack
 .text.NVIC_SetPriorityGrouping
                0x0000415c       0x48 ./Source/main.o
 .text.main     0x000041a4       0x1c ./Source/main.o
                0x000041a4                main
 .text.vMainConfigureTimerForRunTimeStats
                0x000041c0       0x28 ./Source/main.o
                0x000041c0                vMainConfigureTimerForRunTimeStats
 .text.ulMainGetRunTimeCounterValue
                0x000041e8       0x8c ./Source/main.o
                0x000041e8                ulMainGetRunTimeCounterValue
 .text.vApplicationStackOverflowHook
                0x00004274       0x10 ./Source/main.o
                0x00004274                vApplicationStackOverflowHook
 .text.vApplicationMallocFailedHook
                0x00004284        0xc ./Source/main.o
                0x00004284                vApplicationMallocFailedHook
 .text.vUARTStart
                0x00004290       0x70 ./Source/pwmctrl.o
                0x00004290                vUARTStart
 .text.prvUARTReceiver
                0x00004300      0x12c ./Source/pwmctrl.o
                0x00004300                prvUARTReceiver
 .text.prvParseCommand
                0x0000442c       0x80 ./Source/pwmctrl.o
                0x0000442c                prvParseCommand
 .text.vArmControllerTaskStart
                0x000044ac       0x34 ./Source/pwmctrl.o
                0x000044ac                vArmControllerTaskStart
 .text.prvArmController
                0x000044e0      0x1f8 ./Source/pwmctrl.o
                0x000044e0                prvArmController
 .text.prvInitPWM
                0x000046d8       0xc4 ./Source/pwmctrl.o
                0x000046d8                prvInitPWM
 .text.vBaseControllerTaskStart
                0x0000479c       0x34 ./Source/pwmctrl.o
                0x0000479c                vBaseControllerTaskStart
 .text.prvBaseController
                0x000047d0      0x118 ./Source/pwmctrl.o
                0x000047d0                prvBaseController
 .text.NVIC_EnableIRQ
                0x000048e8       0x30 /media/will/Data/LPCXpresso/FreeRTOS+IO WS/lpc17xx.cmsis.driver.library/Debug/liblpc17xx.cmsis.driver.library.a(lpc17xx_i2c.o)
 .text.NVIC_DisableIRQ
                0x00004918       0x34 /media/will/Data/LPCXpresso/FreeRTOS+IO WS/lpc17xx.cmsis.driver.library/Debug/liblpc17xx.cmsis.driver.library.a(lpc17xx_i2c.o)
 .text.I2C_getNum
                0x0000494c       0x48 /media/will/Data/LPCXpresso/FreeRTOS+IO WS/lpc17xx.cmsis.driver.library/Debug/liblpc17xx.cmsis.driver.library.a(lpc17xx_i2c.o)
 .text.I2C_Start
                0x00004994       0x3c /media/will/Data/LPCXpresso/FreeRTOS+IO WS/lpc17xx.cmsis.driver.library/Debug/liblpc17xx.cmsis.driver.library.a(lpc17xx_i2c.o)
                0x00004994                I2C_Start
 .text.I2C_Stop
                0x000049d0       0x30 /media/will/Data/LPCXpresso/FreeRTOS+IO WS/lpc17xx.cmsis.driver.library/Debug/liblpc17xx.cmsis.driver.library.a(lpc17xx_i2c.o)
                0x000049d0                I2C_Stop
 .text.I2C_SendByte
                0x00004a00       0x4c /media/will/Data/LPCXpresso/FreeRTOS+IO WS/lpc17xx.cmsis.driver.library/Debug/liblpc17xx.cmsis.driver.library.a(lpc17xx_i2c.o)
 .text.I2C_GetByte
                0x00004a4c       0x54 /media/will/Data/LPCXpresso/FreeRTOS+IO WS/lpc17xx.cmsis.driver.library/Debug/liblpc17xx.cmsis.driver.library.a(lpc17xx_i2c.o)
 .text.I2C_SetClock
                0x00004aa0       0xa0 /media/will/Data/LPCXpresso/FreeRTOS+IO WS/lpc17xx.cmsis.driver.library/Debug/liblpc17xx.cmsis.driver.library.a(lpc17xx_i2c.o)
                0x00004aa0                I2C_SetClock
 .text.I2C_Init
                0x00004b40       0xa4 /media/will/Data/LPCXpresso/FreeRTOS+IO WS/lpc17xx.cmsis.driver.library/Debug/liblpc17xx.cmsis.driver.library.a(lpc17xx_i2c.o)
                0x00004b40                I2C_Init
 .text.I2C_Cmd  0x00004be4       0x70 /media/will/Data/LPCXpresso/FreeRTOS+IO WS/lpc17xx.cmsis.driver.library/Debug/liblpc17xx.cmsis.driver.library.a(lpc17xx_i2c.o)
                0x00004be4                I2C_Cmd
 .text.I2C_IntCmd
                0x00004c54       0x84 /media/will/Data/LPCXpresso/FreeRTOS+IO WS/lpc17xx.cmsis.driver.library/Debug/liblpc17xx.cmsis.driver.library.a(lpc17xx_i2c.o)
                0x00004c54                I2C_IntCmd
 .text.I2C_MasterTransferData
                0x00004cd8      0x2d8 /media/will/Data/LPCXpresso/FreeRTOS+IO WS/lpc17xx.cmsis.driver.library/Debug/liblpc17xx.cmsis.driver.library.a(lpc17xx_i2c.o)
                0x00004cd8                I2C_MasterTransferData
 .text.check_failed
                0x00004fb0        0xc /media/will/Data/LPCXpresso/FreeRTOS+IO WS/lpc17xx.cmsis.driver.library/Debug/liblpc17xx.cmsis.driver.library.a(lpc17xx_libcfg_default.o)
                0x00004fb0                check_failed
 .text.set_PinFunc
                0x00004fbc       0x84 /media/will/Data/LPCXpresso/FreeRTOS+IO WS/lpc17xx.cmsis.driver.library/Debug/liblpc17xx.cmsis.driver.library.a(lpc17xx_pinsel.o)
 .text.set_ResistorMode
                0x00005040       0x84 /media/will/Data/LPCXpresso/FreeRTOS+IO WS/lpc17xx.cmsis.driver.library/Debug/liblpc17xx.cmsis.driver.library.a(lpc17xx_pinsel.o)
 .text.set_OpenDrainMode
                0x000050c4       0x6c /media/will/Data/LPCXpresso/FreeRTOS+IO WS/lpc17xx.cmsis.driver.library/Debug/liblpc17xx.cmsis.driver.library.a(lpc17xx_pinsel.o)
 .text.PINSEL_ConfigPin
                0x00005130       0x50 /media/will/Data/LPCXpresso/FreeRTOS+IO WS/lpc17xx.cmsis.driver.library/Debug/liblpc17xx.cmsis.driver.library.a(lpc17xx_pinsel.o)
                0x00005130                PINSEL_ConfigPin
 .text.setSSPclock
                0x00005180       0xc4 /media/will/Data/LPCXpresso/FreeRTOS+IO WS/lpc17xx.cmsis.driver.library/Debug/liblpc17xx.cmsis.driver.library.a(lpc17xx_ssp.o)
 .text.SSP_Init
                0x00005244       0x9c /media/will/Data/LPCXpresso/FreeRTOS+IO WS/lpc17xx.cmsis.driver.library/Debug/liblpc17xx.cmsis.driver.library.a(lpc17xx_ssp.o)
                0x00005244                SSP_Init
 .text.SSP_DeInit
                0x000052e0       0x58 /media/will/Data/LPCXpresso/FreeRTOS+IO WS/lpc17xx.cmsis.driver.library/Debug/liblpc17xx.cmsis.driver.library.a(lpc17xx_ssp.o)
                0x000052e0                SSP_DeInit
 .text.SSP_GetDataSize
                0x00005338       0x40 /media/will/Data/LPCXpresso/FreeRTOS+IO WS/lpc17xx.cmsis.driver.library/Debug/liblpc17xx.cmsis.driver.library.a(lpc17xx_ssp.o)
                0x00005338                SSP_GetDataSize
 .text.SSP_ConfigStructInit
                0x00005378       0x3c /media/will/Data/LPCXpresso/FreeRTOS+IO WS/lpc17xx.cmsis.driver.library/Debug/liblpc17xx.cmsis.driver.library.a(lpc17xx_ssp.o)
                0x00005378                SSP_ConfigStructInit
 .text.SSP_Cmd  0x000053b4       0x6c /media/will/Data/LPCXpresso/FreeRTOS+IO WS/lpc17xx.cmsis.driver.library/Debug/liblpc17xx.cmsis.driver.library.a(lpc17xx_ssp.o)
                0x000053b4                SSP_Cmd
 .text.SSP_SendData
                0x00005420       0x40 /media/will/Data/LPCXpresso/FreeRTOS+IO WS/lpc17xx.cmsis.driver.library/Debug/liblpc17xx.cmsis.driver.library.a(lpc17xx_ssp.o)
                0x00005420                SSP_SendData
 .text.SSP_ReceiveData
                0x00005460       0x3c /media/will/Data/LPCXpresso/FreeRTOS+IO WS/lpc17xx.cmsis.driver.library/Debug/liblpc17xx.cmsis.driver.library.a(lpc17xx_ssp.o)
                0x00005460                SSP_ReceiveData
 .text.SSP_ReadWrite
                0x0000549c      0x350 /media/will/Data/LPCXpresso/FreeRTOS+IO WS/lpc17xx.cmsis.driver.library/Debug/liblpc17xx.cmsis.driver.library.a(lpc17xx_ssp.o)
                0x0000549c                SSP_ReadWrite
 .text.SSP_IntConfig
                0x000057ec       0x60 /media/will/Data/LPCXpresso/FreeRTOS+IO WS/lpc17xx.cmsis.driver.library/Debug/liblpc17xx.cmsis.driver.library.a(lpc17xx_ssp.o)
                0x000057ec                SSP_IntConfig
 .text.uart_set_divisors
                0x0000584c      0x214 /media/will/Data/LPCXpresso/FreeRTOS+IO WS/lpc17xx.cmsis.driver.library/Debug/liblpc17xx.cmsis.driver.library.a(lpc17xx_uart.o)
 .text.UART_Init
                0x00005a60      0x2e4 /media/will/Data/LPCXpresso/FreeRTOS+IO WS/lpc17xx.cmsis.driver.library/Debug/liblpc17xx.cmsis.driver.library.a(lpc17xx_uart.o)
                0x00005a60                UART_Init
 .text.UART_SendByte
                0x00005d44       0x68 /media/will/Data/LPCXpresso/FreeRTOS+IO WS/lpc17xx.cmsis.driver.library/Debug/liblpc17xx.cmsis.driver.library.a(lpc17xx_uart.o)
                0x00005d44                UART_SendByte
 .text.UART_ReceiveByte
                0x00005dac       0x64 /media/will/Data/LPCXpresso/FreeRTOS+IO WS/lpc17xx.cmsis.driver.library/Debug/liblpc17xx.cmsis.driver.library.a(lpc17xx_uart.o)
                0x00005dac                UART_ReceiveByte
 .text.UART_Send
                0x00005e10       0xe8 /media/will/Data/LPCXpresso/FreeRTOS+IO WS/lpc17xx.cmsis.driver.library/Debug/liblpc17xx.cmsis.driver.library.a(lpc17xx_uart.o)
                0x00005e10                UART_Send
 .text.UART_Receive
                0x00005ef8       0xb8 /media/will/Data/LPCXpresso/FreeRTOS+IO WS/lpc17xx.cmsis.driver.library/Debug/liblpc17xx.cmsis.driver.library.a(lpc17xx_uart.o)
                0x00005ef8                UART_Receive
 .text.UART_IntConfig
                0x00005fb0      0x184 /media/will/Data/LPCXpresso/FreeRTOS+IO WS/lpc17xx.cmsis.driver.library/Debug/liblpc17xx.cmsis.driver.library.a(lpc17xx_uart.o)
                0x00005fb0                UART_IntConfig
 .text.UART_GetIntId
                0x00006134       0x58 /media/will/Data/LPCXpresso/FreeRTOS+IO WS/lpc17xx.cmsis.driver.library/Debug/liblpc17xx.cmsis.driver.library.a(lpc17xx_uart.o)
                0x00006134                UART_GetIntId
 .text.UART_CheckBusy
                0x0000618c       0x28 /media/will/Data/LPCXpresso/FreeRTOS+IO WS/lpc17xx.cmsis.driver.library/Debug/liblpc17xx.cmsis.driver.library.a(lpc17xx_uart.o)
                0x0000618c                UART_CheckBusy
 .text.UART_FIFOConfig
                0x000061b4      0x158 /media/will/Data/LPCXpresso/FreeRTOS+IO WS/lpc17xx.cmsis.driver.library/Debug/liblpc17xx.cmsis.driver.library.a(lpc17xx_uart.o)
                0x000061b4                UART_FIFOConfig
 .text.UART_TxCmd
                0x0000630c       0xc8 /media/will/Data/LPCXpresso/FreeRTOS+IO WS/lpc17xx.cmsis.driver.library/Debug/liblpc17xx.cmsis.driver.library.a(lpc17xx_uart.o)
                0x0000630c                UART_TxCmd
 .text.CLKPWR_SetPCLKDiv
                0x000063d4       0x8c /media/will/Data/LPCXpresso/FreeRTOS+IO WS/lpc17xx.cmsis.driver.library/Debug/liblpc17xx.cmsis.driver.library.a(lpc17xx_clkpwr.o)
                0x000063d4                CLKPWR_SetPCLKDiv
 .text.CLKPWR_GetPCLKSEL
                0x00006460       0x4c /media/will/Data/LPCXpresso/FreeRTOS+IO WS/lpc17xx.cmsis.driver.library/Debug/liblpc17xx.cmsis.driver.library.a(lpc17xx_clkpwr.o)
                0x00006460                CLKPWR_GetPCLKSEL
 .text.CLKPWR_GetPCLK
                0x000064ac       0x64 /media/will/Data/LPCXpresso/FreeRTOS+IO WS/lpc17xx.cmsis.driver.library/Debug/liblpc17xx.cmsis.driver.library.a(lpc17xx_clkpwr.o)
                0x000064ac                CLKPWR_GetPCLK
 .text.CLKPWR_ConfigPPWR
                0x00006510       0x58 /media/will/Data/LPCXpresso/FreeRTOS+IO WS/lpc17xx.cmsis.driver.library/Debug/liblpc17xx.cmsis.driver.library.a(lpc17xx_clkpwr.o)
                0x00006510                CLKPWR_ConfigPPWR
 .text.SystemInit
                0x00006568       0xe0 /media/will/Data/LPCXpresso/FreeRTOS+IO WS/CMSISv2p00_LPC17xx/Debug/libCMSISv2p00_LPC17xx.a(system_LPC17xx.o)
                0x00006568                SystemInit
 .text.__main   0x00006648       0x14 /usr/local/lpcxpresso_7.5.0_254/lpcxpresso/tools/bin/../lib/gcc/arm-none-eabi/4.8.4/../../../../arm-none-eabi/lib/armv7-m/libcr_nohost.a(_cr__main.o)
                0x00006648                __main
 .text.memcpy   0x0000665c        0x4 /usr/local/lpcxpresso_7.5.0_254/lpcxpresso/tools/bin/../lib/gcc/arm-none-eabi/4.8.4/../../../../arm-none-eabi/lib/armv7-m/libcr_c.a(memcpy.o)
                0x0000665c                memcpy
 .text.memset   0x00006660        0x4 /usr/local/lpcxpresso_7.5.0_254/lpcxpresso/tools/bin/../lib/gcc/arm-none-eabi/4.8.4/../../../../arm-none-eabi/lib/armv7-m/libcr_c.a(memset.o)
                0x00006660                memset
 .text._initio  0x00006664       0xa4 /usr/local/lpcxpresso_7.5.0_254/lpcxpresso/tools/bin/../lib/gcc/arm-none-eabi/4.8.4/../../../../arm-none-eabi/lib/armv7-m/libcr_c.a(initio.o)
                0x00006664                _initio
 .text.itoa     0x00006708       0x60 /usr/local/lpcxpresso_7.5.0_254/lpcxpresso/tools/bin/../lib/gcc/arm-none-eabi/4.8.4/../../../../arm-none-eabi/lib/armv7-m/libcr_c.a(itoa.o)
                0x00006708                itoa
 .text.memcmp   0x00006768       0x44 /usr/local/lpcxpresso_7.5.0_254/lpcxpresso/tools/bin/../lib/gcc/arm-none-eabi/4.8.4/../../../../arm-none-eabi/lib/armv7-m/libcr_c.a(memcmp.o)
                0x00006768                memcmp
 .text.setvbuf  0x000067ac       0x40 /usr/local/lpcxpresso_7.5.0_254/lpcxpresso/tools/bin/../lib/gcc/arm-none-eabi/4.8.4/../../../../arm-none-eabi/lib/armv7-m/libcr_c.a(setvbuf.o)
                0x000067ac                setvbuf
 .text.strcmp   0x000067ec       0x44 /usr/local/lpcxpresso_7.5.0_254/lpcxpresso/tools/bin/../lib/gcc/arm-none-eabi/4.8.4/../../../../arm-none-eabi/lib/armv7-m/libcr_c.a(strcmp.o)
                0x000067ec                strcmp
 .text.strlen   0x00006830       0x4a /usr/local/lpcxpresso_7.5.0_254/lpcxpresso/tools/bin/../lib/gcc/arm-none-eabi/4.8.4/../../../../arm-none-eabi/lib/armv7-m/libcr_c.a(strlen.o)
                0x00006830                strlen
 .text.strncpy  0x0000687a       0x58 /usr/local/lpcxpresso_7.5.0_254/lpcxpresso/tools/bin/../lib/gcc/arm-none-eabi/4.8.4/../../../../arm-none-eabi/lib/armv7-m/libcr_c.a(strncpy.o)
                0x0000687a                strncpy
 .text._deferredlazyseek
                0x000068d2       0x44 /usr/local/lpcxpresso_7.5.0_254/lpcxpresso/tools/bin/../lib/gcc/arm-none-eabi/4.8.4/../../../../arm-none-eabi/lib/armv7-m/libcr_c.a(_deferredlazyseek.o)
                0x000068d2                _deferredlazyseek
 .text._fdopen  0x00006916       0x6a /usr/local/lpcxpresso_7.5.0_254/lpcxpresso/tools/bin/../lib/gcc/arm-none-eabi/4.8.4/../../../../arm-none-eabi/lib/armv7-m/libcr_c.a(_fdopen.o)
                0x00006916                _fdopen
 .text._fflush  0x00006980       0x58 /usr/local/lpcxpresso_7.5.0_254/lpcxpresso/tools/bin/../lib/gcc/arm-none-eabi/4.8.4/../../../../arm-none-eabi/lib/armv7-m/libcr_c.a(_fflush.o)
                0x00006980                _fflush
 .text._Cwritebuf
                0x000069d8       0x70 /usr/local/lpcxpresso_7.5.0_254/lpcxpresso/tools/bin/../lib/gcc/arm-none-eabi/4.8.4/../../../../arm-none-eabi/lib/armv7-m/libcr_c.a(_writebuf.o)
                0x000069d8                _Cwritebuf
 .text.malloc   0x00006a48       0xc8 /usr/local/lpcxpresso_7.5.0_254/lpcxpresso/tools/bin/../lib/gcc/arm-none-eabi/4.8.4/../../../../arm-none-eabi/lib/armv7-m/libcr_c.a(alloc.o)
                0x00006a48                malloc
 .text.free     0x00006b10        0xc /usr/local/lpcxpresso_7.5.0_254/lpcxpresso/tools/bin/../lib/gcc/arm-none-eabi/4.8.4/../../../../arm-none-eabi/lib/armv7-m/libcr_c.a(alloc.o)
                0x00006b10                free
 .text._Csys_alloc
                0x00006b1c       0x20 /usr/local/lpcxpresso_7.5.0_254/lpcxpresso/tools/bin/../lib/gcc/arm-none-eabi/4.8.4/../../../../arm-none-eabi/lib/armv7-m/libcr_c.a(alloc.o)
                0x00006b1c                _Csys_alloc
 .text.fclose   0x00006b3c       0x6c /usr/local/lpcxpresso_7.5.0_254/lpcxpresso/tools/bin/../lib/gcc/arm-none-eabi/4.8.4/../../../../arm-none-eabi/lib/armv7-m/libcr_c.a(fclose.o)
                0x00006b3c                fclose
 .text.fflush   0x00006ba8       0x30 /usr/local/lpcxpresso_7.5.0_254/lpcxpresso/tools/bin/../lib/gcc/arm-none-eabi/4.8.4/../../../../arm-none-eabi/lib/armv7-m/libcr_c.a(fflush.o)
                0x00006ba8                fflush
 .text.fseek    0x00006bd8      0x10c /usr/local/lpcxpresso_7.5.0_254/lpcxpresso/tools/bin/../lib/gcc/arm-none-eabi/4.8.4/../../../../arm-none-eabi/lib/armv7-m/libcr_c.a(fseek.o)
                0x00006bd8                fseek
 .text.ftell    0x00006ce4       0x4c /usr/local/lpcxpresso_7.5.0_254/lpcxpresso/tools/bin/../lib/gcc/arm-none-eabi/4.8.4/../../../../arm-none-eabi/lib/armv7-m/libcr_c.a(ftell.o)
                0x00006ce4                ftell
 .text.remove   0x00006d30       0x14 /usr/local/lpcxpresso_7.5.0_254/lpcxpresso/tools/bin/../lib/gcc/arm-none-eabi/4.8.4/../../../../arm-none-eabi/lib/armv7-m/libcr_c.a(remove.o)
                0x00006d30                remove
 .text._sbrk    0x00006d44       0x40 /usr/local/lpcxpresso_7.5.0_254/lpcxpresso/tools/bin/../lib/gcc/arm-none-eabi/4.8.4/../../../../arm-none-eabi/lib/armv7-m/libcr_c.a(_cr_sbrk.o)
                0x00006d44                _sbrk
 .text._do_fflush
                0x00006d84       0x44 /usr/local/lpcxpresso_7.5.0_254/lpcxpresso/tools/bin/../lib/gcc/arm-none-eabi/4.8.4/../../../../arm-none-eabi/lib/armv7-m/libcr_c.a(_do_fflush.o)
                0x00006d84                _do_fflush
 .text.__check_heap_overflow
                0x00006dc8       0x18 /usr/local/lpcxpresso_7.5.0_254/lpcxpresso/tools/bin/../lib/gcc/arm-none-eabi/4.8.4/../../../../arm-none-eabi/lib/armv7-m/libcr_c.a(_cr_check_heap.o)
                0x00006dc8                __check_heap_overflow
 .text.__aeabi_memcpy
                0x00006de0       0x3a /usr/local/lpcxpresso_7.5.0_254/lpcxpresso/tools/bin/../lib/gcc/arm-none-eabi/4.8.4/armv7-m/libcr_eabihelpers.a(memcpy.o)
                0x00006de0                __aeabi_memcpy
                0x00006dec                __aeabi_memcpy4
                0x00006dec                __aeabi_memcpy8
 .text.__aeabi_memset_lowlevel
                0x00006e1a       0x38 /usr/local/lpcxpresso_7.5.0_254/lpcxpresso/tools/bin/../lib/gcc/arm-none-eabi/4.8.4/armv7-m/libcr_eabihelpers.a(memcpy.o)
                0x00006e1a                __aeabi_lowlevel_memset
 .text.__sys_appexit
                0x00006e52        0x2 /usr/local/lpcxpresso_7.5.0_254/lpcxpresso/tools/bin/../lib/gcc/arm-none-eabi/4.8.4/../../../../arm-none-eabi/lib/armv7-m/libcr_nohost.a(__sys_appexit.o)
                0x00006e52                __exit
                0x00006e52                __sys_appexit
 .text.__sys_close
                0x00006e54        0x6 /usr/local/lpcxpresso_7.5.0_254/lpcxpresso/tools/bin/../lib/gcc/arm-none-eabi/4.8.4/../../../../arm-none-eabi/lib/armv7-m/libcr_nohost.a(__sys_close.o)
                0x00006e54                __sys_close
 .text.__sys_flen
                0x00006e5a        0x6 /usr/local/lpcxpresso_7.5.0_254/lpcxpresso/tools/bin/../lib/gcc/arm-none-eabi/4.8.4/../../../../arm-none-eabi/lib/armv7-m/libcr_nohost.a(__sys_flen.o)
                0x00006e5a                __sys_flen
 .text.__sys_istty
                0x00006e60        0x6 /usr/local/lpcxpresso_7.5.0_254/lpcxpresso/tools/bin/../lib/gcc/arm-none-eabi/4.8.4/../../../../arm-none-eabi/lib/armv7-m/libcr_nohost.a(__sys_istty.o)
                0x00006e60                __sys_istty
 .text.__sys_remove
                0x00006e66        0x6 /usr/local/lpcxpresso_7.5.0_254/lpcxpresso/tools/bin/../lib/gcc/arm-none-eabi/4.8.4/../../../../arm-none-eabi/lib/armv7-m/libcr_nohost.a(__sys_remove.o)
                0x00006e66                __sys_remove
 .text.__sys_seek
                0x00006e6c        0x6 /usr/local/lpcxpresso_7.5.0_254/lpcxpresso/tools/bin/../lib/gcc/arm-none-eabi/4.8.4/../../../../arm-none-eabi/lib/armv7-m/libcr_nohost.a(__sys_seek.o)
                0x00006e6c                __sys_seek
 .text.__sys_tmpnam
                0x00006e72        0x6 /usr/local/lpcxpresso_7.5.0_254/lpcxpresso/tools/bin/../lib/gcc/arm-none-eabi/4.8.4/../../../../arm-none-eabi/lib/armv7-m/libcr_nohost.a(__sys_tmpnam.o)
                0x00006e72                __sys_tmpnam
 .text.__sys_write
                0x00006e78        0x4 /usr/local/lpcxpresso_7.5.0_254/lpcxpresso/tools/bin/../lib/gcc/arm-none-eabi/4.8.4/../../../../arm-none-eabi/lib/armv7-m/libcr_nohost.a(__sys_write.o)
                0x00006e78                __write
                0x00006e78                __sys_write
 *(.rodata .rodata.* .constdata .constdata.*)
 .rodata.xIRQ   0x00006e7c        0x4 ./Source/FreeRTOS-Products/FreeRTOS-Plus-IO/Device/LPC17xx/FreeRTOS_lpc17xx_i2c.o
 .rodata.xIRQ   0x00006e80        0x4 ./Source/FreeRTOS-Products/FreeRTOS-Plus-IO/Device/LPC17xx/FreeRTOS_lpc17xx_ssp.o
 .rodata.xIRQ   0x00006e84        0x4 ./Source/FreeRTOS-Products/FreeRTOS-Plus-IO/Device/LPC17xx/FreeRTOS_lpc17xx_uart.o
 .rodata        0x00006e88       0x18 ./Source/FreeRTOS-Products/FreeRTOS-Plus-IO/Common/FreeRTOS_DriverInterface.o
 .rodata.xAvailablePeripherals
                0x00006ea0       0x24 ./Source/FreeRTOS-Products/FreeRTOS-Plus-IO/Common/FreeRTOS_DriverInterface.o
 .rodata        0x00006ec4       0x50 ./Source/FreeRTOS-Products/FreeRTOS/tasks.o
 .rodata.ucExpectedStackBytes.4569
                0x00006f14       0x14 ./Source/FreeRTOS-Products/FreeRTOS/tasks.o
 .rodata        0x00006f28        0x8 ./Source/FreeRTOS-Products/FreeRTOS/timers.o
 .rodata        0x00006f30       0x28 ./Source/pwmctrl.o
 .rodata        0x00006f58       0x18 /media/will/Data/LPCXpresso/FreeRTOS+IO WS/lpc17xx.cmsis.driver.library/Debug/liblpc17xx.cmsis.driver.library.a(lpc17xx_i2c.o)
 .rodata        0x00006f70       0x18 /media/will/Data/LPCXpresso/FreeRTOS+IO WS/lpc17xx.cmsis.driver.library/Debug/liblpc17xx.cmsis.driver.library.a(lpc17xx_ssp.o)
 .rodata        0x00006f88       0x1c /media/will/Data/LPCXpresso/FreeRTOS+IO WS/lpc17xx.cmsis.driver.library/Debug/liblpc17xx.cmsis.driver.library.a(lpc17xx_uart.o)
 .rodata.str1.1
                0x00006fa4        0x4 /usr/local/lpcxpresso_7.5.0_254/lpcxpresso/tools/bin/../lib/gcc/arm-none-eabi/4.8.4/../../../../arm-none-eabi/lib/armv7-m/libcr_c.a(initio.o)
 .rodata.digits
                0x00006fa8       0x11 /usr/local/lpcxpresso_7.5.0_254/lpcxpresso/tools/bin/../lib/gcc/arm-none-eabi/4.8.4/../../../../arm-none-eabi/lib/armv7-m/libcr_c.a(itoa.o)
 .rodata.str1.1
                0x00006fb9       0x18 /usr/local/lpcxpresso_7.5.0_254/lpcxpresso/tools/bin/../lib/gcc/arm-none-eabi/4.8.4/../../../../arm-none-eabi/lib/armv7-m/libcr_c.a(alloc.o)
                0x00006fd4                . = ALIGN (0x4)
 *fill*         0x00006fd1        0x3 ff

.glue_7         0x00006fd4        0x0
 .glue_7        0x00000000        0x0 linker stubs

.glue_7t        0x00006fd4        0x0
 .glue_7t       0x00000000        0x0 linker stubs

.vfp11_veneer   0x00006fd4        0x0
 .vfp11_veneer  0x00000000        0x0 linker stubs

.v4_bx          0x00006fd4        0x0
 .v4_bx         0x00000000        0x0 linker stubs

.iplt           0x00006fd4        0x0
 .iplt          0x00000000        0x0 ./Source/FreeRTOS-Products/FreeRTOS/portable/MemMang/heap_2.o

.rel.dyn        0x00006fd4        0x0
 .rel.iplt      0x00000000        0x0 ./Source/FreeRTOS-Products/FreeRTOS/portable/MemMang/heap_2.o

.ARM.extab
 *(.ARM.extab* .gnu.linkonce.armextab.*)
                0x00006fd4                __exidx_start = .

.ARM.exidx
 *(.ARM.exidx* .gnu.linkonce.armexidx.*)
                0x00006fd4                __exidx_end = .
                0x00006fd4                _etext = .

.data_RAM2      0x2007c000        0x0 load address 0x00006fd4
 FILL mask 0xff
 *(.ramfunc.$RAM2)
 *(.ramfunc.$RamAHB32)
 *(.data.$RAM2*)
 *(.data.$RamAHB32*)
                0x2007c000                . = ALIGN (0x4)

.uninit_RESERVED
                0x10000000        0x0
 *(.bss.$RESERVED*)
                0x10000000                . = ALIGN (0x4)
                0x10000000                _end_uninit_RESERVED = .

.data           0x10000000       0x10 load address 0x00006fd4
 FILL mask 0xff
                0x10000000                _data = .
 *(vtable)
 *(.ramfunc*)
 *(.data*)
 .data.xFreeBytesRemaining
                0x10000000        0x4 ./Source/FreeRTOS-Products/FreeRTOS/portable/MemMang/heap_2.o
 .data.uxCriticalNesting
                0x10000004        0x4 ./Source/FreeRTOS-Products/FreeRTOS/portable/GCC/ARM_CM3/port.o
 .data.xNextTaskUnblockTime
                0x10000008        0x4 ./Source/FreeRTOS-Products/FreeRTOS/tasks.o
 .data.SystemCoreClock
                0x1000000c        0x4 /media/will/Data/LPCXpresso/FreeRTOS+IO WS/CMSISv2p00_LPC17xx/Debug/libCMSISv2p00_LPC17xx.a(system_LPC17xx.o)
                0x1000000c                SystemCoreClock
                0x10000010                . = ALIGN (0x4)
                0x10000010                _edata = .

.igot.plt       0x10000010        0x0 load address 0x00006fe4
 .igot.plt      0x00000000        0x0 ./Source/FreeRTOS-Products/FreeRTOS/portable/MemMang/heap_2.o

.bss_RAM2       0x2007c000        0x0
 *(.bss.$RAM2*)
 *(.bss.$RamAHB32*)
                0x2007c000                . = ALIGN (0x4)

.bss            0x10000010     0x4018
                0x10000010                _bss = .
 *(.bss*)
 .bss.xHeap     0x10000010     0x3c00 ./Source/FreeRTOS-Products/FreeRTOS/portable/MemMang/heap_2.o
 .bss.xStart    0x10003c10        0x8 ./Source/FreeRTOS-Products/FreeRTOS/portable/MemMang/heap_2.o
 .bss.xEnd      0x10003c18        0x8 ./Source/FreeRTOS-Products/FreeRTOS/portable/MemMang/heap_2.o
 .bss.xHeapHasBeenInitialised.4108
                0x10003c20        0x4 ./Source/FreeRTOS-Products/FreeRTOS/portable/MemMang/heap_2.o
 .bss.pxTxTransferControlStructs
                0x10003c24        0xc ./Source/FreeRTOS-Products/FreeRTOS-Plus-IO/Device/LPC17xx/FreeRTOS_lpc17xx_i2c.o
 .bss.pxRxTransferControlStructs
                0x10003c30        0xc ./Source/FreeRTOS-Products/FreeRTOS-Plus-IO/Device/LPC17xx/FreeRTOS_lpc17xx_i2c.o
 .bss.ucSlaveAddresses
                0x10003c3c        0x4 ./Source/FreeRTOS-Products/FreeRTOS-Plus-IO/Device/LPC17xx/FreeRTOS_lpc17xx_i2c.o
 .bss.xDataDirection
                0x10003c40        0x4 ./Source/FreeRTOS-Products/FreeRTOS-Plus-IO/Device/LPC17xx/FreeRTOS_lpc17xx_i2c.o
 .bss.xBytesOutstanding
                0x10003c44        0xc ./Source/FreeRTOS-Products/FreeRTOS-Plus-IO/Device/LPC17xx/FreeRTOS_lpc17xx_i2c.o
 .bss.pxTxTransferControlStructs
                0x10003c50        0x8 ./Source/FreeRTOS-Products/FreeRTOS-Plus-IO/Device/LPC17xx/FreeRTOS_lpc17xx_ssp.o
 .bss.pxRxTransferControlStructs
                0x10003c58        0x8 ./Source/FreeRTOS-Products/FreeRTOS-Plus-IO/Device/LPC17xx/FreeRTOS_lpc17xx_ssp.o
 .bss.ulReceiveActive
                0x10003c60        0x8 ./Source/FreeRTOS-Products/FreeRTOS-Plus-IO/Device/LPC17xx/FreeRTOS_lpc17xx_ssp.o
 .bss.xSSPConfigurations
                0x10003c68       0x30 ./Source/FreeRTOS-Products/FreeRTOS-Plus-IO/Device/LPC17xx/FreeRTOS_lpc17xx_ssp.o
 .bss.pxTxTransferControlStructs
                0x10003c98       0x10 ./Source/FreeRTOS-Products/FreeRTOS-Plus-IO/Device/LPC17xx/FreeRTOS_lpc17xx_uart.o
 .bss.pxRxTransferControlStructs
                0x10003ca8       0x10 ./Source/FreeRTOS-Products/FreeRTOS-Plus-IO/Device/LPC17xx/FreeRTOS_lpc17xx_uart.o
 .bss.pxCurrentTCB
                0x10003cb8        0x4 ./Source/FreeRTOS-Products/FreeRTOS/tasks.o
                0x10003cb8                pxCurrentTCB
 .bss.pxReadyTasksLists
                0x10003cbc       0x8c ./Source/FreeRTOS-Products/FreeRTOS/tasks.o
 .bss.xDelayedTaskList1
                0x10003d48       0x14 ./Source/FreeRTOS-Products/FreeRTOS/tasks.o
 .bss.xDelayedTaskList2
                0x10003d5c       0x14 ./Source/FreeRTOS-Products/FreeRTOS/tasks.o
 .bss.pxDelayedTaskList
                0x10003d70        0x4 ./Source/FreeRTOS-Products/FreeRTOS/tasks.o
 .bss.pxOverflowDelayedTaskList
                0x10003d74        0x4 ./Source/FreeRTOS-Products/FreeRTOS/tasks.o
 .bss.xPendingReadyList
                0x10003d78       0x14 ./Source/FreeRTOS-Products/FreeRTOS/tasks.o
 .bss.xTasksWaitingTermination
                0x10003d8c       0x14 ./Source/FreeRTOS-Products/FreeRTOS/tasks.o
 .bss.uxTasksDeleted
                0x10003da0        0x4 ./Source/FreeRTOS-Products/FreeRTOS/tasks.o
 .bss.xSuspendedTaskList
                0x10003da4       0x14 ./Source/FreeRTOS-Products/FreeRTOS/tasks.o
 .bss.uxCurrentNumberOfTasks
                0x10003db8        0x4 ./Source/FreeRTOS-Products/FreeRTOS/tasks.o
 .bss.xTickCount
                0x10003dbc        0x4 ./Source/FreeRTOS-Products/FreeRTOS/tasks.o
 .bss.uxTopUsedPriority
                0x10003dc0        0x4 ./Source/FreeRTOS-Products/FreeRTOS/tasks.o
 .bss.uxTopReadyPriority
                0x10003dc4        0x4 ./Source/FreeRTOS-Products/FreeRTOS/tasks.o
 .bss.xSchedulerRunning
                0x10003dc8        0x4 ./Source/FreeRTOS-Products/FreeRTOS/tasks.o
 .bss.uxSchedulerSuspended
                0x10003dcc        0x4 ./Source/FreeRTOS-Products/FreeRTOS/tasks.o
 .bss.uxMissedTicks
                0x10003dd0        0x4 ./Source/FreeRTOS-Products/FreeRTOS/tasks.o
 .bss.xMissedYield
                0x10003dd4        0x4 ./Source/FreeRTOS-Products/FreeRTOS/tasks.o
 .bss.xNumOfOverflows
                0x10003dd8        0x4 ./Source/FreeRTOS-Products/FreeRTOS/tasks.o
 .bss.uxTaskNumber
                0x10003ddc        0x4 ./Source/FreeRTOS-Products/FreeRTOS/tasks.o
 .bss.ulTaskSwitchedInTime
                0x10003de0        0x4 ./Source/FreeRTOS-Products/FreeRTOS/tasks.o
 .bss.xActiveTimerList1
                0x10003de4       0x14 ./Source/FreeRTOS-Products/FreeRTOS/timers.o
 .bss.xActiveTimerList2
                0x10003df8       0x14 ./Source/FreeRTOS-Products/FreeRTOS/timers.o
 .bss.pxCurrentTimerList
                0x10003e0c        0x4 ./Source/FreeRTOS-Products/FreeRTOS/timers.o
 .bss.pxOverflowTimerList
                0x10003e10        0x4 ./Source/FreeRTOS-Products/FreeRTOS/timers.o
 .bss.xTimerQueue
                0x10003e14        0x4 ./Source/FreeRTOS-Products/FreeRTOS/timers.o
 .bss.xLastTime.4177
                0x10003e18        0x4 ./Source/FreeRTOS-Products/FreeRTOS/timers.o
 .bss.ulClocksPer10thOfAMilliSecond
                0x10003e1c        0x4 ./Source/main.o
 .bss.xUARTReceiverTask
                0x10003e20        0x4 ./Source/pwmctrl.o
 .bss.xArmControllerTask
                0x10003e24        0x4 ./Source/pwmctrl.o
 .bss.xBaseControllerTask
                0x10003e28        0x4 ./Source/pwmctrl.o
 .bss.xUART3    0x10003e2c        0x4 ./Source/pwmctrl.o
 .bss.xPWMQueue
                0x10003e30        0x4 ./Source/pwmctrl.o
                0x10003e30                xPWMQueue
 .bss.xOpCodeQueue
                0x10003e34        0x4 ./Source/pwmctrl.o
                0x10003e34                xOpCodeQueue
 .bss.xPlatformGPIOQueue
                0x10003e38        0x4 ./Source/pwmctrl.o
                0x10003e38                xPlatformGPIOQueue
 .bss.cInputString.5942
                0x10003e3c       0x34 ./Source/pwmctrl.o
 .bss.i2cdat    0x10003e70       0x18 /media/will/Data/LPCXpresso/FreeRTOS+IO WS/lpc17xx.cmsis.driver.library/Debug/liblpc17xx.cmsis.driver.library.a(lpc17xx_i2c.o)
 .bss.errno     0x10003e88        0x4 /usr/local/lpcxpresso_7.5.0_254/lpcxpresso/tools/bin/../lib/gcc/arm-none-eabi/4.8.4/../../../../arm-none-eabi/lib/armv7-m/libcr_c.a(errno.o)
                0x10003e88                errno
 *(COMMON)
 COMMON         0x10003e8c       0x50 ./Source/FreeRTOS-Products/FreeRTOS/queue.o
                0x10003e8c                xQueueRegistry
 COMMON         0x10003edc        0x4 /usr/local/lpcxpresso_7.5.0_254/lpcxpresso/tools/bin/../lib/gcc/arm-none-eabi/4.8.4/../../../../arm-none-eabi/lib/armv7-m/libcr_c.a(initio.o)
                0x10003edc                _extra
 COMMON         0x10003ee0      0x140 /usr/local/lpcxpresso_7.5.0_254/lpcxpresso/tools/bin/../lib/gcc/arm-none-eabi/4.8.4/../../../../arm-none-eabi/lib/armv7-m/libcr_c.a(stdio.o)
                0x10003ee0                __Ciob
 COMMON         0x10004020        0x8 /usr/local/lpcxpresso_7.5.0_254/lpcxpresso/tools/bin/../lib/gcc/arm-none-eabi/4.8.4/../../../../arm-none-eabi/lib/armv7-m/libcr_c.a(__init_alloc.o)
                0x10004020                __heaps
                0x10004024                __end_of_heap
                0x10004028                . = ALIGN (0x4)
                0x10004028                _ebss = .
                0x10004028                PROVIDE (end, .)

.noinit_RAM2    0x2007c000        0x0
 *(.noinit.$RAM2*)
 *(.noinit.$RamAHB32*)
                0x2007c000                . = ALIGN (0x4)

.noinit         0x10004028        0x0
                0x10004028                _noinit = .
 *(.noinit*)
                0x10004028                . = ALIGN (0x4)
                0x10004028                _end_noinit = .
                0x10004028                PROVIDE (_pvHeapStart, DEFINED (__user_heap_base)?__user_heap_base:.)
                0x10008000                PROVIDE (_vStackTop, DEFINED (__user_stack_top)?__user_stack_top:(__top_RamLoc32 - 0x0))
OUTPUT(FreeRTOS-V2Bot.axf elf32-littlearm)

.debug_info     0x00000000     0xb6e4
 .debug_info    0x00000000      0x2b8 ./Source/FreeRTOS-Products/FreeRTOS/portable/MemMang/heap_2.o
 .debug_info    0x000002b8      0x218 ./Source/FreeRTOS-Products/FreeRTOS/portable/GCC/ARM_CM3/port.o
 .debug_info    0x000004d0      0x2ba ./Source/FreeRTOS-Products/FreeRTOS-Plus-IO/Device/LPC17xx/FreeRTOS_lpc17xx_DriverInterface.o
 .debug_info    0x0000078a      0xe8f ./Source/FreeRTOS-Products/FreeRTOS-Plus-IO/Device/LPC17xx/FreeRTOS_lpc17xx_i2c.o
 .debug_info    0x00001619      0xc76 ./Source/FreeRTOS-Products/FreeRTOS-Plus-IO/Device/LPC17xx/FreeRTOS_lpc17xx_ssp.o
 .debug_info    0x0000228f     0x1096 ./Source/FreeRTOS-Products/FreeRTOS-Plus-IO/Device/LPC17xx/FreeRTOS_lpc17xx_uart.o
 .debug_info    0x00003325      0x6d5 ./Source/FreeRTOS-Products/FreeRTOS-Plus-IO/Common/FreeRTOS_DriverInterface.o
 .debug_info    0x000039fa      0x279 ./Source/FreeRTOS-Products/FreeRTOS-Plus-IO/Common/FreeRTOS_IOUtils.o
 .debug_info    0x00003c73      0x5cc ./Source/FreeRTOS-Products/FreeRTOS-Plus-IO/Common/IOUtils_CharQueueTxAndRx.o
 .debug_info    0x0000423f      0x47f ./Source/FreeRTOS-Products/FreeRTOS-Plus-IO/Common/IOUtils_CircularBufferRx.o
 .debug_info    0x000046be      0x3ef ./Source/FreeRTOS-Products/FreeRTOS-Plus-IO/Common/IOUtils_ZeroCopyTx.o
 .debug_info    0x00004aad      0x280 ./Source/FreeRTOS-Products/FreeRTOS/list.o
 .debug_info    0x00004d2d      0x9fd ./Source/FreeRTOS-Products/FreeRTOS/queue.o
 .debug_info    0x0000572a     0x1112 ./Source/FreeRTOS-Products/FreeRTOS/tasks.o
 .debug_info    0x0000683c      0x70c ./Source/FreeRTOS-Products/FreeRTOS/timers.o
 .debug_info    0x00006f48      0x360 ./Source/cr_startup_lpc176x.o
 .debug_info    0x000072a8      0x39b ./Source/main.o
 .debug_info    0x00007643      0xc95 ./Source/pwmctrl.o
 .debug_info    0x000082d8      0xce7 /media/will/Data/LPCXpresso/FreeRTOS+IO WS/lpc17xx.cmsis.driver.library/Debug/liblpc17xx.cmsis.driver.library.a(lpc17xx_i2c.o)
 .debug_info    0x00008fbf       0xd3 /media/will/Data/LPCXpresso/FreeRTOS+IO WS/lpc17xx.cmsis.driver.library/Debug/liblpc17xx.cmsis.driver.library.a(lpc17xx_libcfg_default.o)
 .debug_info    0x00009092      0x455 /media/will/Data/LPCXpresso/FreeRTOS+IO WS/lpc17xx.cmsis.driver.library/Debug/liblpc17xx.cmsis.driver.library.a(lpc17xx_pinsel.o)
 .debug_info    0x000094e7      0x70c /media/will/Data/LPCXpresso/FreeRTOS+IO WS/lpc17xx.cmsis.driver.library/Debug/liblpc17xx.cmsis.driver.library.a(lpc17xx_ssp.o)
 .debug_info    0x00009bf3     0x11ba /media/will/Data/LPCXpresso/FreeRTOS+IO WS/lpc17xx.cmsis.driver.library/Debug/liblpc17xx.cmsis.driver.library.a(lpc17xx_uart.o)
 .debug_info    0x0000adad      0x61f /media/will/Data/LPCXpresso/FreeRTOS+IO WS/lpc17xx.cmsis.driver.library/Debug/liblpc17xx.cmsis.driver.library.a(lpc17xx_clkpwr.o)
 .debug_info    0x0000b3cc      0x318 /media/will/Data/LPCXpresso/FreeRTOS+IO WS/CMSISv2p00_LPC17xx/Debug/libCMSISv2p00_LPC17xx.a(system_LPC17xx.o)

.debug_abbrev   0x00000000     0x24f9
 .debug_abbrev  0x00000000      0x17a ./Source/FreeRTOS-Products/FreeRTOS/portable/MemMang/heap_2.o
 .debug_abbrev  0x0000017a      0x176 ./Source/FreeRTOS-Products/FreeRTOS/portable/GCC/ARM_CM3/port.o
 .debug_abbrev  0x000002f0       0xd4 ./Source/FreeRTOS-Products/FreeRTOS-Plus-IO/Device/LPC17xx/FreeRTOS_lpc17xx_DriverInterface.o
 .debug_abbrev  0x000003c4      0x21a ./Source/FreeRTOS-Products/FreeRTOS-Plus-IO/Device/LPC17xx/FreeRTOS_lpc17xx_i2c.o
 .debug_abbrev  0x000005de      0x219 ./Source/FreeRTOS-Products/FreeRTOS-Plus-IO/Device/LPC17xx/FreeRTOS_lpc17xx_ssp.o
 .debug_abbrev  0x000007f7      0x26f ./Source/FreeRTOS-Products/FreeRTOS-Plus-IO/Device/LPC17xx/FreeRTOS_lpc17xx_uart.o
 .debug_abbrev  0x00000a66      0x166 ./Source/FreeRTOS-Products/FreeRTOS-Plus-IO/Common/FreeRTOS_DriverInterface.o
 .debug_abbrev  0x00000bcc       0xb2 ./Source/FreeRTOS-Products/FreeRTOS-Plus-IO/Common/FreeRTOS_IOUtils.o
 .debug_abbrev  0x00000c7e      0x106 ./Source/FreeRTOS-Products/FreeRTOS-Plus-IO/Common/IOUtils_CharQueueTxAndRx.o
 .debug_abbrev  0x00000d84      0x106 ./Source/FreeRTOS-Products/FreeRTOS-Plus-IO/Common/IOUtils_CircularBufferRx.o
 .debug_abbrev  0x00000e8a       0xee ./Source/FreeRTOS-Products/FreeRTOS-Plus-IO/Common/IOUtils_ZeroCopyTx.o
 .debug_abbrev  0x00000f78       0xbf ./Source/FreeRTOS-Products/FreeRTOS/list.o
 .debug_abbrev  0x00001037      0x17f ./Source/FreeRTOS-Products/FreeRTOS/queue.o
 .debug_abbrev  0x000011b6      0x1ec ./Source/FreeRTOS-Products/FreeRTOS/tasks.o
 .debug_abbrev  0x000013a2      0x176 ./Source/FreeRTOS-Products/FreeRTOS/timers.o
 .debug_abbrev  0x00001518      0x141 ./Source/cr_startup_lpc176x.o
 .debug_abbrev  0x00001659      0x1a7 ./Source/main.o
 .debug_abbrev  0x00001800      0x247 ./Source/pwmctrl.o
 .debug_abbrev  0x00001a47      0x27f /media/will/Data/LPCXpresso/FreeRTOS+IO WS/lpc17xx.cmsis.driver.library/Debug/liblpc17xx.cmsis.driver.library.a(lpc17xx_i2c.o)
 .debug_abbrev  0x00001cc6       0x6c /media/will/Data/LPCXpresso/FreeRTOS+IO WS/lpc17xx.cmsis.driver.library/Debug/liblpc17xx.cmsis.driver.library.a(lpc17xx_libcfg_default.o)
 .debug_abbrev  0x00001d32      0x141 /media/will/Data/LPCXpresso/FreeRTOS+IO WS/lpc17xx.cmsis.driver.library/Debug/liblpc17xx.cmsis.driver.library.a(lpc17xx_pinsel.o)
 .debug_abbrev  0x00001e73      0x1c5 /media/will/Data/LPCXpresso/FreeRTOS+IO WS/lpc17xx.cmsis.driver.library/Debug/liblpc17xx.cmsis.driver.library.a(lpc17xx_ssp.o)
 .debug_abbrev  0x00002038      0x211 /media/will/Data/LPCXpresso/FreeRTOS+IO WS/lpc17xx.cmsis.driver.library/Debug/liblpc17xx.cmsis.driver.library.a(lpc17xx_uart.o)
 .debug_abbrev  0x00002249      0x1ca /media/will/Data/LPCXpresso/FreeRTOS+IO WS/lpc17xx.cmsis.driver.library/Debug/liblpc17xx.cmsis.driver.library.a(lpc17xx_clkpwr.o)
 .debug_abbrev  0x00002413       0xe6 /media/will/Data/LPCXpresso/FreeRTOS+IO WS/CMSISv2p00_LPC17xx/Debug/libCMSISv2p00_LPC17xx.a(system_LPC17xx.o)

.debug_aranges  0x00000000      0xaa8
 .debug_aranges
                0x00000000       0x38 ./Source/FreeRTOS-Products/FreeRTOS/portable/MemMang/heap_2.o
 .debug_aranges
                0x00000038       0x80 ./Source/FreeRTOS-Products/FreeRTOS/portable/GCC/ARM_CM3/port.o
 .debug_aranges
                0x000000b8       0x20 ./Source/FreeRTOS-Products/FreeRTOS-Plus-IO/Device/LPC17xx/FreeRTOS_lpc17xx_DriverInterface.o
 .debug_aranges
                0x000000d8       0x58 ./Source/FreeRTOS-Products/FreeRTOS-Plus-IO/Device/LPC17xx/FreeRTOS_lpc17xx_i2c.o
 .debug_aranges
                0x00000130       0x60 ./Source/FreeRTOS-Products/FreeRTOS-Plus-IO/Device/LPC17xx/FreeRTOS_lpc17xx_ssp.o
 .debug_aranges
                0x00000190       0x60 ./Source/FreeRTOS-Products/FreeRTOS-Plus-IO/Device/LPC17xx/FreeRTOS_lpc17xx_uart.o
 .debug_aranges
                0x000001f0       0x28 ./Source/FreeRTOS-Products/FreeRTOS-Plus-IO/Common/FreeRTOS_DriverInterface.o
 .debug_aranges
                0x00000218       0x20 ./Source/FreeRTOS-Products/FreeRTOS-Plus-IO/Common/FreeRTOS_IOUtils.o
 .debug_aranges
                0x00000238       0x50 ./Source/FreeRTOS-Products/FreeRTOS-Plus-IO/Common/IOUtils_CharQueueTxAndRx.o
 .debug_aranges
                0x00000288       0x38 ./Source/FreeRTOS-Products/FreeRTOS-Plus-IO/Common/IOUtils_CircularBufferRx.o
 .debug_aranges
                0x000002c0       0x30 ./Source/FreeRTOS-Products/FreeRTOS-Plus-IO/Common/IOUtils_ZeroCopyTx.o
 .debug_aranges
                0x000002f0       0x40 ./Source/FreeRTOS-Products/FreeRTOS/list.o
 .debug_aranges
                0x00000330       0xf0 ./Source/FreeRTOS-Products/FreeRTOS/queue.o
 .debug_aranges
                0x00000420      0x178 ./Source/FreeRTOS-Products/FreeRTOS/tasks.o
 .debug_aranges
                0x00000598       0x88 ./Source/FreeRTOS-Products/FreeRTOS/timers.o
 .debug_aranges
                0x00000620       0x88 ./Source/cr_startup_lpc176x.o
 .debug_aranges
                0x000006a8       0x48 ./Source/main.o
 .debug_aranges
                0x000006f0       0x58 ./Source/pwmctrl.o
 .debug_aranges
                0x00000748       0xd0 /media/will/Data/LPCXpresso/FreeRTOS+IO WS/lpc17xx.cmsis.driver.library/Debug/liblpc17xx.cmsis.driver.library.a(lpc17xx_i2c.o)
 .debug_aranges
                0x00000818       0x20 /media/will/Data/LPCXpresso/FreeRTOS+IO WS/lpc17xx.cmsis.driver.library/Debug/liblpc17xx.cmsis.driver.library.a(lpc17xx_libcfg_default.o)
 .debug_aranges
                0x00000838       0x48 /media/will/Data/LPCXpresso/FreeRTOS+IO WS/lpc17xx.cmsis.driver.library/Debug/liblpc17xx.cmsis.driver.library.a(lpc17xx_pinsel.o)
 .debug_aranges
                0x00000880       0xa8 /media/will/Data/LPCXpresso/FreeRTOS+IO WS/lpc17xx.cmsis.driver.library/Debug/liblpc17xx.cmsis.driver.library.a(lpc17xx_ssp.o)
 .debug_aranges
                0x00000928      0x100 /media/will/Data/LPCXpresso/FreeRTOS+IO WS/lpc17xx.cmsis.driver.library/Debug/liblpc17xx.cmsis.driver.library.a(lpc17xx_uart.o)
 .debug_aranges
                0x00000a28       0x58 /media/will/Data/LPCXpresso/FreeRTOS+IO WS/lpc17xx.cmsis.driver.library/Debug/liblpc17xx.cmsis.driver.library.a(lpc17xx_clkpwr.o)
 .debug_aranges
                0x00000a80       0x28 /media/will/Data/LPCXpresso/FreeRTOS+IO WS/CMSISv2p00_LPC17xx/Debug/libCMSISv2p00_LPC17xx.a(system_LPC17xx.o)

.debug_ranges   0x00000000      0x938
 .debug_ranges  0x00000000       0x28 ./Source/FreeRTOS-Products/FreeRTOS/portable/MemMang/heap_2.o
 .debug_ranges  0x00000028       0x70 ./Source/FreeRTOS-Products/FreeRTOS/portable/GCC/ARM_CM3/port.o
 .debug_ranges  0x00000098       0x10 ./Source/FreeRTOS-Products/FreeRTOS-Plus-IO/Device/LPC17xx/FreeRTOS_lpc17xx_DriverInterface.o
 .debug_ranges  0x000000a8       0x48 ./Source/FreeRTOS-Products/FreeRTOS-Plus-IO/Device/LPC17xx/FreeRTOS_lpc17xx_i2c.o
 .debug_ranges  0x000000f0       0x50 ./Source/FreeRTOS-Products/FreeRTOS-Plus-IO/Device/LPC17xx/FreeRTOS_lpc17xx_ssp.o
 .debug_ranges  0x00000140       0x70 ./Source/FreeRTOS-Products/FreeRTOS-Plus-IO/Device/LPC17xx/FreeRTOS_lpc17xx_uart.o
 .debug_ranges  0x000001b0       0x18 ./Source/FreeRTOS-Products/FreeRTOS-Plus-IO/Common/FreeRTOS_DriverInterface.o
 .debug_ranges  0x000001c8       0x10 ./Source/FreeRTOS-Products/FreeRTOS-Plus-IO/Common/FreeRTOS_IOUtils.o
 .debug_ranges  0x000001d8       0x40 ./Source/FreeRTOS-Products/FreeRTOS-Plus-IO/Common/IOUtils_CharQueueTxAndRx.o
 .debug_ranges  0x00000218       0x28 ./Source/FreeRTOS-Products/FreeRTOS-Plus-IO/Common/IOUtils_CircularBufferRx.o
 .debug_ranges  0x00000240       0x20 ./Source/FreeRTOS-Products/FreeRTOS-Plus-IO/Common/IOUtils_ZeroCopyTx.o
 .debug_ranges  0x00000260       0x30 ./Source/FreeRTOS-Products/FreeRTOS/list.o
 .debug_ranges  0x00000290       0xe0 ./Source/FreeRTOS-Products/FreeRTOS/queue.o
 .debug_ranges  0x00000370      0x168 ./Source/FreeRTOS-Products/FreeRTOS/tasks.o
 .debug_ranges  0x000004d8       0x78 ./Source/FreeRTOS-Products/FreeRTOS/timers.o
 .debug_ranges  0x00000550       0x78 ./Source/cr_startup_lpc176x.o
 .debug_ranges  0x000005c8       0x38 ./Source/main.o
 .debug_ranges  0x00000600       0x48 ./Source/pwmctrl.o
 .debug_ranges  0x00000648       0xc0 /media/will/Data/LPCXpresso/FreeRTOS+IO WS/lpc17xx.cmsis.driver.library/Debug/liblpc17xx.cmsis.driver.library.a(lpc17xx_i2c.o)
 .debug_ranges  0x00000708       0x10 /media/will/Data/LPCXpresso/FreeRTOS+IO WS/lpc17xx.cmsis.driver.library/Debug/liblpc17xx.cmsis.driver.library.a(lpc17xx_libcfg_default.o)
 .debug_ranges  0x00000718       0x38 /media/will/Data/LPCXpresso/FreeRTOS+IO WS/lpc17xx.cmsis.driver.library/Debug/liblpc17xx.cmsis.driver.library.a(lpc17xx_pinsel.o)
 .debug_ranges  0x00000750       0x98 /media/will/Data/LPCXpresso/FreeRTOS+IO WS/lpc17xx.cmsis.driver.library/Debug/liblpc17xx.cmsis.driver.library.a(lpc17xx_ssp.o)
 .debug_ranges  0x000007e8       0xf0 /media/will/Data/LPCXpresso/FreeRTOS+IO WS/lpc17xx.cmsis.driver.library/Debug/liblpc17xx.cmsis.driver.library.a(lpc17xx_uart.o)
 .debug_ranges  0x000008d8       0x48 /media/will/Data/LPCXpresso/FreeRTOS+IO WS/lpc17xx.cmsis.driver.library/Debug/liblpc17xx.cmsis.driver.library.a(lpc17xx_clkpwr.o)
 .debug_ranges  0x00000920       0x18 /media/will/Data/LPCXpresso/FreeRTOS+IO WS/CMSISv2p00_LPC17xx/Debug/libCMSISv2p00_LPC17xx.a(system_LPC17xx.o)

.debug_macro    0x00000000     0x6d4f
 .debug_macro   0x00000000       0xeb ./Source/FreeRTOS-Products/FreeRTOS/portable/MemMang/heap_2.o
 .debug_macro   0x000000eb      0x856 ./Source/FreeRTOS-Products/FreeRTOS/portable/MemMang/heap_2.o
 .debug_macro   0x00000941       0x10 ./Source/FreeRTOS-Products/FreeRTOS/portable/MemMang/heap_2.o
 .debug_macro   0x00000951      0x12d ./Source/FreeRTOS-Products/FreeRTOS/portable/MemMang/heap_2.o
 .debug_macro   0x00000a7e       0x28 ./Source/FreeRTOS-Products/FreeRTOS/portable/MemMang/heap_2.o
 .debug_macro   0x00000aa6       0x46 ./Source/FreeRTOS-Products/FreeRTOS/portable/MemMang/heap_2.o
 .debug_macro   0x00000aec      0x5b2 ./Source/FreeRTOS-Products/FreeRTOS/portable/MemMang/heap_2.o
 .debug_macro   0x0000109e      0x189 ./Source/FreeRTOS-Products/FreeRTOS/portable/MemMang/heap_2.o
 .debug_macro   0x00001227       0x99 ./Source/FreeRTOS-Products/FreeRTOS/portable/MemMang/heap_2.o
 .debug_macro   0x000012c0       0x12 ./Source/FreeRTOS-Products/FreeRTOS/portable/MemMang/heap_2.o
 .debug_macro   0x000012d2       0x1f ./Source/FreeRTOS-Products/FreeRTOS/portable/MemMang/heap_2.o
 .debug_macro   0x000012f1      0x1bd ./Source/FreeRTOS-Products/FreeRTOS/portable/MemMang/heap_2.o
 .debug_macro   0x000014ae       0x5e ./Source/FreeRTOS-Products/FreeRTOS/portable/MemMang/heap_2.o
 .debug_macro   0x0000150c       0x57 ./Source/FreeRTOS-Products/FreeRTOS/portable/MemMang/heap_2.o
 .debug_macro   0x00001563      0x117 ./Source/FreeRTOS-Products/FreeRTOS/portable/GCC/ARM_CM3/port.o
 .debug_macro   0x0000167a       0x16 ./Source/FreeRTOS-Products/FreeRTOS/portable/GCC/ARM_CM3/port.o
 .debug_macro   0x00001690       0xed ./Source/FreeRTOS-Products/FreeRTOS-Plus-IO/Device/LPC17xx/FreeRTOS_lpc17xx_DriverInterface.o
 .debug_macro   0x0000177d       0x9a ./Source/FreeRTOS-Products/FreeRTOS-Plus-IO/Device/LPC17xx/FreeRTOS_lpc17xx_DriverInterface.o
 .debug_macro   0x00001817       0xca ./Source/FreeRTOS-Products/FreeRTOS-Plus-IO/Device/LPC17xx/FreeRTOS_lpc17xx_DriverInterface.o
 .debug_macro   0x000018e1      0x1a5 ./Source/FreeRTOS-Products/FreeRTOS-Plus-IO/Device/LPC17xx/FreeRTOS_lpc17xx_i2c.o
 .debug_macro   0x00001a86       0x96 ./Source/FreeRTOS-Products/FreeRTOS-Plus-IO/Device/LPC17xx/FreeRTOS_lpc17xx_i2c.o
 .debug_macro   0x00001b1c       0x77 ./Source/FreeRTOS-Products/FreeRTOS-Plus-IO/Device/LPC17xx/FreeRTOS_lpc17xx_i2c.o
 .debug_macro   0x00001b93       0x1c ./Source/FreeRTOS-Products/FreeRTOS-Plus-IO/Device/LPC17xx/FreeRTOS_lpc17xx_i2c.o
 .debug_macro   0x00001baf       0x2e ./Source/FreeRTOS-Products/FreeRTOS-Plus-IO/Device/LPC17xx/FreeRTOS_lpc17xx_i2c.o
 .debug_macro   0x00001bdd       0x18 ./Source/FreeRTOS-Products/FreeRTOS-Plus-IO/Device/LPC17xx/FreeRTOS_lpc17xx_i2c.o
 .debug_macro   0x00001bf5      0x7af ./Source/FreeRTOS-Products/FreeRTOS-Plus-IO/Device/LPC17xx/FreeRTOS_lpc17xx_i2c.o
 .debug_macro   0x000023a4      0x2c7 ./Source/FreeRTOS-Products/FreeRTOS-Plus-IO/Device/LPC17xx/FreeRTOS_lpc17xx_i2c.o
 .debug_macro   0x0000266b       0x5d ./Source/FreeRTOS-Products/FreeRTOS-Plus-IO/Device/LPC17xx/FreeRTOS_lpc17xx_i2c.o
 .debug_macro   0x000026c8      0x334 ./Source/FreeRTOS-Products/FreeRTOS-Plus-IO/Device/LPC17xx/FreeRTOS_lpc17xx_i2c.o
 .debug_macro   0x000029fc      0x2a3 ./Source/FreeRTOS-Products/FreeRTOS-Plus-IO/Device/LPC17xx/FreeRTOS_lpc17xx_i2c.o
 .debug_macro   0x00002c9f      0x191 ./Source/FreeRTOS-Products/FreeRTOS-Plus-IO/Device/LPC17xx/FreeRTOS_lpc17xx_i2c.o
 .debug_macro   0x00002e30      0x185 ./Source/FreeRTOS-Products/FreeRTOS-Plus-IO/Device/LPC17xx/FreeRTOS_lpc17xx_i2c.o
 .debug_macro   0x00002fb5       0x2f ./Source/FreeRTOS-Products/FreeRTOS-Plus-IO/Device/LPC17xx/FreeRTOS_lpc17xx_i2c.o
 .debug_macro   0x00002fe4       0x1c ./Source/FreeRTOS-Products/FreeRTOS-Plus-IO/Device/LPC17xx/FreeRTOS_lpc17xx_i2c.o
 .debug_macro   0x00003000       0x29 ./Source/FreeRTOS-Products/FreeRTOS-Plus-IO/Device/LPC17xx/FreeRTOS_lpc17xx_i2c.o
 .debug_macro   0x00003029      0x145 ./Source/FreeRTOS-Products/FreeRTOS-Plus-IO/Device/LPC17xx/FreeRTOS_lpc17xx_i2c.o
 .debug_macro   0x0000316e      0x1bd ./Source/FreeRTOS-Products/FreeRTOS-Plus-IO/Device/LPC17xx/FreeRTOS_lpc17xx_ssp.o
 .debug_macro   0x0000332b      0x1b1 ./Source/FreeRTOS-Products/FreeRTOS-Plus-IO/Device/LPC17xx/FreeRTOS_lpc17xx_uart.o
 .debug_macro   0x000034dc      0x1a6 ./Source/FreeRTOS-Products/FreeRTOS-Plus-IO/Common/FreeRTOS_DriverInterface.o
 .debug_macro   0x00003682       0x10 ./Source/FreeRTOS-Products/FreeRTOS-Plus-IO/Common/FreeRTOS_DriverInterface.o
 .debug_macro   0x00003692      0x124 ./Source/FreeRTOS-Products/FreeRTOS-Plus-IO/Common/FreeRTOS_IOUtils.o
 .debug_macro   0x000037b6      0x120 ./Source/FreeRTOS-Products/FreeRTOS-Plus-IO/Common/IOUtils_CharQueueTxAndRx.o
 .debug_macro   0x000038d6      0x120 ./Source/FreeRTOS-Products/FreeRTOS-Plus-IO/Common/IOUtils_CircularBufferRx.o
 .debug_macro   0x000039f6      0x124 ./Source/FreeRTOS-Products/FreeRTOS-Plus-IO/Common/IOUtils_ZeroCopyTx.o
 .debug_macro   0x00003b1a       0xbc ./Source/FreeRTOS-Products/FreeRTOS/list.o
 .debug_macro   0x00003bd6      0x152 ./Source/FreeRTOS-Products/FreeRTOS/queue.o
 .debug_macro   0x00003d28      0x16e ./Source/FreeRTOS-Products/FreeRTOS/tasks.o
 .debug_macro   0x00003e96       0xa0 ./Source/FreeRTOS-Products/FreeRTOS/tasks.o
 .debug_macro   0x00003f36       0x22 ./Source/FreeRTOS-Products/FreeRTOS/tasks.o
 .debug_macro   0x00003f58       0x5b ./Source/FreeRTOS-Products/FreeRTOS/tasks.o
 .debug_macro   0x00003fb3       0x17 ./Source/FreeRTOS-Products/FreeRTOS/tasks.o
 .debug_macro   0x00003fca       0xe5 ./Source/FreeRTOS-Products/FreeRTOS/timers.o
 .debug_macro   0x000040af       0x52 ./Source/cr_startup_lpc176x.o
 .debug_macro   0x00004101      0x85c ./Source/cr_startup_lpc176x.o
 .debug_macro   0x0000495d      0x117 ./Source/main.o
 .debug_macro   0x00004a74      0x1d5 ./Source/pwmctrl.o
 .debug_macro   0x00004c49       0x40 ./Source/pwmctrl.o
 .debug_macro   0x00004c89      0x18f ./Source/pwmctrl.o
 .debug_macro   0x00004e18      0x33a ./Source/pwmctrl.o
 .debug_macro   0x00005152      0x12d /media/will/Data/LPCXpresso/FreeRTOS+IO WS/lpc17xx.cmsis.driver.library/Debug/liblpc17xx.cmsis.driver.library.a(lpc17xx_i2c.o)
 .debug_macro   0x0000527f      0x18b /media/will/Data/LPCXpresso/FreeRTOS+IO WS/lpc17xx.cmsis.driver.library/Debug/liblpc17xx.cmsis.driver.library.a(lpc17xx_i2c.o)
 .debug_macro   0x0000540a      0x2f7 /media/will/Data/LPCXpresso/FreeRTOS+IO WS/lpc17xx.cmsis.driver.library/Debug/liblpc17xx.cmsis.driver.library.a(lpc17xx_i2c.o)
 .debug_macro   0x00005701       0xd9 /media/will/Data/LPCXpresso/FreeRTOS+IO WS/lpc17xx.cmsis.driver.library/Debug/liblpc17xx.cmsis.driver.library.a(lpc17xx_libcfg_default.o)
 .debug_macro   0x000057da       0x5d /media/will/Data/LPCXpresso/FreeRTOS+IO WS/lpc17xx.cmsis.driver.library/Debug/liblpc17xx.cmsis.driver.library.a(lpc17xx_libcfg_default.o)
 .debug_macro   0x00005837      0x168 /media/will/Data/LPCXpresso/FreeRTOS+IO WS/lpc17xx.cmsis.driver.library/Debug/liblpc17xx.cmsis.driver.library.a(lpc17xx_libcfg_default.o)
 .debug_macro   0x0000599f       0x8d /media/will/Data/LPCXpresso/FreeRTOS+IO WS/lpc17xx.cmsis.driver.library/Debug/liblpc17xx.cmsis.driver.library.a(lpc17xx_pinsel.o)
 .debug_macro   0x00005a2c      0x13f /media/will/Data/LPCXpresso/FreeRTOS+IO WS/lpc17xx.cmsis.driver.library/Debug/liblpc17xx.cmsis.driver.library.a(lpc17xx_pinsel.o)
 .debug_macro   0x00005b6b      0x124 /media/will/Data/LPCXpresso/FreeRTOS+IO WS/lpc17xx.cmsis.driver.library/Debug/liblpc17xx.cmsis.driver.library.a(lpc17xx_ssp.o)
 .debug_macro   0x00005c8f      0x29d /media/will/Data/LPCXpresso/FreeRTOS+IO WS/lpc17xx.cmsis.driver.library/Debug/liblpc17xx.cmsis.driver.library.a(lpc17xx_ssp.o)
 .debug_macro   0x00005f2c      0x124 /media/will/Data/LPCXpresso/FreeRTOS+IO WS/lpc17xx.cmsis.driver.library/Debug/liblpc17xx.cmsis.driver.library.a(lpc17xx_uart.o)
 .debug_macro   0x00006050       0x8d /media/will/Data/LPCXpresso/FreeRTOS+IO WS/lpc17xx.cmsis.driver.library/Debug/liblpc17xx.cmsis.driver.library.a(lpc17xx_clkpwr.o)
 .debug_macro   0x000060dd      0x2f1 /media/will/Data/LPCXpresso/FreeRTOS+IO WS/lpc17xx.cmsis.driver.library/Debug/liblpc17xx.cmsis.driver.library.a(lpc17xx_clkpwr.o)
 .debug_macro   0x000063ce      0x12b /media/will/Data/LPCXpresso/FreeRTOS+IO WS/CMSISv2p00_LPC17xx/Debug/libCMSISv2p00_LPC17xx.a(system_LPC17xx.o)
 .debug_macro   0x000064f9      0x856 /media/will/Data/LPCXpresso/FreeRTOS+IO WS/CMSISv2p00_LPC17xx/Debug/libCMSISv2p00_LPC17xx.a(system_LPC17xx.o)

.debug_line     0x00000000     0x8229
 .debug_line    0x00000000      0x362 ./Source/FreeRTOS-Products/FreeRTOS/portable/MemMang/heap_2.o
 .debug_line    0x00000362      0x35b ./Source/FreeRTOS-Products/FreeRTOS/portable/GCC/ARM_CM3/port.o
 .debug_line    0x000006bd      0x3b2 ./Source/FreeRTOS-Products/FreeRTOS-Plus-IO/Device/LPC17xx/FreeRTOS_lpc17xx_DriverInterface.o
 .debug_line    0x00000a6f      0x82d ./Source/FreeRTOS-Products/FreeRTOS-Plus-IO/Device/LPC17xx/FreeRTOS_lpc17xx_i2c.o
 .debug_line    0x0000129c      0x7e1 ./Source/FreeRTOS-Products/FreeRTOS-Plus-IO/Device/LPC17xx/FreeRTOS_lpc17xx_ssp.o
 .debug_line    0x00001a7d      0x876 ./Source/FreeRTOS-Products/FreeRTOS-Plus-IO/Device/LPC17xx/FreeRTOS_lpc17xx_uart.o
 .debug_line    0x000022f3      0x655 ./Source/FreeRTOS-Products/FreeRTOS-Plus-IO/Common/FreeRTOS_DriverInterface.o
 .debug_line    0x00002948      0x3fa ./Source/FreeRTOS-Products/FreeRTOS-Plus-IO/Common/FreeRTOS_IOUtils.o
 .debug_line    0x00002d42      0x4ba ./Source/FreeRTOS-Products/FreeRTOS-Plus-IO/Common/IOUtils_CharQueueTxAndRx.o
 .debug_line    0x000031fc      0x473 ./Source/FreeRTOS-Products/FreeRTOS-Plus-IO/Common/IOUtils_CircularBufferRx.o
 .debug_line    0x0000366f      0x43b ./Source/FreeRTOS-Products/FreeRTOS-Plus-IO/Common/IOUtils_ZeroCopyTx.o
 .debug_line    0x00003aaa      0x323 ./Source/FreeRTOS-Products/FreeRTOS/list.o
 .debug_line    0x00003dcd      0x6ef ./Source/FreeRTOS-Products/FreeRTOS/queue.o
 .debug_line    0x000044bc      0xa1d ./Source/FreeRTOS-Products/FreeRTOS/tasks.o
 .debug_line    0x00004ed9      0x486 ./Source/FreeRTOS-Products/FreeRTOS/timers.o
 .debug_line    0x0000535f      0x1de ./Source/cr_startup_lpc176x.o
 .debug_line    0x0000553d      0x409 ./Source/main.o
 .debug_line    0x00005946      0x673 ./Source/pwmctrl.o
 .debug_line    0x00005fb9      0x82c /media/will/Data/LPCXpresso/FreeRTOS+IO WS/lpc17xx.cmsis.driver.library/Debug/liblpc17xx.cmsis.driver.library.a(lpc17xx_i2c.o)
 .debug_line    0x000067e5      0x319 /media/will/Data/LPCXpresso/FreeRTOS+IO WS/lpc17xx.cmsis.driver.library/Debug/liblpc17xx.cmsis.driver.library.a(lpc17xx_libcfg_default.o)
 .debug_line    0x00006afe      0x290 /media/will/Data/LPCXpresso/FreeRTOS+IO WS/lpc17xx.cmsis.driver.library/Debug/liblpc17xx.cmsis.driver.library.a(lpc17xx_pinsel.o)
 .debug_line    0x00006d8e      0x697 /media/will/Data/LPCXpresso/FreeRTOS+IO WS/lpc17xx.cmsis.driver.library/Debug/liblpc17xx.cmsis.driver.library.a(lpc17xx_ssp.o)
 .debug_line    0x00007425      0x92e /media/will/Data/LPCXpresso/FreeRTOS+IO WS/lpc17xx.cmsis.driver.library/Debug/liblpc17xx.cmsis.driver.library.a(lpc17xx_uart.o)
 .debug_line    0x00007d53      0x2f6 /media/will/Data/LPCXpresso/FreeRTOS+IO WS/lpc17xx.cmsis.driver.library/Debug/liblpc17xx.cmsis.driver.library.a(lpc17xx_clkpwr.o)
 .debug_line    0x00008049      0x1e0 /media/will/Data/LPCXpresso/FreeRTOS+IO WS/CMSISv2p00_LPC17xx/Debug/libCMSISv2p00_LPC17xx.a(system_LPC17xx.o)

.debug_str      0x00000000    0x1944a
 .debug_str     0x00000000     0x611f ./Source/FreeRTOS-Products/FreeRTOS/portable/MemMang/heap_2.o
                               0x61b2 (size before relaxing)
 .debug_str     0x0000611f      0x556 ./Source/FreeRTOS-Products/FreeRTOS/portable/GCC/ARM_CM3/port.o
                               0x61b7 (size before relaxing)
 .debug_str     0x00006675      0xc17 ./Source/FreeRTOS-Products/FreeRTOS-Plus-IO/Device/LPC17xx/FreeRTOS_lpc17xx_DriverInterface.o
                               0x68ac (size before relaxing)
 .debug_str     0x0000728c     0xbc02 ./Source/FreeRTOS-Products/FreeRTOS-Plus-IO/Device/LPC17xx/FreeRTOS_lpc17xx_i2c.o
                              0x12422 (size before relaxing)
 .debug_str     0x00012e8e      0x352 ./Source/FreeRTOS-Products/FreeRTOS-Plus-IO/Device/LPC17xx/FreeRTOS_lpc17xx_ssp.o
                              0x122bf (size before relaxing)
 .debug_str     0x000131e0      0x424 ./Source/FreeRTOS-Products/FreeRTOS-Plus-IO/Device/LPC17xx/FreeRTOS_lpc17xx_uart.o
                              0x125a8 (size before relaxing)
 .debug_str     0x00013604      0x100 ./Source/FreeRTOS-Products/FreeRTOS-Plus-IO/Common/FreeRTOS_DriverInterface.o
                              0x11907 (size before relaxing)
 .debug_str     0x00013704       0xa2 ./Source/FreeRTOS-Products/FreeRTOS-Plus-IO/Common/FreeRTOS_IOUtils.o
                               0x9230 (size before relaxing)
 .debug_str     0x000137a6      0x1c9 ./Source/FreeRTOS-Products/FreeRTOS-Plus-IO/Common/IOUtils_CharQueueTxAndRx.o
                               0x9462 (size before relaxing)
 .debug_str     0x0001396f      0x14c ./Source/FreeRTOS-Products/FreeRTOS-Plus-IO/Common/IOUtils_CircularBufferRx.o
                               0x93f8 (size before relaxing)
 .debug_str     0x00013abb       0xc6 ./Source/FreeRTOS-Products/FreeRTOS-Plus-IO/Common/IOUtils_ZeroCopyTx.o
                               0x9311 (size before relaxing)
 .debug_str     0x00013b81      0x159 ./Source/FreeRTOS-Products/FreeRTOS/list.o
                               0x5aee (size before relaxing)
 .debug_str     0x00013cda      0x6fa ./Source/FreeRTOS-Products/FreeRTOS/queue.o
                               0x6628 (size before relaxing)
 .debug_str     0x000143d4     0x1a96 ./Source/FreeRTOS-Products/FreeRTOS/tasks.o
                               0x78f1 (size before relaxing)
 .debug_str     0x00015e6a      0x394 ./Source/FreeRTOS-Products/FreeRTOS/timers.o
                               0x6efa (size before relaxing)
 .debug_str     0x000161fe      0x305 ./Source/cr_startup_lpc176x.o
                               0x3dd0 (size before relaxing)
 .debug_str     0x00016503      0x195 ./Source/main.o
                               0x9fc0 (size before relaxing)
 .debug_str     0x00016698      0x878 ./Source/pwmctrl.o
                               0xff16 (size before relaxing)
 .debug_str     0x00016f10     0x1712 /media/will/Data/LPCXpresso/FreeRTOS+IO WS/lpc17xx.cmsis.driver.library/Debug/liblpc17xx.cmsis.driver.library.a(lpc17xx_i2c.o)
                               0xc597 (size before relaxing)
 .debug_str     0x00018622       0x35 /media/will/Data/LPCXpresso/FreeRTOS+IO WS/lpc17xx.cmsis.driver.library/Debug/liblpc17xx.cmsis.driver.library.a(lpc17xx_libcfg_default.o)
                               0x5e59 (size before relaxing)
 .debug_str     0x00018657      0x100 /media/will/Data/LPCXpresso/FreeRTOS+IO WS/lpc17xx.cmsis.driver.library/Debug/liblpc17xx.cmsis.driver.library.a(lpc17xx_pinsel.o)
                               0x84d7 (size before relaxing)
 .debug_str     0x00018757      0x1dc /media/will/Data/LPCXpresso/FreeRTOS+IO WS/lpc17xx.cmsis.driver.library/Debug/liblpc17xx.cmsis.driver.library.a(lpc17xx_ssp.o)
                               0xc42e (size before relaxing)
 .debug_str     0x00018933      0x737 /media/will/Data/LPCXpresso/FreeRTOS+IO WS/lpc17xx.cmsis.driver.library/Debug/liblpc17xx.cmsis.driver.library.a(lpc17xx_uart.o)
                               0xd2d7 (size before relaxing)
 .debug_str     0x0001906a       0xc7 /media/will/Data/LPCXpresso/FreeRTOS+IO WS/lpc17xx.cmsis.driver.library/Debug/liblpc17xx.cmsis.driver.library.a(lpc17xx_clkpwr.o)
                               0x925f (size before relaxing)
 .debug_str     0x00019131      0x319 /media/will/Data/LPCXpresso/FreeRTOS+IO WS/CMSISv2p00_LPC17xx/Debug/libCMSISv2p00_LPC17xx.a(system_LPC17xx.o)
                               0x8066 (size before relaxing)

.comment        0x00000000       0xe0
 .comment       0x00000000       0x70 ./Source/FreeRTOS-Products/FreeRTOS/portable/MemMang/heap_2.o
                                 0x71 (size before relaxing)
 .comment       0x00000000       0x71 ./Source/FreeRTOS-Products/FreeRTOS/portable/GCC/ARM_CM3/port.o
 .comment       0x00000000       0x71 ./Source/FreeRTOS-Products/FreeRTOS-Plus-IO/Device/LPC17xx/FreeRTOS_lpc17xx_DriverInterface.o
 .comment       0x00000000       0x71 ./Source/FreeRTOS-Products/FreeRTOS-Plus-IO/Device/LPC17xx/FreeRTOS_lpc17xx_i2c.o
 .comment       0x00000000       0x71 ./Source/FreeRTOS-Products/FreeRTOS-Plus-IO/Device/LPC17xx/FreeRTOS_lpc17xx_ssp.o
 .comment       0x00000000       0x71 ./Source/FreeRTOS-Products/FreeRTOS-Plus-IO/Device/LPC17xx/FreeRTOS_lpc17xx_uart.o
 .comment       0x00000000       0x71 ./Source/FreeRTOS-Products/FreeRTOS-Plus-IO/Common/FreeRTOS_DriverInterface.o
 .comment       0x00000000       0x71 ./Source/FreeRTOS-Products/FreeRTOS-Plus-IO/Common/FreeRTOS_IOUtils.o
 .comment       0x00000000       0x71 ./Source/FreeRTOS-Products/FreeRTOS-Plus-IO/Common/IOUtils_CharQueueTxAndRx.o
 .comment       0x00000000       0x71 ./Source/FreeRTOS-Products/FreeRTOS-Plus-IO/Common/IOUtils_CircularBufferRx.o
 .comment       0x00000000       0x71 ./Source/FreeRTOS-Products/FreeRTOS-Plus-IO/Common/IOUtils_ZeroCopyTx.o
 .comment       0x00000000       0x71 ./Source/FreeRTOS-Products/FreeRTOS/list.o
 .comment       0x00000000       0x71 ./Source/FreeRTOS-Products/FreeRTOS/queue.o
 .comment       0x00000000       0x71 ./Source/FreeRTOS-Products/FreeRTOS/tasks.o
 .comment       0x00000000       0x71 ./Source/FreeRTOS-Products/FreeRTOS/timers.o
 .comment       0x00000000       0x71 ./Source/cr_startup_lpc176x.o
 .comment       0x00000000       0x71 ./Source/main.o
 .comment       0x00000000       0x71 ./Source/pwmctrl.o
 .comment       0x00000000       0x71 /media/will/Data/LPCXpresso/FreeRTOS+IO WS/lpc17xx.cmsis.driver.library/Debug/liblpc17xx.cmsis.driver.library.a(lpc17xx_i2c.o)
 .comment       0x00000000       0x71 /media/will/Data/LPCXpresso/FreeRTOS+IO WS/lpc17xx.cmsis.driver.library/Debug/liblpc17xx.cmsis.driver.library.a(lpc17xx_libcfg_default.o)
 .comment       0x00000000       0x71 /media/will/Data/LPCXpresso/FreeRTOS+IO WS/lpc17xx.cmsis.driver.library/Debug/liblpc17xx.cmsis.driver.library.a(lpc17xx_pinsel.o)
 .comment       0x00000000       0x71 /media/will/Data/LPCXpresso/FreeRTOS+IO WS/lpc17xx.cmsis.driver.library/Debug/liblpc17xx.cmsis.driver.library.a(lpc17xx_ssp.o)
 .comment       0x00000000       0x71 /media/will/Data/LPCXpresso/FreeRTOS+IO WS/lpc17xx.cmsis.driver.library/Debug/liblpc17xx.cmsis.driver.library.a(lpc17xx_uart.o)
 .comment       0x00000000       0x71 /media/will/Data/LPCXpresso/FreeRTOS+IO WS/lpc17xx.cmsis.driver.library/Debug/liblpc17xx.cmsis.driver.library.a(lpc17xx_clkpwr.o)
 .comment       0x00000000       0x71 /media/will/Data/LPCXpresso/FreeRTOS+IO WS/CMSISv2p00_LPC17xx/Debug/libCMSISv2p00_LPC17xx.a(system_LPC17xx.o)
 .comment       0x00000070       0x70 /usr/local/lpcxpresso_7.5.0_254/lpcxpresso/tools/bin/../lib/gcc/arm-none-eabi/4.8.4/../../../../arm-none-eabi/lib/armv7-m/libcr_nohost.a(_cr__main.o)
                                 0x71 (size before relaxing)
 .comment       0x00000000       0x71 /usr/local/lpcxpresso_7.5.0_254/lpcxpresso/tools/bin/../lib/gcc/arm-none-eabi/4.8.4/../../../../arm-none-eabi/lib/armv7-m/libcr_c.a(memcpy.o)
 .comment       0x00000000       0x71 /usr/local/lpcxpresso_7.5.0_254/lpcxpresso/tools/bin/../lib/gcc/arm-none-eabi/4.8.4/../../../../arm-none-eabi/lib/armv7-m/libcr_c.a(memset.o)
 .comment       0x00000000       0x71 /usr/local/lpcxpresso_7.5.0_254/lpcxpresso/tools/bin/../lib/gcc/arm-none-eabi/4.8.4/../../../../arm-none-eabi/lib/armv7-m/libcr_c.a(initio.o)
 .comment       0x00000000       0x71 /usr/local/lpcxpresso_7.5.0_254/lpcxpresso/tools/bin/../lib/gcc/arm-none-eabi/4.8.4/../../../../arm-none-eabi/lib/armv7-m/libcr_c.a(itoa.o)
 .comment       0x00000000       0x71 /usr/local/lpcxpresso_7.5.0_254/lpcxpresso/tools/bin/../lib/gcc/arm-none-eabi/4.8.4/../../../../arm-none-eabi/lib/armv7-m/libcr_c.a(memcmp.o)
 .comment       0x00000000       0x71 /usr/local/lpcxpresso_7.5.0_254/lpcxpresso/tools/bin/../lib/gcc/arm-none-eabi/4.8.4/../../../../arm-none-eabi/lib/armv7-m/libcr_c.a(setvbuf.o)
 .comment       0x00000000       0x71 /usr/local/lpcxpresso_7.5.0_254/lpcxpresso/tools/bin/../lib/gcc/arm-none-eabi/4.8.4/../../../../arm-none-eabi/lib/armv7-m/libcr_c.a(stdio.o)
 .comment       0x00000000       0x71 /usr/local/lpcxpresso_7.5.0_254/lpcxpresso/tools/bin/../lib/gcc/arm-none-eabi/4.8.4/../../../../arm-none-eabi/lib/armv7-m/libcr_c.a(strcmp.o)
 .comment       0x00000000       0x71 /usr/local/lpcxpresso_7.5.0_254/lpcxpresso/tools/bin/../lib/gcc/arm-none-eabi/4.8.4/../../../../arm-none-eabi/lib/armv7-m/libcr_c.a(strlen.o)
 .comment       0x00000000       0x71 /usr/local/lpcxpresso_7.5.0_254/lpcxpresso/tools/bin/../lib/gcc/arm-none-eabi/4.8.4/../../../../arm-none-eabi/lib/armv7-m/libcr_c.a(strncpy.o)
 .comment       0x00000000       0x71 /usr/local/lpcxpresso_7.5.0_254/lpcxpresso/tools/bin/../lib/gcc/arm-none-eabi/4.8.4/../../../../arm-none-eabi/lib/armv7-m/libcr_c.a(_deferredlazyseek.o)
 .comment       0x00000000       0x71 /usr/local/lpcxpresso_7.5.0_254/lpcxpresso/tools/bin/../lib/gcc/arm-none-eabi/4.8.4/../../../../arm-none-eabi/lib/armv7-m/libcr_c.a(_fdopen.o)
 .comment       0x00000000       0x71 /usr/local/lpcxpresso_7.5.0_254/lpcxpresso/tools/bin/../lib/gcc/arm-none-eabi/4.8.4/../../../../arm-none-eabi/lib/armv7-m/libcr_c.a(_fflush.o)
 .comment       0x00000000       0x71 /usr/local/lpcxpresso_7.5.0_254/lpcxpresso/tools/bin/../lib/gcc/arm-none-eabi/4.8.4/../../../../arm-none-eabi/lib/armv7-m/libcr_c.a(_writebuf.o)
 .comment       0x00000000       0x71 /usr/local/lpcxpresso_7.5.0_254/lpcxpresso/tools/bin/../lib/gcc/arm-none-eabi/4.8.4/../../../../arm-none-eabi/lib/armv7-m/libcr_c.a(alloc.o)
 .comment       0x00000000       0x71 /usr/local/lpcxpresso_7.5.0_254/lpcxpresso/tools/bin/../lib/gcc/arm-none-eabi/4.8.4/../../../../arm-none-eabi/lib/armv7-m/libcr_c.a(errno.o)
 .comment       0x00000000       0x71 /usr/local/lpcxpresso_7.5.0_254/lpcxpresso/tools/bin/../lib/gcc/arm-none-eabi/4.8.4/../../../../arm-none-eabi/lib/armv7-m/libcr_c.a(fclose.o)