Archive member included because of file (symbol)

Z:\LPCXpresso\FreeRTOS+IO WS\lpc17xx.cmsis.driver.library\Debug\liblpc17xx.cmsis.driver.library.a(lpc17xx_gpio.o)
                              ./Source/Examples/SSP/SPI-writes-to-7-seg-display.o (GPIO_SetDir)
Z:\LPCXpresso\FreeRTOS+IO WS\lpc17xx.cmsis.driver.library\Debug\liblpc17xx.cmsis.driver.library.a(lpc17xx_i2c.o)
                              ./Source/FreeRTOS-Products/FreeRTOS-Plus-IO/Device/LPC17xx/FreeRTOS_lpc17xx_i2c.o (I2C_Stop)
Z:\LPCXpresso\FreeRTOS+IO WS\lpc17xx.cmsis.driver.library\Debug\liblpc17xx.cmsis.driver.library.a(lpc17xx_libcfg_default.o)
                              Z:\LPCXpresso\FreeRTOS+IO WS\lpc17xx.cmsis.driver.library\Debug\liblpc17xx.cmsis.driver.library.a(lpc17xx_i2c.o) (check_failed)
Z:\LPCXpresso\FreeRTOS+IO WS\lpc17xx.cmsis.driver.library\Debug\liblpc17xx.cmsis.driver.library.a(lpc17xx_pinsel.o)
                              ./Source/FreeRTOS-Products/FreeRTOS-Plus-IO/Device/LPC17xx/FreeRTOS_lpc17xx_i2c.o (PINSEL_ConfigPin)
Z:\LPCXpresso\FreeRTOS+IO WS\lpc17xx.cmsis.driver.library\Debug\liblpc17xx.cmsis.driver.library.a(lpc17xx_ssp.o)
                              ./Source/FreeRTOS-Products/FreeRTOS-Plus-IO/Device/LPC17xx/FreeRTOS_lpc17xx_ssp.o (SSP_Init)
Z:\LPCXpresso\FreeRTOS+IO WS\lpc17xx.cmsis.driver.library\Debug\liblpc17xx.cmsis.driver.library.a(lpc17xx_uart.o)
                              ./Source/FreeRTOS-Products/FreeRTOS-Plus-IO/Device/LPC17xx/FreeRTOS_lpc17xx_uart.o (UART_Init)
Z:\LPCXpresso\FreeRTOS+IO WS\lpc17xx.cmsis.driver.library\Debug\liblpc17xx.cmsis.driver.library.a(lpc17xx_clkpwr.o)
                              Z:\LPCXpresso\FreeRTOS+IO WS\lpc17xx.cmsis.driver.library\Debug\liblpc17xx.cmsis.driver.library.a(lpc17xx_i2c.o) (CLKPWR_SetPCLKDiv)
Z:\LPCXpresso\FreeRTOS+IO WS\CMSISv2p00_LPC17xx\Debug\libCMSISv2p00_LPC17xx.a(system_LPC17xx.o)
                              ./Source/cr_startup_lpc176x.o (SystemInit)
c:/nxp/lpcxpresso_7.4.0_229/lpcxpresso/tools/bin/../lib/gcc/arm-none-eabi/4.8.4/../../../../arm-none-eabi/lib/armv7-m\libcr_nohost.a(_cr__main.o)
                              ./Source/cr_startup_lpc176x.o (__main)
c:/nxp/lpcxpresso_7.4.0_229/lpcxpresso/tools/bin/../lib/gcc/arm-none-eabi/4.8.4/../../../../arm-none-eabi/lib/armv7-m\libcr_c.a(memcpy.o)
                              ./Source/FreeRTOS-Products/FreeRTOS-Plus-IO/Common/IOUtils_CircularBufferRx.o (memcpy)
c:/nxp/lpcxpresso_7.4.0_229/lpcxpresso/tools/bin/../lib/gcc/arm-none-eabi/4.8.4/../../../../arm-none-eabi/lib/armv7-m\libcr_c.a(memset.o)
                              ./Source/FreeRTOS-Products/FreeRTOS/tasks.o (memset)
c:/nxp/lpcxpresso_7.4.0_229/lpcxpresso/tools/bin/../lib/gcc/arm-none-eabi/4.8.4/../../../../arm-none-eabi/lib/armv7-m\libcr_c.a(initio.o)
                              c:/nxp/lpcxpresso_7.4.0_229/lpcxpresso/tools/bin/../lib/gcc/arm-none-eabi/4.8.4/../../../../arm-none-eabi/lib/armv7-m\libcr_nohost.a(_cr__main.o) (_initio)
c:/nxp/lpcxpresso_7.4.0_229/lpcxpresso/tools/bin/../lib/gcc/arm-none-eabi/4.8.4/../../../../arm-none-eabi/lib/armv7-m\libcr_c.a(itoa.o)
                              ./Source/pwmctrl.o (itoa)
c:/nxp/lpcxpresso_7.4.0_229/lpcxpresso/tools/bin/../lib/gcc/arm-none-eabi/4.8.4/../../../../arm-none-eabi/lib/armv7-m\libcr_c.a(memcmp.o)
                              ./Source/FreeRTOS-Products/FreeRTOS/tasks.o (memcmp)
c:/nxp/lpcxpresso_7.4.0_229/lpcxpresso/tools/bin/../lib/gcc/arm-none-eabi/4.8.4/../../../../arm-none-eabi/lib/armv7-m\libcr_c.a(scanf.o)
                              ./Source/pwmctrl.o (atoi)
c:/nxp/lpcxpresso_7.4.0_229/lpcxpresso/tools/bin/../lib/gcc/arm-none-eabi/4.8.4/../../../../arm-none-eabi/lib/armv7-m\libcr_c.a(setvbuf.o)
                              c:/nxp/lpcxpresso_7.4.0_229/lpcxpresso/tools/bin/../lib/gcc/arm-none-eabi/4.8.4/../../../../arm-none-eabi/lib/armv7-m\libcr_c.a(initio.o) (setvbuf)
c:/nxp/lpcxpresso_7.4.0_229/lpcxpresso/tools/bin/../lib/gcc/arm-none-eabi/4.8.4/../../../../arm-none-eabi/lib/armv7-m\libcr_c.a(stdio.o)
                              c:/nxp/lpcxpresso_7.4.0_229/lpcxpresso/tools/bin/../lib/gcc/arm-none-eabi/4.8.4/../../../../arm-none-eabi/lib/armv7-m\libcr_c.a(initio.o) (__Ciob)
c:/nxp/lpcxpresso_7.4.0_229/lpcxpresso/tools/bin/../lib/gcc/arm-none-eabi/4.8.4/../../../../arm-none-eabi/lib/armv7-m\libcr_c.a(strcat.o)
                              ./Source/FreeRTOS-Products/FreeRTOS/tasks.o (strcat)
c:/nxp/lpcxpresso_7.4.0_229/lpcxpresso/tools/bin/../lib/gcc/arm-none-eabi/4.8.4/../../../../arm-none-eabi/lib/armv7-m\libcr_c.a(strcmp.o)
                              ./Source/FreeRTOS-Products/FreeRTOS-Plus-IO/Common/FreeRTOS_DriverInterface.o (strcmp)
c:/nxp/lpcxpresso_7.4.0_229/lpcxpresso/tools/bin/../lib/gcc/arm-none-eabi/4.8.4/../../../../arm-none-eabi/lib/armv7-m\libcr_c.a(strcpy.o)
                              ./Source/Examples/UART/CLI-commands.o (strcpy)
[...]
Memory Configuration

Name             Origin             Length             Attributes
MFlash512        0x00000000         0x00080000         xr
RamLoc32         0x10000000         0x00008000         xrw
RamAHB32         0x2007c000         0x00008000         xrw
*default*        0x00000000         0xffffffff

Linker script and memory map

LOAD ./Source/FreeRTOS-Products/FreeRTOS/portable/MemMang/heap_2.o
LOAD ./Source/FreeRTOS-Products/FreeRTOS/portable/GCC/ARM_CM3/port.o
LOAD ./Source/FreeRTOS-Products/FreeRTOS-Plus-IO/Device/LPC17xx/FreeRTOS_lpc17xx_DriverInterface.o
LOAD ./Source/FreeRTOS-Products/FreeRTOS-Plus-IO/Device/LPC17xx/FreeRTOS_lpc17xx_i2c.o
LOAD ./Source/FreeRTOS-Products/FreeRTOS-Plus-IO/Device/LPC17xx/FreeRTOS_lpc17xx_ssp.o
LOAD ./Source/FreeRTOS-Products/FreeRTOS-Plus-IO/Device/LPC17xx/FreeRTOS_lpc17xx_uart.o
LOAD ./Source/FreeRTOS-Products/FreeRTOS-Plus-IO/Common/FreeRTOS_DriverInterface.o
LOAD ./Source/FreeRTOS-Products/FreeRTOS-Plus-IO/Common/FreeRTOS_IOUtils.o
LOAD ./Source/FreeRTOS-Products/FreeRTOS-Plus-IO/Common/IOUtils_CharQueueTxAndRx.o
LOAD ./Source/FreeRTOS-Products/FreeRTOS-Plus-IO/Common/IOUtils_CircularBufferRx.o
LOAD ./Source/FreeRTOS-Products/FreeRTOS-Plus-IO/Common/IOUtils_ZeroCopyTx.o
LOAD ./Source/FreeRTOS-Products/FreeRTOS-Plus-CLI/FreeRTOS_CLI.o
LOAD ./Source/FreeRTOS-Products/FreeRTOS/croutine.o
LOAD ./Source/FreeRTOS-Products/FreeRTOS/list.o
LOAD ./Source/FreeRTOS-Products/FreeRTOS/queue.o
LOAD ./Source/FreeRTOS-Products/FreeRTOS/tasks.o
LOAD ./Source/FreeRTOS-Products/FreeRTOS/timers.o
LOAD ./Source/Examples/UART/CLI-commands.o
LOAD ./Source/Examples/UART/UART-interrupt-driven-command-console.o
LOAD ./Source/Examples/UART/UART-operation-modes-test.o
LOAD ./Source/Examples/SSP/SPI-writes-to-7-seg-display.o
LOAD ./Source/Examples/I2C/I2C-coordinator.o
LOAD ./Source/Examples/I2C/I2C-to-OLED.o
LOAD ./Source/Examples/I2C/I2C-to-and-from-EEPROM.o
LOAD ./Source/Examples/I2C/font5x7.o
LOAD ./Source/Examples/I2C/oled.o
LOAD ./Source/Examples/GPIO/GPIO-output-and-software-timers.o
LOAD ./Source/cr_startup_lpc176x.o
LOAD ./Source/main.o
LOAD ./Source/printf-stdarg.o
LOAD ./Source/pwmctrl.o
LOAD Z:\LPCXpresso\FreeRTOS+IO WS\lpc17xx.cmsis.driver.library\Debug\liblpc17xx.cmsis.driver.library.a
LOAD Z:\LPCXpresso\FreeRTOS+IO WS\CMSISv2p00_LPC17xx\Debug\libCMSISv2p00_LPC17xx.a
START GROUP
LOAD c:/nxp/lpcxpresso_7.4.0_229/lpcxpresso/tools/bin/../lib/gcc/arm-none-eabi/4.8.4/../../../../arm-none-eabi/lib/armv7-m\libcr_nohost.a
LOAD c:/nxp/lpcxpresso_7.4.0_229/lpcxpresso/tools/bin/../lib/gcc/arm-none-eabi/4.8.4/../../../../arm-none-eabi/lib/armv7-m\libcr_c.a
LOAD c:/nxp/lpcxpresso_7.4.0_229/lpcxpresso/tools/bin/../lib/gcc/arm-none-eabi/4.8.4/armv7-m\libcr_eabihelpers.a
END GROUP
                0x00080000                __top_MFlash512 = 0x80000
                0x10008000                __top_RamLoc32 = 0x10008000
                0x20084000                __top_RamAHB32 = 0x20084000

.text           0x00000000     0x59ec
 FILL mask 0xff
                0x00000000                __vectors_start__ = ABSOLUTE (.)
 *(.isr_vector)
 .isr_vector    0x00000000       0xcc ./Source/cr_startup_lpc176x.o
                0x00000000                g_pfnVectors
                0x000000cc                . = ALIGN (0x4)
                0x000000cc                __section_table_start = .
                0x000000cc                __data_section_table = .
                0x000000cc        0x4 LONG 0x59ec LOADADDR (.data)
                0x000000d0        0x4 LONG 0x10000000 ADDR (.data)
                0x000000d4        0x4 LONG 0x10 SIZEOF (.data)
                0x000000d8        0x4 LONG 0x59ec LOADADDR (.data_RAM2)
                0x000000dc        0x4 LONG 0x2007c000 ADDR (.data_RAM2)
                0x000000e0        0x4 LONG 0x0 SIZEOF (.data_RAM2)
                0x000000e4                __data_section_table_end = .
                0x000000e4                __bss_section_table = .
                0x000000e4        0x4 LONG 0x10000010 ADDR (.bss)
                0x000000e8        0x4 LONG 0x4010 SIZEOF (.bss)
                0x000000ec        0x4 LONG 0x2007c000 ADDR (.bss_RAM2)
                0x000000f0        0x4 LONG 0x0 SIZEOF (.bss_RAM2)
                0x000000f4                __bss_section_table_end = .
                0x000000f4                __section_table_end = .
 *(.after_vectors*)
 .after_vectors
                0x000000f4       0x94 ./Source/cr_startup_lpc176x.o
                0x000000f4                NMI_Handler
                0x000000f6                HardFault_Handler
                0x00000112                MemManage_Handler
                0x00000114                BusFault_Handler
                0x00000116                UsageFault_Handler
                0x0000011a                DebugMon_Handler
                0x00000120                RIT_IRQHandler
                0x00000120                I2C1_IRQHandler
                0x00000120                USBActivity_IRQHandler
                0x00000120                UART1_IRQHandler
                0x00000120                EINT3_IRQHandler
                0x00000120                CANActivity_IRQHandler
                0x00000120                EINT2_IRQHandler
                0x00000120                PWM1_IRQHandler
                0x00000120                UART0_IRQHandler
                0x00000120                MCPWM_IRQHandler
                0x00000120                I2C0_IRQHandler
                0x00000120                IntDefaultHandler
                0x00000120                PLL0_IRQHandler
                0x00000120                CAN_IRQHandler
                0x00000120                PLL1_IRQHandler
                0x00000120                SSP0_IRQHandler
                0x00000120                I2S_IRQHandler
                0x00000120                RTC_IRQHandler
                0x00000120                TIMER0_IRQHandler
                0x00000120                SPI_IRQHandler
                0x00000120                TIMER3_IRQHandler
                0x00000120                EINT1_IRQHandler
                0x00000120                TIMER1_IRQHandler
                0x00000120                UART2_IRQHandler
                0x00000120                ADC_IRQHandler
                0x00000120                USB_IRQHandler
                0x00000120                BOD_IRQHandler
                0x00000120                TIMER2_IRQHandler
                0x00000120                WDT_IRQHandler
                0x00000120                QEI_IRQHandler
                0x00000120                EINT0_IRQHandler
                0x00000120                DMA_IRQHandler
                0x00000120                ENET_IRQHandler
                0x00000122                data_init
                0x00000134                bss_init
                0x00000144                ResetISR
 *(.text*)
 .text.pvPortMalloc
                0x00000188       0xc0 ./Source/FreeRTOS-Products/FreeRTOS/portable/MemMang/heap_2.o
                0x00000188                pvPortMalloc
 .text.vPortFree
                0x00000248       0x40 ./Source/FreeRTOS-Products/FreeRTOS/portable/MemMang/heap_2.o
                0x00000248                vPortFree
 .text.prvPortStartFirstTask
                0x00000288       0x14 ./Source/FreeRTOS-Products/FreeRTOS/portable/GCC/ARM_CM3/port.o
 .text.pxPortInitialiseStack
                0x0000029c       0x1c ./Source/FreeRTOS-Products/FreeRTOS/portable/GCC/ARM_CM3/port.o
                0x0000029c                pxPortInitialiseStack
 .text.SVCall_Handler
                0x000002b8       0x20 ./Source/FreeRTOS-Products/FreeRTOS/portable/GCC/ARM_CM3/port.o
                0x000002b8                SVCall_Handler
 .text.vPortYieldFromISR
                0x000002d8       0x10 ./Source/FreeRTOS-Products/FreeRTOS/portable/GCC/ARM_CM3/port.o
                0x000002d8                vPortYieldFromISR
 .text.ulPortSetInterruptMask
                0x000002e8       0x10 ./Source/FreeRTOS-Products/FreeRTOS/portable/GCC/ARM_CM3/port.o
                0x000002e8                ulPortSetInterruptMask
 .text.vPortEnterCritical
                0x000002f8       0x14 ./Source/FreeRTOS-Products/FreeRTOS/portable/GCC/ARM_CM3/port.o
                0x000002f8                vPortEnterCritical
 .text.vPortClearInterruptMask
                0x0000030c        0x8 ./Source/FreeRTOS-Products/FreeRTOS/portable/GCC/ARM_CM3/port.o
                0x0000030c                vPortClearInterruptMask
 .text.vPortExitCritical
                0x00000314       0x18 ./Source/FreeRTOS-Products/FreeRTOS/portable/GCC/ARM_CM3/port.o
                0x00000314                vPortExitCritical
 .text.PendSV_Handler
                0x0000032c       0x3c ./Source/FreeRTOS-Products/FreeRTOS/portable/GCC/ARM_CM3/port.o
                0x0000032c                PendSV_Handler
 .text.SysTick_Handler
                0x00000368       0x20 ./Source/FreeRTOS-Products/FreeRTOS/portable/GCC/ARM_CM3/port.o
                0x00000368                SysTick_Handler
 .text.vPortSetupTimerInterrupt
                0x00000388       0x28 ./Source/FreeRTOS-Products/FreeRTOS/portable/GCC/ARM_CM3/port.o
                0x00000388                vPortSetupTimerInterrupt
 .text.xPortStartScheduler
                0x000003b0       0x30 ./Source/FreeRTOS-Products/FreeRTOS/portable/GCC/ARM_CM3/port.o
                0x000003b0                xPortStartScheduler
 .text.vFreeRTOS_lpc17xx_PopulateFunctionPointers
                0x000003e0       0x2c ./Source/FreeRTOS-Products/FreeRTOS-Plus-IO/Device/LPC17xx/FreeRTOS_lpc17xx_DriverInterface.o
                0x000003e0                vFreeRTOS_lpc17xx_PopulateFunctionPointers
 .text.FreeRTOS_I2C_write
                0x0000040c       0xe8 ./Source/FreeRTOS-Products/FreeRTOS-Plus-IO/Device/LPC17xx/FreeRTOS_lpc17xx_i2c.o
                0x0000040c                FreeRTOS_I2C_write
 .text.FreeRTOS_I2C_read
                0x000004f4      0x104 ./Source/FreeRTOS-Products/FreeRTOS-Plus-IO/Device/LPC17xx/FreeRTOS_lpc17xx_i2c.o
                0x000004f4                FreeRTOS_I2C_read
 .text.FreeRTOS_I2C_ioctl
                0x000005f8      0x124 ./Source/FreeRTOS-Products/FreeRTOS-Plus-IO/Device/LPC17xx/FreeRTOS_lpc17xx_i2c.o
                0x000005f8                FreeRTOS_I2C_ioctl
 .text.FreeRTOS_I2C_open
                0x0000071c      0x108 ./Source/FreeRTOS-Products/FreeRTOS-Plus-IO/Device/LPC17xx/FreeRTOS_lpc17xx_i2c.o
                0x0000071c                FreeRTOS_I2C_open
 .text.I2C2_IRQHandler
                0x00000824      0x1c0 ./Source/FreeRTOS-Products/FreeRTOS-Plus-IO/Device/LPC17xx/FreeRTOS_lpc17xx_i2c.o
                0x00000824                I2C2_IRQHandler
 .text.FreeRTOS_SSP_write
                0x000009e4       0x58 ./Source/FreeRTOS-Products/FreeRTOS-Plus-IO/Device/LPC17xx/FreeRTOS_lpc17xx_ssp.o
                0x000009e4                FreeRTOS_SSP_write
 .text.FreeRTOS_SSP_read
                0x00000a3c       0x50 ./Source/FreeRTOS-Products/FreeRTOS-Plus-IO/Device/LPC17xx/FreeRTOS_lpc17xx_ssp.o
                0x00000a3c                FreeRTOS_SSP_read
 .text.FreeRTOS_SSP_ioctl
                0x00000a8c      0x1d4 ./Source/FreeRTOS-Products/FreeRTOS-Plus-IO/Device/LPC17xx/FreeRTOS_lpc17xx_ssp.o
                0x00000a8c                FreeRTOS_SSP_ioctl
 .text.FreeRTOS_SSP_open
                0x00000c60      0x124 ./Source/FreeRTOS-Products/FreeRTOS-Plus-IO/Device/LPC17xx/FreeRTOS_lpc17xx_ssp.o
                0x00000c60                FreeRTOS_SSP_open
 .text.SSP1_IRQHandler
                0x00000d84       0xa4 ./Source/FreeRTOS-Products/FreeRTOS-Plus-IO/Device/LPC17xx/FreeRTOS_lpc17xx_ssp.o
                0x00000d84                SSP1_IRQHandler
 .text.FreeRTOS_UART_write
                0x00000e28      0x128 ./Source/FreeRTOS-Products/FreeRTOS-Plus-IO/Device/LPC17xx/FreeRTOS_lpc17xx_uart.o
                0x00000e28                FreeRTOS_UART_write
 .text.FreeRTOS_UART_ioctl
                0x00000f50      0x134 ./Source/FreeRTOS-Products/FreeRTOS-Plus-IO/Device/LPC17xx/FreeRTOS_lpc17xx_uart.o
                0x00000f50                FreeRTOS_UART_ioctl
 .text.FreeRTOS_UART_read
                0x00001084       0xb0 ./Source/FreeRTOS-Products/FreeRTOS-Plus-IO/Device/LPC17xx/FreeRTOS_lpc17xx_uart.o
                0x00001084                FreeRTOS_UART_read
 .text.FreeRTOS_UART_open
                0x00001134       0xa8 ./Source/FreeRTOS-Products/FreeRTOS-Plus-IO/Device/LPC17xx/FreeRTOS_lpc17xx_uart.o
                0x00001134                FreeRTOS_UART_open
 .text.UART3_IRQHandler
                0x000011dc      0x158 ./Source/FreeRTOS-Products/FreeRTOS-Plus-IO/Device/LPC17xx/FreeRTOS_lpc17xx_uart.o
                0x000011dc                UART3_IRQHandler
 .text.FreeRTOS_open
                0x00001334       0x84 ./Source/FreeRTOS-Products/FreeRTOS-Plus-IO/Common/FreeRTOS_DriverInterface.o
                0x00001334                FreeRTOS_open
 .text.FreeRTOS_ioctl
                0x000013b8      0x10c ./Source/FreeRTOS-Products/FreeRTOS-Plus-IO/Common/FreeRTOS_DriverInterface.o
                0x000013b8                FreeRTOS_ioctl
 .text.vIOUtilsCreateTransferControlStructure
                0x000014c4       0x64 ./Source/FreeRTOS-Products/FreeRTOS-Plus-IO/Common/FreeRTOS_IOUtils.o
                0x000014c4                vIOUtilsCreateTransferControlStructure
 .text.xIOUtilsSetTxQueueTimeout
                0x00001528        0x8 ./Source/FreeRTOS-Products/FreeRTOS-Plus-IO/Common/IOUtils_CharQueueTxAndRx.o
                0x00001528                xIOUtilsSetTxQueueTimeout
 .text.vIOUtilsSetRxQueueTimeout
                0x00001530        0x8 ./Source/FreeRTOS-Products/FreeRTOS-Plus-IO/Common/IOUtils_CharQueueTxAndRx.o
                0x00001530                vIOUtilsSetRxQueueTimeout
 .text.xIOUtilsConfigureTransferQueue
                0x00001538       0x78 ./Source/FreeRTOS-Products/FreeRTOS-Plus-IO/Common/IOUtils_CharQueueTxAndRx.o
                0x00001538                xIOUtilsConfigureTransferQueue
 .text.xIOUtilsReceiveCharsFromRxQueue
                0x000015b0       0x48 ./Source/FreeRTOS-Products/FreeRTOS-Plus-IO/Common/IOUtils_CharQueueTxAndRx.o
                0x000015b0                xIOUtilsReceiveCharsFromRxQueue
 .text.xIOUtilsWaitTxQueueEmpty
                0x000015f8       0x3c ./Source/FreeRTOS-Products/FreeRTOS-Plus-IO/Common/IOUtils_CharQueueTxAndRx.o
                0x000015f8                xIOUtilsWaitTxQueueEmpty
 .text.xIOUtilsClearRxCharQueue
                0x00001634       0x18 ./Source/FreeRTOS-Products/FreeRTOS-Plus-IO/Common/IOUtils_CharQueueTxAndRx.o
                0x00001634                xIOUtilsClearRxCharQueue
 .text.xIOUtilsConfigureCircularBufferRx
                0x0000164c       0x90 ./Source/FreeRTOS-Products/FreeRTOS-Plus-IO/Common/IOUtils_CircularBufferRx.o
                0x0000164c                xIOUtilsConfigureCircularBufferRx
 .text.vIOUtilsClearRxCircularBuffer
                0x000016dc       0x1c ./Source/FreeRTOS-Products/FreeRTOS-Plus-IO/Common/IOUtils_CircularBufferRx.o
                0x000016dc                vIOUtilsClearRxCircularBuffer
 .text.xIOUtilsReadCharsFromCircularBuffer
                0x000016f8       0x7c ./Source/FreeRTOS-Products/FreeRTOS-Plus-IO/Common/IOUtils_CircularBufferRx.o
                0x000016f8                xIOUtilsReadCharsFromCircularBuffer
 .text.vIOUtilsSetCircularBufferTimeout
                0x00001774        0x8 ./Source/FreeRTOS-Products/FreeRTOS-Plus-IO/Common/IOUtils_CircularBufferRx.o
                0x00001774                vIOUtilsSetCircularBufferTimeout
 .text.xIOUtilsConfigureZeroCopyTx
                0x0000177c       0x60 ./Source/FreeRTOS-Products/FreeRTOS-Plus-IO/Common/IOUtils_ZeroCopyTx.o
                0x0000177c                xIOUtilsConfigureZeroCopyTx
 .text.xIOUtilsGetZeroCopyWriteMutex
                0x000017dc       0x34 ./Source/FreeRTOS-Products/FreeRTOS-Plus-IO/Common/IOUtils_ZeroCopyTx.o
                0x000017dc                xIOUtilsGetZeroCopyWriteMutex
 .text.xIOUtilsReleaseZeroCopyWriteMutex
                0x00001810       0x1c ./Source/FreeRTOS-Products/FreeRTOS-Plus-IO/Common/IOUtils_ZeroCopyTx.o
                0x00001810                xIOUtilsReleaseZeroCopyWriteMutex
 .text.vListInitialise
                0x0000182c       0x18 ./Source/FreeRTOS-Products/FreeRTOS/list.o
                0x0000182c                vListInitialise
 .text.vListInitialiseItem
                0x00001844        0x8 ./Source/FreeRTOS-Products/FreeRTOS/list.o
                0x00001844                vListInitialiseItem
 .text.vListInsertEnd
                0x0000184c       0x1c ./Source/FreeRTOS-Products/FreeRTOS/list.o
                0x0000184c                vListInsertEnd
 .text.vListInsert
                0x00001868       0x38 ./Source/FreeRTOS-Products/FreeRTOS/list.o
                0x00001868                vListInsert
 .text.uxListRemove
                0x000018a0       0x28 ./Source/FreeRTOS-Products/FreeRTOS/list.o
                0x000018a0                uxListRemove
 .text.vQueueUnregisterQueue
                0x000018c8       0x28 ./Source/FreeRTOS-Products/FreeRTOS/queue.o
 .text.prvIsQueueFull
                0x000018f0       0x1c ./Source/FreeRTOS-Products/FreeRTOS/queue.o
 .text.prvIsQueueEmpty
                0x0000190c       0x1c ./Source/FreeRTOS-Products/FreeRTOS/queue.o
 .text.prvCopyDataToQueue
                0x00001928       0x5c ./Source/FreeRTOS-Products/FreeRTOS/queue.o
 .text.prvCopyDataFromQueue
                0x00001984       0x24 ./Source/FreeRTOS-Products/FreeRTOS/queue.o
 .text.prvUnlockQueue
                0x000019a8       0x68 ./Source/FreeRTOS-Products/FreeRTOS/queue.o
 .text.xQueueGenericReset
                0x00001a10       0x64 ./Source/FreeRTOS-Products/FreeRTOS/queue.o
                0x00001a10                xQueueGenericReset
 .text.xQueueGenericCreate
                0x00001a74       0x4c ./Source/FreeRTOS-Products/FreeRTOS/queue.o
                0x00001a74                xQueueGenericCreate
 .text.xQueueGetMutexHolder
                0x00001ac0       0x1c ./Source/FreeRTOS-Products/FreeRTOS/queue.o
                0x00001ac0                xQueueGetMutexHolder
 .text.xQueueCreateCountingSemaphore
                0x00001adc       0x20 ./Source/FreeRTOS-Products/FreeRTOS/queue.o
                0x00001adc                xQueueCreateCountingSemaphore
 .text.xQueueGenericSend
                0x00001afc       0xf0 ./Source/FreeRTOS-Products/FreeRTOS/queue.o
                0x00001afc                xQueueGenericSend
 .text.xQueueCreateMutex
                0x00001bec       0x54 ./Source/FreeRTOS-Products/FreeRTOS/queue.o
                0x00001bec                xQueueCreateMutex
 .text.xQueueGenericSendFromISR
                0x00001c40       0x88 ./Source/FreeRTOS-Products/FreeRTOS/queue.o
                0x00001c40                xQueueGenericSendFromISR
 .text.xQueueGenericReceive
                0x00001cc8      0x12c ./Source/FreeRTOS-Products/FreeRTOS/queue.o
                0x00001cc8                xQueueGenericReceive
 .text.xQueueReceiveFromISR
                0x00001df4       0x80 ./Source/FreeRTOS-Products/FreeRTOS/queue.o
                0x00001df4                xQueueReceiveFromISR
 .text.uxQueueMessagesWaiting
                0x00001e74       0x1c ./Source/FreeRTOS-Products/FreeRTOS/queue.o
                0x00001e74                uxQueueMessagesWaiting
 .text.vQueueDelete
                0x00001e90       0x20 ./Source/FreeRTOS-Products/FreeRTOS/queue.o
                0x00001e90                vQueueDelete
 .text.vQueueWaitForMessageRestricted
                0x00001eb0       0x3c ./Source/FreeRTOS-Products/FreeRTOS/queue.o
                0x00001eb0                vQueueWaitForMessageRestricted
 .text.prvDeleteTCB
                0x00001eec       0x14 ./Source/FreeRTOS-Products/FreeRTOS/tasks.o
 .text.prvAllocateTCBAndStack
                0x00001f00       0x38 ./Source/FreeRTOS-Products/FreeRTOS/tasks.o
 .text.prvInitialiseTCBVariables
                0x00001f38       0x3c ./Source/FreeRTOS-Products/FreeRTOS/tasks.o
 .text.prvInitialiseTaskLists
                0x00001f74       0x64 ./Source/FreeRTOS-Products/FreeRTOS/tasks.o
 .text.prvAddCurrentTaskToDelayedList
                0x00001fd8       0x54 ./Source/FreeRTOS-Products/FreeRTOS/tasks.o
 .text.xTaskGenericCreate
                0x0000202c      0x128 ./Source/FreeRTOS-Products/FreeRTOS/tasks.o
                0x0000202c                xTaskGenericCreate
 .text.vTaskStartScheduler
                0x00002154       0x5c ./Source/FreeRTOS-Products/FreeRTOS/tasks.o
                0x00002154                vTaskStartScheduler
 .text.vTaskSuspendAll
                0x000021b0       0x10 ./Source/FreeRTOS-Products/FreeRTOS/tasks.o
                0x000021b0                vTaskSuspendAll
 .text.xTaskGetTickCount
                0x000021c0       0x18 ./Source/FreeRTOS-Products/FreeRTOS/tasks.o
                0x000021c0                xTaskGetTickCount
 .text.xTaskGetTickCountFromISR
                0x000021d8       0x18 ./Source/FreeRTOS-Products/FreeRTOS/tasks.o
                0x000021d8                xTaskGetTickCountFromISR
 .text.vTaskIncrementTick
                0x000021f0       0xf8 ./Source/FreeRTOS-Products/FreeRTOS/tasks.o
                0x000021f0                vTaskIncrementTick
 .text.xTaskResumeAll
                0x000022e8       0xe0 ./Source/FreeRTOS-Products/FreeRTOS/tasks.o
                0x000022e8                xTaskResumeAll
 .text.vTaskDelay
                0x000023c8       0x38 ./Source/FreeRTOS-Products/FreeRTOS/tasks.o
                0x000023c8                vTaskDelay
 .text.prvCheckTasksWaitingTermination
                0x00002400       0x50 ./Source/FreeRTOS-Products/FreeRTOS/tasks.o
 .text.prvIdleTask
                0x00002450        0x8 ./Source/FreeRTOS-Products/FreeRTOS/tasks.o
 .text.vTaskSwitchContext
                0x00002458       0xc8 ./Source/FreeRTOS-Products/FreeRTOS/tasks.o
                0x00002458                vTaskSwitchContext
 .text.vTaskPlaceOnEventList
                0x00002520       0x48 ./Source/FreeRTOS-Products/FreeRTOS/tasks.o
                0x00002520                vTaskPlaceOnEventList
 .text.vTaskPlaceOnEventListRestricted
                0x00002568       0x34 ./Source/FreeRTOS-Products/FreeRTOS/tasks.o
                0x00002568                vTaskPlaceOnEventListRestricted
 .text.xTaskRemoveFromEventList
                0x0000259c       0x78 ./Source/FreeRTOS-Products/FreeRTOS/tasks.o
                0x0000259c                xTaskRemoveFromEventList
 .text.vTaskSetTimeOutState
                0x00002614       0x20 ./Source/FreeRTOS-Products/FreeRTOS/tasks.o
                0x00002614                vTaskSetTimeOutState
 .text.xTaskCheckForTimeOut
                0x00002634       0x70 ./Source/FreeRTOS-Products/FreeRTOS/tasks.o
                0x00002634                xTaskCheckForTimeOut
 .text.vTaskMissedYield
                0x000026a4        0xc ./Source/FreeRTOS-Products/FreeRTOS/tasks.o
                0x000026a4                vTaskMissedYield
 .text.xTaskGetCurrentTaskHandle
                0x000026b0        0xc ./Source/FreeRTOS-Products/FreeRTOS/tasks.o
                0x000026b0                xTaskGetCurrentTaskHandle
 .text.xTaskGetSchedulerState
                0x000026bc       0x20 ./Source/FreeRTOS-Products/FreeRTOS/tasks.o
                0x000026bc                xTaskGetSchedulerState
 .text.vTaskPriorityInherit
                0x000026dc       0x74 ./Source/FreeRTOS-Products/FreeRTOS/tasks.o
                0x000026dc                vTaskPriorityInherit
 .text.vTaskPriorityDisinherit
                0x00002750       0x48 ./Source/FreeRTOS-Products/FreeRTOS/tasks.o
                0x00002750                vTaskPriorityDisinherit
 .text.prvGetNextExpireTime
                0x00002798       0x20 ./Source/FreeRTOS-Products/FreeRTOS/timers.o
 .text.prvInsertTimerInActiveList
                0x000027b8       0x48 ./Source/FreeRTOS-Products/FreeRTOS/timers.o
 .text.prvCheckForValidListAndQueue
                0x00002800       0x4c ./Source/FreeRTOS-Products/FreeRTOS/timers.o
 .text.xTimerCreateTimerTask
                0x0000284c       0x44 ./Source/FreeRTOS-Products/FreeRTOS/timers.o
                0x0000284c                xTimerCreateTimerTask
 .text.xTimerGenericCommand
                0x00002890       0x54 ./Source/FreeRTOS-Products/FreeRTOS/timers.o
                0x00002890                xTimerGenericCommand
 .text.prvSwitchTimerLists
                0x000028e4       0x78 ./Source/FreeRTOS-Products/FreeRTOS/timers.o
 .text.prvSampleTimeNow
                0x0000295c       0x2c ./Source/FreeRTOS-Products/FreeRTOS/timers.o
 .text.prvProcessExpiredTimer
                0x00002988       0x54 ./Source/FreeRTOS-Products/FreeRTOS/timers.o
 .text.prvProcessTimerOrBlockTask
                0x000029dc       0x50 ./Source/FreeRTOS-Products/FreeRTOS/timers.o
 .text.prvProcessReceivedCommands
                0x00002a2c       0xa4 ./Source/FreeRTOS-Products/FreeRTOS/timers.o
 .text.prvTimerTask
                0x00002ad0       0x18 ./Source/FreeRTOS-Products/FreeRTOS/timers.o
 .text.pop_registers_from_fault_stack
                0x00002ae8       0x24 ./Source/cr_startup_lpc176x.o
                0x00002ae8                pop_registers_from_fault_stack
 .text.main     0x00002b0c       0x2c ./Source/main.o
                0x00002b0c                main
 .text.vMainConfigureTimerForRunTimeStats
                0x00002b38       0x20 ./Source/main.o
                0x00002b38                vMainConfigureTimerForRunTimeStats
 .text.ulMainGetRunTimeCounterValue
                0x00002b58       0x54 ./Source/main.o
                0x00002b58                ulMainGetRunTimeCounterValue
 .text.vApplicationStackOverflowHook
                0x00002bac        0x8 ./Source/main.o
                0x00002bac                vApplicationStackOverflowHook
 .text.vApplicationMallocFailedHook
                0x00002bb4        0x8 ./Source/main.o
                0x00002bb4                vApplicationMallocFailedHook
 .text.prvPWMController
                0x00002bbc      0x20c ./Source/pwmctrl.o
                0x00002bbc                prvPWMController
 .text.vUARTStart
                0x00002dc8       0x54 ./Source/pwmctrl.o
                0x00002dc8                vUARTStart
 .text.prvParseCommand
                0x00002e1c       0xec ./Source/pwmctrl.o
                0x00002e1c                prvParseCommand
 .text.prvUARTReceiver
                0x00002f08       0xdc ./Source/pwmctrl.o
                0x00002f08                prvUARTReceiver
 .text.vPWMControllerStart
                0x00002fe4       0x30 ./Source/pwmctrl.o
                0x00002fe4                vPWMControllerStart
 .text.NVIC_EnableIRQ
                0x00003014       0x30 Z:\LPCXpresso\FreeRTOS+IO WS\lpc17xx.cmsis.driver.library\Debug\liblpc17xx.cmsis.driver.library.a(lpc17xx_i2c.o)
 .text.NVIC_DisableIRQ
                0x00003044       0x34 Z:\LPCXpresso\FreeRTOS+IO WS\lpc17xx.cmsis.driver.library\Debug\liblpc17xx.cmsis.driver.library.a(lpc17xx_i2c.o)
 .text.I2C_getNum
                0x00003078       0x48 Z:\LPCXpresso\FreeRTOS+IO WS\lpc17xx.cmsis.driver.library\Debug\liblpc17xx.cmsis.driver.library.a(lpc17xx_i2c.o)
 .text.I2C_Start
                0x000030c0       0x3c Z:\LPCXpresso\FreeRTOS+IO WS\lpc17xx.cmsis.driver.library\Debug\liblpc17xx.cmsis.driver.library.a(lpc17xx_i2c.o)
                0x000030c0                I2C_Start
 .text.I2C_Stop
                0x000030fc       0x30 Z:\LPCXpresso\FreeRTOS+IO WS\lpc17xx.cmsis.driver.library\Debug\liblpc17xx.cmsis.driver.library.a(lpc17xx_i2c.o)
                0x000030fc                I2C_Stop
 .text.I2C_SendByte
                0x0000312c       0x4c Z:\LPCXpresso\FreeRTOS+IO WS\lpc17xx.cmsis.driver.library\Debug\liblpc17xx.cmsis.driver.library.a(lpc17xx_i2c.o)
 .text.I2C_GetByte
                0x00003178       0x54 Z:\LPCXpresso\FreeRTOS+IO WS\lpc17xx.cmsis.driver.library\Debug\liblpc17xx.cmsis.driver.library.a(lpc17xx_i2c.o)
 .text.I2C_SetClock
                0x000031cc       0xa0 Z:\LPCXpresso\FreeRTOS+IO WS\lpc17xx.cmsis.driver.library\Debug\liblpc17xx.cmsis.driver.library.a(lpc17xx_i2c.o)
                0x000031cc                I2C_SetClock
 .text.I2C_Init
                0x0000326c       0xa4 Z:\LPCXpresso\FreeRTOS+IO WS\lpc17xx.cmsis.driver.library\Debug\liblpc17xx.cmsis.driver.library.a(lpc17xx_i2c.o)
                0x0000326c                I2C_Init
 .text.I2C_Cmd  0x00003310       0x70 Z:\LPCXpresso\FreeRTOS+IO WS\lpc17xx.cmsis.driver.library\Debug\liblpc17xx.cmsis.driver.library.a(lpc17xx_i2c.o)
                0x00003310                I2C_Cmd
 .text.I2C_IntCmd
                0x00003380       0x84 Z:\LPCXpresso\FreeRTOS+IO WS\lpc17xx.cmsis.driver.library\Debug\liblpc17xx.cmsis.driver.library.a(lpc17xx_i2c.o)
                0x00003380                I2C_IntCmd
 .text.I2C_MasterTransferData
                0x00003404      0x2d8 Z:\LPCXpresso\FreeRTOS+IO WS\lpc17xx.cmsis.driver.library\Debug\liblpc17xx.cmsis.driver.library.a(lpc17xx_i2c.o)
                0x00003404                I2C_MasterTransferData
 .text.check_failed
                0x000036dc        0xc Z:\LPCXpresso\FreeRTOS+IO WS\lpc17xx.cmsis.driver.library\Debug\liblpc17xx.cmsis.driver.library.a(lpc17xx_libcfg_default.o)
                0x000036dc                check_failed
 .text.set_PinFunc
                0x000036e8       0x84 Z:\LPCXpresso\FreeRTOS+IO WS\lpc17xx.cmsis.driver.library\Debug\liblpc17xx.cmsis.driver.library.a(lpc17xx_pinsel.o)
 .text.set_ResistorMode
                0x0000376c       0x84 Z:\LPCXpresso\FreeRTOS+IO WS\lpc17xx.cmsis.driver.library\Debug\liblpc17xx.cmsis.driver.library.a(lpc17xx_pinsel.o)
 .text.set_OpenDrainMode
                0x000037f0       0x6c Z:\LPCXpresso\FreeRTOS+IO WS\lpc17xx.cmsis.driver.library\Debug\liblpc17xx.cmsis.driver.library.a(lpc17xx_pinsel.o)
 .text.PINSEL_ConfigPin
                0x0000385c       0x50 Z:\LPCXpresso\FreeRTOS+IO WS\lpc17xx.cmsis.driver.library\Debug\liblpc17xx.cmsis.driver.library.a(lpc17xx_pinsel.o)
                0x0000385c                PINSEL_ConfigPin
 .text.setSSPclock
                0x000038ac       0xc4 Z:\LPCXpresso\FreeRTOS+IO WS\lpc17xx.cmsis.driver.library\Debug\liblpc17xx.cmsis.driver.library.a(lpc17xx_ssp.o)
 .text.SSP_Init
                0x00003970       0x9c Z:\LPCXpresso\FreeRTOS+IO WS\lpc17xx.cmsis.driver.library\Debug\liblpc17xx.cmsis.driver.library.a(lpc17xx_ssp.o)
                0x00003970                SSP_Init
 .text.SSP_DeInit
                0x00003a0c       0x58 Z:\LPCXpresso\FreeRTOS+IO WS\lpc17xx.cmsis.driver.library\Debug\liblpc17xx.cmsis.driver.library.a(lpc17xx_ssp.o)
                0x00003a0c                SSP_DeInit
 .text.SSP_GetDataSize
                0x00003a64       0x40 Z:\LPCXpresso\FreeRTOS+IO WS\lpc17xx.cmsis.driver.library\Debug\liblpc17xx.cmsis.driver.library.a(lpc17xx_ssp.o)
                0x00003a64                SSP_GetDataSize
 .text.SSP_ConfigStructInit
                0x00003aa4       0x3c Z:\LPCXpresso\FreeRTOS+IO WS\lpc17xx.cmsis.driver.library\Debug\liblpc17xx.cmsis.driver.library.a(lpc17xx_ssp.o)
                0x00003aa4                SSP_ConfigStructInit
 .text.SSP_Cmd  0x00003ae0       0x6c Z:\LPCXpresso\FreeRTOS+IO WS\lpc17xx.cmsis.driver.library\Debug\liblpc17xx.cmsis.driver.library.a(lpc17xx_ssp.o)
                0x00003ae0                SSP_Cmd
 .text.SSP_SendData
                0x00003b4c       0x40 Z:\LPCXpresso\FreeRTOS+IO WS\lpc17xx.cmsis.driver.library\Debug\liblpc17xx.cmsis.driver.library.a(lpc17xx_ssp.o)
                0x00003b4c                SSP_SendData
 .text.SSP_ReceiveData
                0x00003b8c       0x3c Z:\LPCXpresso\FreeRTOS+IO WS\lpc17xx.cmsis.driver.library\Debug\liblpc17xx.cmsis.driver.library.a(lpc17xx_ssp.o)
                0x00003b8c                SSP_ReceiveData
 .text.SSP_ReadWrite
                0x00003bc8      0x350 Z:\LPCXpresso\FreeRTOS+IO WS\lpc17xx.cmsis.driver.library\Debug\liblpc17xx.cmsis.driver.library.a(lpc17xx_ssp.o)
                0x00003bc8                SSP_ReadWrite
 .text.SSP_IntConfig
                0x00003f18       0x60 Z:\LPCXpresso\FreeRTOS+IO WS\lpc17xx.cmsis.driver.library\Debug\liblpc17xx.cmsis.driver.library.a(lpc17xx_ssp.o)
                0x00003f18                SSP_IntConfig
 .text.uart_set_divisors
                0x00003f78      0x214 Z:\LPCXpresso\FreeRTOS+IO WS\lpc17xx.cmsis.driver.library\Debug\liblpc17xx.cmsis.driver.library.a(lpc17xx_uart.o)
 .text.UART_Init
                0x0000418c      0x2e4 Z:\LPCXpresso\FreeRTOS+IO WS\lpc17xx.cmsis.driver.library\Debug\liblpc17xx.cmsis.driver.library.a(lpc17xx_uart.o)
                0x0000418c                UART_Init
 .text.UART_SendByte
                0x00004470       0x68 Z:\LPCXpresso\FreeRTOS+IO WS\lpc17xx.cmsis.driver.library\Debug\liblpc17xx.cmsis.driver.library.a(lpc17xx_uart.o)
                0x00004470                UART_SendByte
 .text.UART_ReceiveByte
                0x000044d8       0x64 Z:\LPCXpresso\FreeRTOS+IO WS\lpc17xx.cmsis.driver.library\Debug\liblpc17xx.cmsis.driver.library.a(lpc17xx_uart.o)
                0x000044d8                UART_ReceiveByte
 .text.UART_Send
                0x0000453c       0xe8 Z:\LPCXpresso\FreeRTOS+IO WS\lpc17xx.cmsis.driver.library\Debug\liblpc17xx.cmsis.driver.library.a(lpc17xx_uart.o)
                0x0000453c                UART_Send
 .text.UART_Receive
                0x00004624       0xb8 Z:\LPCXpresso\FreeRTOS+IO WS\lpc17xx.cmsis.driver.library\Debug\liblpc17xx.cmsis.driver.library.a(lpc17xx_uart.o)
                0x00004624                UART_Receive
 .text.UART_IntConfig
                0x000046dc      0x184 Z:\LPCXpresso\FreeRTOS+IO WS\lpc17xx.cmsis.driver.library\Debug\liblpc17xx.cmsis.driver.library.a(lpc17xx_uart.o)
                0x000046dc                UART_IntConfig
 .text.UART_GetIntId
                0x00004860       0x58 Z:\LPCXpresso\FreeRTOS+IO WS\lpc17xx.cmsis.driver.library\Debug\liblpc17xx.cmsis.driver.library.a(lpc17xx_uart.o)
                0x00004860                UART_GetIntId
 .text.UART_CheckBusy
                0x000048b8       0x28 Z:\LPCXpresso\FreeRTOS+IO WS\lpc17xx.cmsis.driver.library\Debug\liblpc17xx.cmsis.driver.library.a(lpc17xx_uart.o)
                0x000048b8                UART_CheckBusy
 .text.UART_FIFOConfig
                0x000048e0      0x158 Z:\LPCXpresso\FreeRTOS+IO WS\lpc17xx.cmsis.driver.library\Debug\liblpc17xx.cmsis.driver.library.a(lpc17xx_uart.o)
                0x000048e0                UART_FIFOConfig
 .text.UART_TxCmd
                0x00004a38       0xc8 Z:\LPCXpresso\FreeRTOS+IO WS\lpc17xx.cmsis.driver.library\Debug\liblpc17xx.cmsis.driver.library.a(lpc17xx_uart.o)
                0x00004a38                UART_TxCmd
 .text.CLKPWR_SetPCLKDiv
                0x00004b00       0x8c Z:\LPCXpresso\FreeRTOS+IO WS\lpc17xx.cmsis.driver.library\Debug\liblpc17xx.cmsis.driver.library.a(lpc17xx_clkpwr.o)
                0x00004b00                CLKPWR_SetPCLKDiv
 .text.CLKPWR_GetPCLKSEL
                0x00004b8c       0x4c Z:\LPCXpresso\FreeRTOS+IO WS\lpc17xx.cmsis.driver.library\Debug\liblpc17xx.cmsis.driver.library.a(lpc17xx_clkpwr.o)
                0x00004b8c                CLKPWR_GetPCLKSEL
 .text.CLKPWR_GetPCLK
                0x00004bd8       0x64 Z:\LPCXpresso\FreeRTOS+IO WS\lpc17xx.cmsis.driver.library\Debug\liblpc17xx.cmsis.driver.library.a(lpc17xx_clkpwr.o)
                0x00004bd8                CLKPWR_GetPCLK
 .text.CLKPWR_ConfigPPWR
                0x00004c3c       0x58 Z:\LPCXpresso\FreeRTOS+IO WS\lpc17xx.cmsis.driver.library\Debug\liblpc17xx.cmsis.driver.library.a(lpc17xx_clkpwr.o)
                0x00004c3c                CLKPWR_ConfigPPWR
 .text.SystemInit
                0x00004c94       0xe0 Z:\LPCXpresso\FreeRTOS+IO WS\CMSISv2p00_LPC17xx\Debug\libCMSISv2p00_LPC17xx.a(system_LPC17xx.o)
                0x00004c94                SystemInit
 .text.__main   0x00004d74       0x14 c:/nxp/lpcxpresso_7.4.0_229/lpcxpresso/tools/bin/../lib/gcc/arm-none-eabi/4.8.4/../../../../arm-none-eabi/lib/armv7-m\libcr_nohost.a(_cr__main.o)
                0x00004d74                __main
 .text.memcpy   0x00004d88        0x4 c:/nxp/lpcxpresso_7.4.0_229/lpcxpresso/tools/bin/../lib/gcc/arm-none-eabi/4.8.4/../../../../arm-none-eabi/lib/armv7-m\libcr_c.a(memcpy.o)
                0x00004d88                memcpy
 .text.memset   0x00004d8c        0x4 c:/nxp/lpcxpresso_7.4.0_229/lpcxpresso/tools/bin/../lib/gcc/arm-none-eabi/4.8.4/../../../../arm-none-eabi/lib/armv7-m\libcr_c.a(memset.o)
                0x00004d8c                memset
 .text._initio  0x00004d90       0xa4 c:/nxp/lpcxpresso_7.4.0_229/lpcxpresso/tools/bin/../lib/gcc/arm-none-eabi/4.8.4/../../../../arm-none-eabi/lib/armv7-m\libcr_c.a(initio.o)
                0x00004d90                _initio
 .text.itoa     0x00004e34       0x60 c:/nxp/lpcxpresso_7.4.0_229/lpcxpresso/tools/bin/../lib/gcc/arm-none-eabi/4.8.4/../../../../arm-none-eabi/lib/armv7-m\libcr_c.a(itoa.o)
                0x00004e34                itoa
 .text.memcmp   0x00004e94       0x44 c:/nxp/lpcxpresso_7.4.0_229/lpcxpresso/tools/bin/../lib/gcc/arm-none-eabi/4.8.4/../../../../arm-none-eabi/lib/armv7-m\libcr_c.a(memcmp.o)
                0x00004e94                memcmp
 .text.ch_val   0x00004ed8       0x30 c:/nxp/lpcxpresso_7.4.0_229/lpcxpresso/tools/bin/../lib/gcc/arm-none-eabi/4.8.4/../../../../arm-none-eabi/lib/armv7-m\libcr_c.a(scanf.o)
 .text._strtoul
                0x00004f08       0xc0 c:/nxp/lpcxpresso_7.4.0_229/lpcxpresso/tools/bin/../lib/gcc/arm-none-eabi/4.8.4/../../../../arm-none-eabi/lib/armv7-m\libcr_c.a(scanf.o)
 .text.strtol   0x00004fc8       0x80 c:/nxp/lpcxpresso_7.4.0_229/lpcxpresso/tools/bin/../lib/gcc/arm-none-eabi/4.8.4/../../../../arm-none-eabi/lib/armv7-m\libcr_c.a(scanf.o)
                0x00004fc8                strtol
 .text.atoi     0x00005048       0x18 c:/nxp/lpcxpresso_7.4.0_229/lpcxpresso/tools/bin/../lib/gcc/arm-none-eabi/4.8.4/../../../../arm-none-eabi/lib/armv7-m\libcr_c.a(scanf.o)
                0x00005048                atoi
 .text.setvbuf  0x00005060       0x40 c:/nxp/lpcxpresso_7.4.0_229/lpcxpresso/tools/bin/../lib/gcc/arm-none-eabi/4.8.4/../../../../arm-none-eabi/lib/armv7-m\libcr_c.a(setvbuf.o)
                0x00005060                setvbuf
 .text.strcmp   0x000050a0       0x44 c:/nxp/lpcxpresso_7.4.0_229/lpcxpresso/tools/bin/../lib/gcc/arm-none-eabi/4.8.4/../../../../arm-none-eabi/lib/armv7-m\libcr_c.a(strcmp.o)
                0x000050a0                strcmp
 .text.strlen   0x000050e4       0x4a c:/nxp/lpcxpresso_7.4.0_229/lpcxpresso/tools/bin/../lib/gcc/arm-none-eabi/4.8.4/../../../../arm-none-eabi/lib/armv7-m\libcr_c.a(strlen.o)
                0x000050e4                strlen
 .text.strncpy  0x0000512e       0x58 c:/nxp/lpcxpresso_7.4.0_229/lpcxpresso/tools/bin/../lib/gcc/arm-none-eabi/4.8.4/../../../../arm-none-eabi/lib/armv7-m\libcr_c.a(strncpy.o)
                0x0000512e                strncpy
 .text._deferredlazyseek
                0x00005186       0x44 c:/nxp/lpcxpresso_7.4.0_229/lpcxpresso/tools/bin/../lib/gcc/arm-none-eabi/4.8.4/../../../../arm-none-eabi/lib/armv7-m\libcr_c.a(_deferredlazyseek.o)
                0x00005186                _deferredlazyseek
 .text._fdopen  0x000051ca       0x6a c:/nxp/lpcxpresso_7.4.0_229/lpcxpresso/tools/bin/../lib/gcc/arm-none-eabi/4.8.4/../../../../arm-none-eabi/lib/armv7-m\libcr_c.a(_fdopen.o)
                0x000051ca                _fdopen
 .text._fflush  0x00005234       0x58 c:/nxp/lpcxpresso_7.4.0_229/lpcxpresso/tools/bin/../lib/gcc/arm-none-eabi/4.8.4/../../../../arm-none-eabi/lib/armv7-m\libcr_c.a(_fflush.o)
                0x00005234                _fflush
 .text._Cwritebuf
                0x0000528c       0x70 c:/nxp/lpcxpresso_7.4.0_229/lpcxpresso/tools/bin/../lib/gcc/arm-none-eabi/4.8.4/../../../../arm-none-eabi/lib/armv7-m\libcr_c.a(_writebuf.o)
                0x0000528c                _Cwritebuf
 .text.malloc   0x000052fc       0xc4 c:/nxp/lpcxpresso_7.4.0_229/lpcxpresso/tools/bin/../lib/gcc/arm-none-eabi/4.8.4/../../../../arm-none-eabi/lib/armv7-m\libcr_c.a(alloc.o)
                0x000052fc                malloc
 .text.free     0x000053c0        0xc c:/nxp/lpcxpresso_7.4.0_229/lpcxpresso/tools/bin/../lib/gcc/arm-none-eabi/4.8.4/../../../../arm-none-eabi/lib/armv7-m\libcr_c.a(alloc.o)
                0x000053c0                free
 .text._Csys_alloc
                0x000053cc       0x20 c:/nxp/lpcxpresso_7.4.0_229/lpcxpresso/tools/bin/../lib/gcc/arm-none-eabi/4.8.4/../../../../arm-none-eabi/lib/armv7-m\libcr_c.a(alloc.o)
                0x000053cc                _Csys_alloc
 .text.fclose   0x000053ec       0x6c c:/nxp/lpcxpresso_7.4.0_229/lpcxpresso/tools/bin/../lib/gcc/arm-none-eabi/4.8.4/../../../../arm-none-eabi/lib/armv7-m\libcr_c.a(fclose.o)
                0x000053ec                fclose
 .text.fflush   0x00005458       0x30 c:/nxp/lpcxpresso_7.4.0_229/lpcxpresso/tools/bin/../lib/gcc/arm-none-eabi/4.8.4/../../../../arm-none-eabi/lib/armv7-m\libcr_c.a(fflush.o)
                0x00005458                fflush
 .text.fseek    0x00005488      0x10c c:/nxp/lpcxpresso_7.4.0_229/lpcxpresso/tools/bin/../lib/gcc/arm-none-eabi/4.8.4/../../../../arm-none-eabi/lib/armv7-m\libcr_c.a(fseek.o)
                0x00005488                fseek
 .text.ftell    0x00005594       0x4c c:/nxp/lpcxpresso_7.4.0_229/lpcxpresso/tools/bin/../lib/gcc/arm-none-eabi/4.8.4/../../../../arm-none-eabi/lib/armv7-m\libcr_c.a(ftell.o)
                0x00005594                ftell
 .text.remove   0x000055e0       0x14 c:/nxp/lpcxpresso_7.4.0_229/lpcxpresso/tools/bin/../lib/gcc/arm-none-eabi/4.8.4/../../../../arm-none-eabi/lib/armv7-m\libcr_c.a(remove.o)
                0x000055e0                remove
 .text._sbrk    0x000055f4       0x40 c:/nxp/lpcxpresso_7.4.0_229/lpcxpresso/tools/bin/../lib/gcc/arm-none-eabi/4.8.4/../../../../arm-none-eabi/lib/armv7-m\libcr_c.a(_cr_sbrk.o)
                0x000055f4                _sbrk
 .text._do_fflush
                0x00005634       0x44 c:/nxp/lpcxpresso_7.4.0_229/lpcxpresso/tools/bin/../lib/gcc/arm-none-eabi/4.8.4/../../../../arm-none-eabi/lib/armv7-m\libcr_c.a(_do_fflush.o)
                0x00005634                _do_fflush
 .text.__check_heap_overflow
                0x00005678       0x18 c:/nxp/lpcxpresso_7.4.0_229/lpcxpresso/tools/bin/../lib/gcc/arm-none-eabi/4.8.4/../../../../arm-none-eabi/lib/armv7-m\libcr_c.a(_cr_check_heap.o)
                0x00005678                __check_heap_overflow
 .text.__aeabi_memcpy
                0x00005690       0x3a c:/nxp/lpcxpresso_7.4.0_229/lpcxpresso/tools/bin/../lib/gcc/arm-none-eabi/4.8.4/armv7-m\libcr_eabihelpers.a(memcpy.o)
                0x00005690                __aeabi_memcpy
                0x0000569c                __aeabi_memcpy8
                0x0000569c                __aeabi_memcpy4
 .text.__aeabi_memset_lowlevel
                0x000056ca       0x38 c:/nxp/lpcxpresso_7.4.0_229/lpcxpresso/tools/bin/../lib/gcc/arm-none-eabi/4.8.4/armv7-m\libcr_eabihelpers.a(memcpy.o)
                0x000056ca                __aeabi_lowlevel_memset
 .text.__sys_appexit
                0x00005702        0x2 c:/nxp/lpcxpresso_7.4.0_229/lpcxpresso/tools/bin/../lib/gcc/arm-none-eabi/4.8.4/../../../../arm-none-eabi/lib/armv7-m\libcr_nohost.a(__sys_appexit.o)
                0x00005702                __sys_appexit
                0x00005702                __exit
 .text.__sys_close
                0x00005704        0x6 c:/nxp/lpcxpresso_7.4.0_229/lpcxpresso/tools/bin/../lib/gcc/arm-none-eabi/4.8.4/../../../../arm-none-eabi/lib/armv7-m\libcr_nohost.a(__sys_close.o)
                0x00005704                __sys_close
 .text.__sys_flen
                0x0000570a        0x6 c:/nxp/lpcxpresso_7.4.0_229/lpcxpresso/tools/bin/../lib/gcc/arm-none-eabi/4.8.4/../../../../arm-none-eabi/lib/armv7-m\libcr_nohost.a(__sys_flen.o)
                0x0000570a                __sys_flen
 .text.__sys_istty
                0x00005710        0x6 c:/nxp/lpcxpresso_7.4.0_229/lpcxpresso/tools/bin/../lib/gcc/arm-none-eabi/4.8.4/../../../../arm-none-eabi/lib/armv7-m\libcr_nohost.a(__sys_istty.o)
                0x00005710                __sys_istty
 .text.__sys_remove
                0x00005716        0x6 c:/nxp/lpcxpresso_7.4.0_229/lpcxpresso/tools/bin/../lib/gcc/arm-none-eabi/4.8.4/../../../../arm-none-eabi/lib/armv7-m\libcr_nohost.a(__sys_remove.o)
                0x00005716                __sys_remove
 .text.__sys_seek
                0x0000571c        0x6 c:/nxp/lpcxpresso_7.4.0_229/lpcxpresso/tools/bin/../lib/gcc/arm-none-eabi/4.8.4/../../../../arm-none-eabi/lib/armv7-m\libcr_nohost.a(__sys_seek.o)
                0x0000571c                __sys_seek
 .text.__sys_tmpnam
                0x00005722        0x6 c:/nxp/lpcxpresso_7.4.0_229/lpcxpresso/tools/bin/../lib/gcc/arm-none-eabi/4.8.4/../../../../arm-none-eabi/lib/armv7-m\libcr_nohost.a(__sys_tmpnam.o)
                0x00005722                __sys_tmpnam
 .text.__sys_write
                0x00005728        0x4 c:/nxp/lpcxpresso_7.4.0_229/lpcxpresso/tools/bin/../lib/gcc/arm-none-eabi/4.8.4/../../../../arm-none-eabi/lib/armv7-m\libcr_nohost.a(__sys_write.o)
                0x00005728                __sys_write
                0x00005728                __write
 *(.rodata .rodata.* .constdata .constdata.*)
 .rodata.xIRQ   0x0000572c        0x4 ./Source/FreeRTOS-Products/FreeRTOS-Plus-IO/Device/LPC17xx/FreeRTOS_lpc17xx_i2c.o
 .rodata.xIRQ   0x00005730        0x4 ./Source/FreeRTOS-Products/FreeRTOS-Plus-IO/Device/LPC17xx/FreeRTOS_lpc17xx_ssp.o
 .rodata.xIRQ   0x00005734        0x4 ./Source/FreeRTOS-Products/FreeRTOS-Plus-IO/Device/LPC17xx/FreeRTOS_lpc17xx_uart.o
 .rodata.str1.4
                0x00005738       0x17 ./Source/FreeRTOS-Products/FreeRTOS-Plus-IO/Common/FreeRTOS_DriverInterface.o
                                 0x18 (size before relaxing)
 *fill*         0x0000574f        0x1 
 .rodata.xAvailablePeripherals
                0x00005750       0x24 ./Source/FreeRTOS-Products/FreeRTOS-Plus-IO/Common/FreeRTOS_DriverInterface.o
 .rodata.str1.4
                0x00005774       0x49 ./Source/FreeRTOS-Products/FreeRTOS/tasks.o
                                 0x50 (size before relaxing)
 *fill*         0x000057bd        0x3 
 .rodata.ucExpectedStackBytes.4562
                0x000057c0       0x14 ./Source/FreeRTOS-Products/FreeRTOS/tasks.o
 .rodata.str1.4
                0x000057d4        0x8 ./Source/FreeRTOS-Products/FreeRTOS/timers.o
 .rodata.str1.4
                0x000057dc       0x14 ./Source/pwmctrl.o
                                 0x20 (size before relaxing)
 .rodata        0x000057f0       0x18 Z:\LPCXpresso\FreeRTOS+IO WS\lpc17xx.cmsis.driver.library\Debug\liblpc17xx.cmsis.driver.library.a(lpc17xx_i2c.o)
 .rodata        0x00005808       0x18 Z:\LPCXpresso\FreeRTOS+IO WS\lpc17xx.cmsis.driver.library\Debug\liblpc17xx.cmsis.driver.library.a(lpc17xx_ssp.o)
 .rodata        0x00005820       0x1c Z:\LPCXpresso\FreeRTOS+IO WS\lpc17xx.cmsis.driver.library\Debug\liblpc17xx.cmsis.driver.library.a(lpc17xx_uart.o)
 .rodata.str1.1
                0x0000583c        0x4 c:/nxp/lpcxpresso_7.4.0_229/lpcxpresso/tools/bin/../lib/gcc/arm-none-eabi/4.8.4/../../../../arm-none-eabi/lib/armv7-m\libcr_c.a(initio.o)
 .rodata.digits
                0x00005840       0x11 c:/nxp/lpcxpresso_7.4.0_229/lpcxpresso/tools/bin/../lib/gcc/arm-none-eabi/4.8.4/../../../../arm-none-eabi/lib/armv7-m\libcr_c.a(itoa.o)
 .rodata.str1.1
                0x00005851       0x18 c:/nxp/lpcxpresso_7.4.0_229/lpcxpresso/tools/bin/../lib/gcc/arm-none-eabi/4.8.4/../../../../arm-none-eabi/lib/armv7-m\libcr_c.a(alloc.o)
 .rodata.__ctype
                0x00005869      0x180 c:/nxp/lpcxpresso_7.4.0_229/lpcxpresso/tools/bin/../lib/gcc/arm-none-eabi/4.8.4/../../../../arm-none-eabi/lib/armv7-m\libcr_c.a(ctype.o)
                0x00005869                __ctype
                0x000059ec                . = ALIGN (0x4)
 *fill*         0x000059e9        0x3 ff

.glue_7         0x000059ec        0x0
 .glue_7        0x00000000        0x0 linker stubs

.glue_7t        0x000059ec        0x0
 .glue_7t       0x00000000        0x0 linker stubs

.vfp11_veneer   0x000059ec        0x0
 .vfp11_veneer  0x00000000        0x0 linker stubs

.v4_bx          0x000059ec        0x0
 .v4_bx         0x00000000        0x0 linker stubs

.iplt           0x000059ec        0x0
 .iplt          0x00000000        0x0 ./Source/FreeRTOS-Products/FreeRTOS/portable/MemMang/heap_2.o

.rel.dyn        0x000059ec        0x0
 .rel.iplt      0x00000000        0x0 ./Source/FreeRTOS-Products/FreeRTOS/portable/MemMang/heap_2.o

.ARM.extab
 *(.ARM.extab* .gnu.linkonce.armextab.*)
                0x000059ec                __exidx_start = .

.ARM.exidx
 *(.ARM.exidx* .gnu.linkonce.armexidx.*)
                0x000059ec                __exidx_end = .
                0x000059ec                _etext = .

.data_RAM2      0x2007c000        0x0 load address 0x000059ec
 FILL mask 0xff
 *(.ramfunc.$RAM2)
 *(.ramfunc.$RamAHB32)
 *(.data.$RAM2*)
 *(.data.$RamAHB32*)
                0x2007c000                . = ALIGN (0x4)

.uninit_RESERVED
                0x10000000        0x0
 *(.bss.$RESERVED*)
                0x10000000                . = ALIGN (0x4)
                0x10000000                _end_uninit_RESERVED = .

.data           0x10000000       0x10 load address 0x000059ec
 FILL mask 0xff
                0x10000000                _data = .
 *(vtable)
 *(.ramfunc*)
 *(.data*)
 .data.xFreeBytesRemaining
                0x10000000        0x4 ./Source/FreeRTOS-Products/FreeRTOS/portable/MemMang/heap_2.o
 .data.uxCriticalNesting
                0x10000004        0x4 ./Source/FreeRTOS-Products/FreeRTOS/portable/GCC/ARM_CM3/port.o
 .data.xNextTaskUnblockTime
                0x10000008        0x4 ./Source/FreeRTOS-Products/FreeRTOS/tasks.o
 .data.SystemCoreClock
                0x1000000c        0x4 Z:\LPCXpresso\FreeRTOS+IO WS\CMSISv2p00_LPC17xx\Debug\libCMSISv2p00_LPC17xx.a(system_LPC17xx.o)
                0x1000000c                SystemCoreClock
                0x10000010                . = ALIGN (0x4)
                0x10000010                _edata = .

.igot.plt       0x10000010        0x0 load address 0x000059fc
 .igot.plt      0x00000000        0x0 ./Source/FreeRTOS-Products/FreeRTOS/portable/MemMang/heap_2.o

.bss_RAM2       0x2007c000        0x0
 *(.bss.$RAM2*)
 *(.bss.$RamAHB32*)
                0x2007c000                . = ALIGN (0x4)

.bss            0x10000010     0x4010
                0x10000010                _bss = .
 *(.bss*)
 .bss.xHeap     0x10000010     0x3c00 ./Source/FreeRTOS-Products/FreeRTOS/portable/MemMang/heap_2.o
 .bss.xStart    0x10003c10        0x8 ./Source/FreeRTOS-Products/FreeRTOS/portable/MemMang/heap_2.o
 .bss.xHeapHasBeenInitialised.4108
                0x10003c18        0x4 ./Source/FreeRTOS-Products/FreeRTOS/portable/MemMang/heap_2.o
 .bss.xEnd      0x10003c1c        0x8 ./Source/FreeRTOS-Products/FreeRTOS/portable/MemMang/heap_2.o
 .bss.xBytesOutstanding
                0x10003c24        0xc ./Source/FreeRTOS-Products/FreeRTOS-Plus-IO/Device/LPC17xx/FreeRTOS_lpc17xx_i2c.o
 .bss.ucSlaveAddresses
                0x10003c30        0x4 ./Source/FreeRTOS-Products/FreeRTOS-Plus-IO/Device/LPC17xx/FreeRTOS_lpc17xx_i2c.o
 .bss.xDataDirection
                0x10003c34        0x4 ./Source/FreeRTOS-Products/FreeRTOS-Plus-IO/Device/LPC17xx/FreeRTOS_lpc17xx_i2c.o
 .bss.pxRxTransferControlStructs
                0x10003c38        0xc ./Source/FreeRTOS-Products/FreeRTOS-Plus-IO/Device/LPC17xx/FreeRTOS_lpc17xx_i2c.o
 .bss.pxTxTransferControlStructs
                0x10003c44        0xc ./Source/FreeRTOS-Products/FreeRTOS-Plus-IO/Device/LPC17xx/FreeRTOS_lpc17xx_i2c.o
 .bss.xSSPConfigurations
                0x10003c50       0x30 ./Source/FreeRTOS-Products/FreeRTOS-Plus-IO/Device/LPC17xx/FreeRTOS_lpc17xx_ssp.o
 .bss.ulReceiveActive
                0x10003c80        0x8 ./Source/FreeRTOS-Products/FreeRTOS-Plus-IO/Device/LPC17xx/FreeRTOS_lpc17xx_ssp.o
 .bss.pxRxTransferControlStructs
                0x10003c88        0x8 ./Source/FreeRTOS-Products/FreeRTOS-Plus-IO/Device/LPC17xx/FreeRTOS_lpc17xx_ssp.o
 .bss.pxTxTransferControlStructs
                0x10003c90        0x8 ./Source/FreeRTOS-Products/FreeRTOS-Plus-IO/Device/LPC17xx/FreeRTOS_lpc17xx_ssp.o
 .bss.pxRxTransferControlStructs
                0x10003c98       0x10 ./Source/FreeRTOS-Products/FreeRTOS-Plus-IO/Device/LPC17xx/FreeRTOS_lpc17xx_uart.o
 .bss.pxTxTransferControlStructs
                0x10003ca8       0x10 ./Source/FreeRTOS-Products/FreeRTOS-Plus-IO/Device/LPC17xx/FreeRTOS_lpc17xx_uart.o
 .bss.uxTopReadyPriority
                0x10003cb8        0x4 ./Source/FreeRTOS-Products/FreeRTOS/tasks.o
 .bss.uxTasksDeleted
                0x10003cbc        0x4 ./Source/FreeRTOS-Products/FreeRTOS/tasks.o
 .bss.uxCurrentNumberOfTasks
                0x10003cc0        0x4 ./Source/FreeRTOS-Products/FreeRTOS/tasks.o
 .bss.pxReadyTasksLists
                0x10003cc4       0x8c ./Source/FreeRTOS-Products/FreeRTOS/tasks.o
 .bss.pxOverflowDelayedTaskList
                0x10003d50        0x4 ./Source/FreeRTOS-Products/FreeRTOS/tasks.o
 .bss.uxTopUsedPriority
                0x10003d54        0x4 ./Source/FreeRTOS-Products/FreeRTOS/tasks.o
 .bss.xTasksWaitingTermination
                0x10003d58       0x14 ./Source/FreeRTOS-Products/FreeRTOS/tasks.o
 .bss.pxDelayedTaskList
                0x10003d6c        0x4 ./Source/FreeRTOS-Products/FreeRTOS/tasks.o
 .bss.xPendingReadyList
                0x10003d70       0x14 ./Source/FreeRTOS-Products/FreeRTOS/tasks.o
 .bss.xSchedulerRunning
                0x10003d84        0x4 ./Source/FreeRTOS-Products/FreeRTOS/tasks.o
 .bss.ulTaskSwitchedInTime
                0x10003d88        0x4 ./Source/FreeRTOS-Products/FreeRTOS/tasks.o
 .bss.xMissedYield
                0x10003d8c        0x4 ./Source/FreeRTOS-Products/FreeRTOS/tasks.o
 .bss.pxCurrentTCB
                0x10003d90        0x4 ./Source/FreeRTOS-Products/FreeRTOS/tasks.o
                0x10003d90                pxCurrentTCB
 .bss.xSuspendedTaskList
                0x10003d94       0x14 ./Source/FreeRTOS-Products/FreeRTOS/tasks.o
 .bss.xDelayedTaskList1
                0x10003da8       0x14 ./Source/FreeRTOS-Products/FreeRTOS/tasks.o
 .bss.xDelayedTaskList2
                0x10003dbc       0x14 ./Source/FreeRTOS-Products/FreeRTOS/tasks.o
 .bss.uxTaskNumber
                0x10003dd0        0x4 ./Source/FreeRTOS-Products/FreeRTOS/tasks.o
 .bss.uxSchedulerSuspended
                0x10003dd4        0x4 ./Source/FreeRTOS-Products/FreeRTOS/tasks.o
 .bss.uxMissedTicks
                0x10003dd8        0x4 ./Source/FreeRTOS-Products/FreeRTOS/tasks.o
 .bss.xNumOfOverflows
                0x10003ddc        0x4 ./Source/FreeRTOS-Products/FreeRTOS/tasks.o
 .bss.xTickCount
                0x10003de0        0x4 ./Source/FreeRTOS-Products/FreeRTOS/tasks.o
 .bss.pxCurrentTimerList
                0x10003de4        0x4 ./Source/FreeRTOS-Products/FreeRTOS/timers.o
 .bss.xActiveTimerList1
                0x10003de8       0x14 ./Source/FreeRTOS-Products/FreeRTOS/timers.o
 .bss.xActiveTimerList2
                0x10003dfc       0x14 ./Source/FreeRTOS-Products/FreeRTOS/timers.o
 .bss.xLastTime.4177
                0x10003e10        0x4 ./Source/FreeRTOS-Products/FreeRTOS/timers.o
 .bss.xTimerQueue
                0x10003e14        0x4 ./Source/FreeRTOS-Products/FreeRTOS/timers.o
 .bss.pxOverflowTimerList
                0x10003e18        0x4 ./Source/FreeRTOS-Products/FreeRTOS/timers.o
 .bss.ulClocksPer10thOfAMilliSecond
                0x10003e1c        0x4 ./Source/main.o
 .bss.xUART3    0x10003e20        0x4 ./Source/pwmctrl.o
 .bss.cInputString.5815
                0x10003e24       0x34 ./Source/pwmctrl.o
 .bss.xUARTReceiverTask
                0x10003e58        0x4 ./Source/pwmctrl.o
 .bss.xPWMControllerTask
                0x10003e5c        0x4 ./Source/pwmctrl.o
 .bss.xParameterQueue
                0x10003e60        0x4 ./Source/pwmctrl.o
                0x10003e60                xParameterQueue
 .bss.xCommandQueue
                0x10003e64        0x4 ./Source/pwmctrl.o
                0x10003e64                xCommandQueue
 .bss.i2cdat    0x10003e68       0x18 Z:\LPCXpresso\FreeRTOS+IO WS\lpc17xx.cmsis.driver.library\Debug\liblpc17xx.cmsis.driver.library.a(lpc17xx_i2c.o)
 .bss.errno     0x10003e80        0x4 c:/nxp/lpcxpresso_7.4.0_229/lpcxpresso/tools/bin/../lib/gcc/arm-none-eabi/4.8.4/../../../../arm-none-eabi/lib/armv7-m\libcr_c.a(errno.o)
                0x10003e80                errno
 *(COMMON)
 COMMON         0x10003e84       0x50 ./Source/FreeRTOS-Products/FreeRTOS/queue.o
                0x10003e84                xQueueRegistry
 COMMON         0x10003ed4        0x4 c:/nxp/lpcxpresso_7.4.0_229/lpcxpresso/tools/bin/../lib/gcc/arm-none-eabi/4.8.4/../../../../arm-none-eabi/lib/armv7-m\libcr_c.a(initio.o)
                0x10003ed4                _extra
 COMMON         0x10003ed8      0x140 c:/nxp/lpcxpresso_7.4.0_229/lpcxpresso/tools/bin/../lib/gcc/arm-none-eabi/4.8.4/../../../../arm-none-eabi/lib/armv7-m\libcr_c.a(stdio.o)
                0x10003ed8                __Ciob
 COMMON         0x10004018        0x8 c:/nxp/lpcxpresso_7.4.0_229/lpcxpresso/tools/bin/../lib/gcc/arm-none-eabi/4.8.4/../../../../arm-none-eabi/lib/armv7-m\libcr_c.a(__init_alloc.o)
                0x10004018                __heaps
                0x1000401c                __end_of_heap
                0x10004020                . = ALIGN (0x4)
                0x10004020                _ebss = .
                0x10004020                PROVIDE (end, .)

.noinit_RAM2    0x2007c000        0x0
 *(.noinit.$RAM2*)
 *(.noinit.$RamAHB32*)
                0x2007c000                . = ALIGN (0x4)

.noinit         0x10004020        0x0
                0x10004020                _noinit = .
 *(.noinit*)
                0x10004020                . = ALIGN (0x4)
                0x10004020                _end_noinit = .
                0x10004020                PROVIDE (_pvHeapStart, DEFINED (__user_heap_base)?__user_heap_base:.)
                0x10008000                PROVIDE (_vStackTop, DEFINED (__user_stack_top)?__user_stack_top:(__top_RamLoc32 - 0x0))
OUTPUT(FreeRTOS-V2Bot.axf elf32-littlearm)

.debug_info     0x00000000     0xf298
 .debug_info    0x00000000      0x310 ./Source/FreeRTOS-Products/FreeRTOS/portable/MemMang/heap_2.o
 .debug_info    0x00000310      0x280 ./Source/FreeRTOS-Products/FreeRTOS/portable/GCC/ARM_CM3/port.o
 .debug_info    0x00000590      0x32b ./Source/FreeRTOS-Products/FreeRTOS-Plus-IO/Device/LPC17xx/FreeRTOS_lpc17xx_DriverInterface.o
 .debug_info    0x000008bb     0x1555 ./Source/FreeRTOS-Products/FreeRTOS-Plus-IO/Device/LPC17xx/FreeRTOS_lpc17xx_i2c.o
 .debug_info    0x00001e10     0x1001 ./Source/FreeRTOS-Products/FreeRTOS-Plus-IO/Device/LPC17xx/FreeRTOS_lpc17xx_ssp.o
 .debug_info    0x00002e11     0x17e3 ./Source/FreeRTOS-Products/FreeRTOS-Plus-IO/Device/LPC17xx/FreeRTOS_lpc17xx_uart.o
 .debug_info    0x000045f4      0x9c6 ./Source/FreeRTOS-Products/FreeRTOS-Plus-IO/Common/FreeRTOS_DriverInterface.o
 .debug_info    0x00004fba      0x331 ./Source/FreeRTOS-Products/FreeRTOS-Plus-IO/Common/FreeRTOS_IOUtils.o
 .debug_info    0x000052eb      0x863 ./Source/FreeRTOS-Products/FreeRTOS-Plus-IO/Common/IOUtils_CharQueueTxAndRx.o
 .debug_info    0x00005b4e      0x60d ./Source/FreeRTOS-Products/FreeRTOS-Plus-IO/Common/IOUtils_CircularBufferRx.o
 .debug_info    0x0000615b      0x567 ./Source/FreeRTOS-Products/FreeRTOS-Plus-IO/Common/IOUtils_ZeroCopyTx.o
 .debug_info    0x000066c2      0x27d ./Source/FreeRTOS-Products/FreeRTOS/list.o
 .debug_info    0x0000693f     0x1243 ./Source/FreeRTOS-Products/FreeRTOS/queue.o
 .debug_info    0x00007b82     0x1da5 ./Source/FreeRTOS-Products/FreeRTOS/tasks.o
 .debug_info    0x00009927      0xd65 ./Source/FreeRTOS-Products/FreeRTOS/timers.o
 .debug_info    0x0000a68c      0x360 ./Source/cr_startup_lpc176x.o
 .debug_info    0x0000a9ec      0x434 ./Source/main.o
 .debug_info    0x0000ae20     0x106c ./Source/pwmctrl.o
 .debug_info    0x0000be8c      0xce7 Z:\LPCXpresso\FreeRTOS+IO WS\lpc17xx.cmsis.driver.library\Debug\liblpc17xx.cmsis.driver.library.a(lpc17xx_i2c.o)
 .debug_info    0x0000cb73       0xd3 Z:\LPCXpresso\FreeRTOS+IO WS\lpc17xx.cmsis.driver.library\Debug\liblpc17xx.cmsis.driver.library.a(lpc17xx_libcfg_default.o)
 .debug_info    0x0000cc46      0x455 Z:\LPCXpresso\FreeRTOS+IO WS\lpc17xx.cmsis.driver.library\Debug\liblpc17xx.cmsis.driver.library.a(lpc17xx_pinsel.o)
 .debug_info    0x0000d09b      0x70c Z:\LPCXpresso\FreeRTOS+IO WS\lpc17xx.cmsis.driver.library\Debug\liblpc17xx.cmsis.driver.library.a(lpc17xx_ssp.o)
 .debug_info    0x0000d7a7     0x11ba Z:\LPCXpresso\FreeRTOS+IO WS\lpc17xx.cmsis.driver.library\Debug\liblpc17xx.cmsis.driver.library.a(lpc17xx_uart.o)
 .debug_info    0x0000e961      0x61f Z:\LPCXpresso\FreeRTOS+IO WS\lpc17xx.cmsis.driver.library\Debug\liblpc17xx.cmsis.driver.library.a(lpc17xx_clkpwr.o)
 .debug_info    0x0000ef80      0x318 Z:\LPCXpresso\FreeRTOS+IO WS\CMSISv2p00_LPC17xx\Debug\libCMSISv2p00_LPC17xx.a(system_LPC17xx.o)

.debug_abbrev   0x00000000     0x2e23
 .debug_abbrev  0x00000000      0x1be ./Source/FreeRTOS-Products/FreeRTOS/portable/MemMang/heap_2.o
 .debug_abbrev  0x000001be      0x186 ./Source/FreeRTOS-Products/FreeRTOS/portable/GCC/ARM_CM3/port.o
 .debug_abbrev  0x00000344      0x107 ./Source/FreeRTOS-Products/FreeRTOS-Plus-IO/Device/LPC17xx/FreeRTOS_lpc17xx_DriverInterface.o
 .debug_abbrev  0x0000044b      0x32e ./Source/FreeRTOS-Products/FreeRTOS-Plus-IO/Device/LPC17xx/FreeRTOS_lpc17xx_i2c.o
 .debug_abbrev  0x00000779      0x2fc ./Source/FreeRTOS-Products/FreeRTOS-Plus-IO/Device/LPC17xx/FreeRTOS_lpc17xx_ssp.o
 .debug_abbrev  0x00000a75      0x3a3 ./Source/FreeRTOS-Products/FreeRTOS-Plus-IO/Device/LPC17xx/FreeRTOS_lpc17xx_uart.o
 .debug_abbrev  0x00000e18      0x230 ./Source/FreeRTOS-Products/FreeRTOS-Plus-IO/Common/FreeRTOS_DriverInterface.o
 .debug_abbrev  0x00001048      0x114 ./Source/FreeRTOS-Products/FreeRTOS-Plus-IO/Common/FreeRTOS_IOUtils.o
 .debug_abbrev  0x0000115c      0x1be ./Source/FreeRTOS-Products/FreeRTOS-Plus-IO/Common/IOUtils_CharQueueTxAndRx.o
 .debug_abbrev  0x0000131a      0x1ab ./Source/FreeRTOS-Products/FreeRTOS-Plus-IO/Common/IOUtils_CircularBufferRx.o
 .debug_abbrev  0x000014c5      0x160 ./Source/FreeRTOS-Products/FreeRTOS-Plus-IO/Common/IOUtils_ZeroCopyTx.o
 .debug_abbrev  0x00001625       0xdd ./Source/FreeRTOS-Products/FreeRTOS/list.o
 .debug_abbrev  0x00001702      0x22e ./Source/FreeRTOS-Products/FreeRTOS/queue.o
 .debug_abbrev  0x00001930      0x28d ./Source/FreeRTOS-Products/FreeRTOS/tasks.o
 .debug_abbrev  0x00001bbd      0x20f ./Source/FreeRTOS-Products/FreeRTOS/timers.o
 .debug_abbrev  0x00001dcc      0x141 ./Source/cr_startup_lpc176x.o
 .debug_abbrev  0x00001f0d      0x21f ./Source/main.o
 .debug_abbrev  0x0000212c      0x245 ./Source/pwmctrl.o
 .debug_abbrev  0x00002371      0x27f Z:\LPCXpresso\FreeRTOS+IO WS\lpc17xx.cmsis.driver.library\Debug\liblpc17xx.cmsis.driver.library.a(lpc17xx_i2c.o)
 .debug_abbrev  0x000025f0       0x6c Z:\LPCXpresso\FreeRTOS+IO WS\lpc17xx.cmsis.driver.library\Debug\liblpc17xx.cmsis.driver.library.a(lpc17xx_libcfg_default.o)
 .debug_abbrev  0x0000265c      0x141 Z:\LPCXpresso\FreeRTOS+IO WS\lpc17xx.cmsis.driver.library\Debug\liblpc17xx.cmsis.driver.library.a(lpc17xx_pinsel.o)
 .debug_abbrev  0x0000279d      0x1c5 Z:\LPCXpresso\FreeRTOS+IO WS\lpc17xx.cmsis.driver.library\Debug\liblpc17xx.cmsis.driver.library.a(lpc17xx_ssp.o)
 .debug_abbrev  0x00002962      0x211 Z:\LPCXpresso\FreeRTOS+IO WS\lpc17xx.cmsis.driver.library\Debug\liblpc17xx.cmsis.driver.library.a(lpc17xx_uart.o)
 .debug_abbrev  0x00002b73      0x1ca Z:\LPCXpresso\FreeRTOS+IO WS\lpc17xx.cmsis.driver.library\Debug\liblpc17xx.cmsis.driver.library.a(lpc17xx_clkpwr.o)
 .debug_abbrev  0x00002d3d       0xe6 Z:\LPCXpresso\FreeRTOS+IO WS\CMSISv2p00_LPC17xx\Debug\libCMSISv2p00_LPC17xx.a(system_LPC17xx.o)

.debug_loc      0x00000000     0x626a
 .debug_loc     0x00000000      0x1c8 ./Source/FreeRTOS-Products/FreeRTOS/portable/MemMang/heap_2.o
 .debug_loc     0x000001c8       0x80 ./Source/FreeRTOS-Products/FreeRTOS/portable/GCC/ARM_CM3/port.o
 .debug_loc     0x00000248       0xe6 ./Source/FreeRTOS-Products/FreeRTOS-Plus-IO/Device/LPC17xx/FreeRTOS_lpc17xx_DriverInterface.o
 .debug_loc     0x0000032e      0xcab ./Source/FreeRTOS-Products/FreeRTOS-Plus-IO/Device/LPC17xx/FreeRTOS_lpc17xx_i2c.o
 .debug_loc     0x00000fd9      0x946 ./Source/FreeRTOS-Products/FreeRTOS-Plus-IO/Device/LPC17xx/FreeRTOS_lpc17xx_ssp.o
 .debug_loc     0x0000191f      0xaf2 ./Source/FreeRTOS-Products/FreeRTOS-Plus-IO/Device/LPC17xx/FreeRTOS_lpc17xx_uart.o
 .debug_loc     0x00002411      0x781 ./Source/FreeRTOS-Products/FreeRTOS-Plus-IO/Common/FreeRTOS_DriverInterface.o
 .debug_loc     0x00002b92       0xc6 ./Source/FreeRTOS-Products/FreeRTOS-Plus-IO/Common/FreeRTOS_IOUtils.o
 .debug_loc     0x00002c58      0x3b9 ./Source/FreeRTOS-Products/FreeRTOS-Plus-IO/Common/IOUtils_CharQueueTxAndRx.o
 .debug_loc     0x00003011      0x267 ./Source/FreeRTOS-Products/FreeRTOS-Plus-IO/Common/IOUtils_CircularBufferRx.o
 .debug_loc     0x00003278      0x235 ./Source/FreeRTOS-Products/FreeRTOS-Plus-IO/Common/IOUtils_ZeroCopyTx.o
 .debug_loc     0x000034ad       0x65 ./Source/FreeRTOS-Products/FreeRTOS/list.o
 .debug_loc     0x00003512      0xe0f ./Source/FreeRTOS-Products/FreeRTOS/queue.o
 .debug_loc     0x00004321     0x129f ./Source/FreeRTOS-Products/FreeRTOS/tasks.o
 .debug_loc     0x000055c0      0x8c5 ./Source/FreeRTOS-Products/FreeRTOS/timers.o
 .debug_loc     0x00005e85      0x15f ./Source/cr_startup_lpc176x.o
 .debug_loc     0x00005fe4       0xdd ./Source/main.o
 .debug_loc     0x000060c1      0x1a9 ./Source/pwmctrl.o

.debug_aranges  0x00000000      0xa30
 .debug_aranges
                0x00000000       0x38 ./Source/FreeRTOS-Products/FreeRTOS/portable/MemMang/heap_2.o
 .debug_aranges
                0x00000038       0x80 ./Source/FreeRTOS-Products/FreeRTOS/portable/GCC/ARM_CM3/port.o
 .debug_aranges
                0x000000b8       0x20 ./Source/FreeRTOS-Products/FreeRTOS-Plus-IO/Device/LPC17xx/FreeRTOS_lpc17xx_DriverInterface.o
 .debug_aranges
                0x000000d8       0x40 ./Source/FreeRTOS-Products/FreeRTOS-Plus-IO/Device/LPC17xx/FreeRTOS_lpc17xx_i2c.o
 .debug_aranges
                0x00000118       0x40 ./Source/FreeRTOS-Products/FreeRTOS-Plus-IO/Device/LPC17xx/FreeRTOS_lpc17xx_ssp.o
 .debug_aranges
                0x00000158       0x40 ./Source/FreeRTOS-Products/FreeRTOS-Plus-IO/Device/LPC17xx/FreeRTOS_lpc17xx_uart.o
 .debug_aranges
                0x00000198       0x28 ./Source/FreeRTOS-Products/FreeRTOS-Plus-IO/Common/FreeRTOS_DriverInterface.o
 .debug_aranges
                0x000001c0       0x20 ./Source/FreeRTOS-Products/FreeRTOS-Plus-IO/Common/FreeRTOS_IOUtils.o
 .debug_aranges
                0x000001e0       0x50 ./Source/FreeRTOS-Products/FreeRTOS-Plus-IO/Common/IOUtils_CharQueueTxAndRx.o
 .debug_aranges
                0x00000230       0x38 ./Source/FreeRTOS-Products/FreeRTOS-Plus-IO/Common/IOUtils_CircularBufferRx.o
 .debug_aranges
                0x00000268       0x30 ./Source/FreeRTOS-Products/FreeRTOS-Plus-IO/Common/IOUtils_ZeroCopyTx.o
 .debug_aranges
                0x00000298       0x40 ./Source/FreeRTOS-Products/FreeRTOS/list.o
 .debug_aranges
                0x000002d8       0xf0 ./Source/FreeRTOS-Products/FreeRTOS/queue.o
 .debug_aranges
                0x000003c8      0x178 ./Source/FreeRTOS-Products/FreeRTOS/tasks.o
 .debug_aranges
                0x00000540       0x88 ./Source/FreeRTOS-Products/FreeRTOS/timers.o
 .debug_aranges
                0x000005c8       0x88 ./Source/cr_startup_lpc176x.o
 .debug_aranges
                0x00000650       0x40 ./Source/main.o
 .debug_aranges
                0x00000690       0x40 ./Source/pwmctrl.o
 .debug_aranges
                0x000006d0       0xd0 Z:\LPCXpresso\FreeRTOS+IO WS\lpc17xx.cmsis.driver.library\Debug\liblpc17xx.cmsis.driver.library.a(lpc17xx_i2c.o)
 .debug_aranges
                0x000007a0       0x20 Z:\LPCXpresso\FreeRTOS+IO WS\lpc17xx.cmsis.driver.library\Debug\liblpc17xx.cmsis.driver.library.a(lpc17xx_libcfg_default.o)
 .debug_aranges
                0x000007c0       0x48 Z:\LPCXpresso\FreeRTOS+IO WS\lpc17xx.cmsis.driver.library\Debug\liblpc17xx.cmsis.driver.library.a(lpc17xx_pinsel.o)
 .debug_aranges
                0x00000808       0xa8 Z:\LPCXpresso\FreeRTOS+IO WS\lpc17xx.cmsis.driver.library\Debug\liblpc17xx.cmsis.driver.library.a(lpc17xx_ssp.o)
 .debug_aranges
                0x000008b0      0x100 Z:\LPCXpresso\FreeRTOS+IO WS\lpc17xx.cmsis.driver.library\Debug\liblpc17xx.cmsis.driver.library.a(lpc17xx_uart.o)
 .debug_aranges
                0x000009b0       0x58 Z:\LPCXpresso\FreeRTOS+IO WS\lpc17xx.cmsis.driver.library\Debug\liblpc17xx.cmsis.driver.library.a(lpc17xx_clkpwr.o)
 .debug_aranges
                0x00000a08       0x28 Z:\LPCXpresso\FreeRTOS+IO WS\CMSISv2p00_LPC17xx\Debug\libCMSISv2p00_LPC17xx.a(system_LPC17xx.o)

.debug_ranges   0x00000000      0x950
 .debug_ranges  0x00000000       0x28 ./Source/FreeRTOS-Products/FreeRTOS/portable/MemMang/heap_2.o
 .debug_ranges  0x00000028       0x70 ./Source/FreeRTOS-Products/FreeRTOS/portable/GCC/ARM_CM3/port.o
 .debug_ranges  0x00000098       0x10 ./Source/FreeRTOS-Products/FreeRTOS-Plus-IO/Device/LPC17xx/FreeRTOS_lpc17xx_DriverInterface.o
 .debug_ranges  0x000000a8       0x60 ./Source/FreeRTOS-Products/FreeRTOS-Plus-IO/Device/LPC17xx/FreeRTOS_lpc17xx_i2c.o
 .debug_ranges  0x00000108       0x48 ./Source/FreeRTOS-Products/FreeRTOS-Plus-IO/Device/LPC17xx/FreeRTOS_lpc17xx_ssp.o
 .debug_ranges  0x00000150       0x68 ./Source/FreeRTOS-Products/FreeRTOS-Plus-IO/Device/LPC17xx/FreeRTOS_lpc17xx_uart.o
 .debug_ranges  0x000001b8       0x18 ./Source/FreeRTOS-Products/FreeRTOS-Plus-IO/Common/FreeRTOS_DriverInterface.o
 .debug_ranges  0x000001d0       0x10 ./Source/FreeRTOS-Products/FreeRTOS-Plus-IO/Common/FreeRTOS_IOUtils.o
 .debug_ranges  0x000001e0       0x40 ./Source/FreeRTOS-Products/FreeRTOS-Plus-IO/Common/IOUtils_CharQueueTxAndRx.o
 .debug_ranges  0x00000220       0x28 ./Source/FreeRTOS-Products/FreeRTOS-Plus-IO/Common/IOUtils_CircularBufferRx.o
 .debug_ranges  0x00000248       0x20 ./Source/FreeRTOS-Products/FreeRTOS-Plus-IO/Common/IOUtils_ZeroCopyTx.o
 .debug_ranges  0x00000268       0x30 ./Source/FreeRTOS-Products/FreeRTOS/list.o
 .debug_ranges  0x00000298       0xe0 ./Source/FreeRTOS-Products/FreeRTOS/queue.o
 .debug_ranges  0x00000378      0x198 ./Source/FreeRTOS-Products/FreeRTOS/tasks.o
 .debug_ranges  0x00000510       0x78 ./Source/FreeRTOS-Products/FreeRTOS/timers.o
 .debug_ranges  0x00000588       0x78 ./Source/cr_startup_lpc176x.o
 .debug_ranges  0x00000600       0x30 ./Source/main.o
 .debug_ranges  0x00000630       0x30 ./Source/pwmctrl.o
 .debug_ranges  0x00000660       0xc0 Z:\LPCXpresso\FreeRTOS+IO WS\lpc17xx.cmsis.driver.library\Debug\liblpc17xx.cmsis.driver.library.a(lpc17xx_i2c.o)
 .debug_ranges  0x00000720       0x10 Z:\LPCXpresso\FreeRTOS+IO WS\lpc17xx.cmsis.driver.library\Debug\liblpc17xx.cmsis.driver.library.a(lpc17xx_libcfg_default.o)
 .debug_ranges  0x00000730       0x38 Z:\LPCXpresso\FreeRTOS+IO WS\lpc17xx.cmsis.driver.library\Debug\liblpc17xx.cmsis.driver.library.a(lpc17xx_pinsel.o)
 .debug_ranges  0x00000768       0x98 Z:\LPCXpresso\FreeRTOS+IO WS\lpc17xx.cmsis.driver.library\Debug\liblpc17xx.cmsis.driver.library.a(lpc17xx_ssp.o)
 .debug_ranges  0x00000800       0xf0 Z:\LPCXpresso\FreeRTOS+IO WS\lpc17xx.cmsis.driver.library\Debug\liblpc17xx.cmsis.driver.library.a(lpc17xx_uart.o)
 .debug_ranges  0x000008f0       0x48 Z:\LPCXpresso\FreeRTOS+IO WS\lpc17xx.cmsis.driver.library\Debug\liblpc17xx.cmsis.driver.library.a(lpc17xx_clkpwr.o)
 .debug_ranges  0x00000938       0x18 Z:\LPCXpresso\FreeRTOS+IO WS\CMSISv2p00_LPC17xx\Debug\libCMSISv2p00_LPC17xx.a(system_LPC17xx.o)

.debug_macro    0x00000000     0x6828
 .debug_macro   0x00000000       0xeb ./Source/FreeRTOS-Products/FreeRTOS/portable/MemMang/heap_2.o
 .debug_macro   0x000000eb      0x856 ./Source/FreeRTOS-Products/FreeRTOS/portable/MemMang/heap_2.o
 .debug_macro   0x00000941       0x10 ./Source/FreeRTOS-Products/FreeRTOS/portable/MemMang/heap_2.o
 .debug_macro   0x00000951      0x12d ./Source/FreeRTOS-Products/FreeRTOS/portable/MemMang/heap_2.o
 .debug_macro   0x00000a7e       0x28 ./Source/FreeRTOS-Products/FreeRTOS/portable/MemMang/heap_2.o
 .debug_macro   0x00000aa6       0x46 ./Source/FreeRTOS-Products/FreeRTOS/portable/MemMang/heap_2.o
 .debug_macro   0x00000aec      0x5b2 ./Source/FreeRTOS-Products/FreeRTOS/portable/MemMang/heap_2.o
 .debug_macro   0x0000109e      0x17b ./Source/FreeRTOS-Products/FreeRTOS/portable/MemMang/heap_2.o
 .debug_macro   0x00001219       0x99 ./Source/FreeRTOS-Products/FreeRTOS/portable/MemMang/heap_2.o
 .debug_macro   0x000012b2       0x12 ./Source/FreeRTOS-Products/FreeRTOS/portable/MemMang/heap_2.o
 .debug_macro   0x000012c4       0x1f ./Source/FreeRTOS-Products/FreeRTOS/portable/MemMang/heap_2.o
 .debug_macro   0x000012e3      0x1bd ./Source/FreeRTOS-Products/FreeRTOS/portable/MemMang/heap_2.o
 .debug_macro   0x000014a0       0x5e ./Source/FreeRTOS-Products/FreeRTOS/portable/MemMang/heap_2.o
 .debug_macro   0x000014fe       0x57 ./Source/FreeRTOS-Products/FreeRTOS/portable/MemMang/heap_2.o
 .debug_macro   0x00001555      0x117 ./Source/FreeRTOS-Products/FreeRTOS/portable/GCC/ARM_CM3/port.o
 .debug_macro   0x0000166c       0x16 ./Source/FreeRTOS-Products/FreeRTOS/portable/GCC/ARM_CM3/port.o
 .debug_macro   0x00001682       0xed ./Source/FreeRTOS-Products/FreeRTOS-Plus-IO/Device/LPC17xx/FreeRTOS_lpc17xx_DriverInterface.o
 .debug_macro   0x0000176f       0x9a ./Source/FreeRTOS-Products/FreeRTOS-Plus-IO/Device/LPC17xx/FreeRTOS_lpc17xx_DriverInterface.o
 .debug_macro   0x00001809       0xca ./Source/FreeRTOS-Products/FreeRTOS-Plus-IO/Device/LPC17xx/FreeRTOS_lpc17xx_DriverInterface.o
 .debug_macro   0x000018d3      0x1af ./Source/FreeRTOS-Products/FreeRTOS-Plus-IO/Device/LPC17xx/FreeRTOS_lpc17xx_i2c.o
 .debug_macro   0x00001a82       0x96 ./Source/FreeRTOS-Products/FreeRTOS-Plus-IO/Device/LPC17xx/FreeRTOS_lpc17xx_i2c.o
 .debug_macro   0x00001b18       0x77 ./Source/FreeRTOS-Products/FreeRTOS-Plus-IO/Device/LPC17xx/FreeRTOS_lpc17xx_i2c.o
 .debug_macro   0x00001b8f       0x1c ./Source/FreeRTOS-Products/FreeRTOS-Plus-IO/Device/LPC17xx/FreeRTOS_lpc17xx_i2c.o
 .debug_macro   0x00001bab       0x2e ./Source/FreeRTOS-Products/FreeRTOS-Plus-IO/Device/LPC17xx/FreeRTOS_lpc17xx_i2c.o
 .debug_macro   0x00001bd9       0x18 ./Source/FreeRTOS-Products/FreeRTOS-Plus-IO/Device/LPC17xx/FreeRTOS_lpc17xx_i2c.o
 .debug_macro   0x00001bf1      0x7af ./Source/FreeRTOS-Products/FreeRTOS-Plus-IO/Device/LPC17xx/FreeRTOS_lpc17xx_i2c.o
 .debug_macro   0x000023a0      0x2c7 ./Source/FreeRTOS-Products/FreeRTOS-Plus-IO/Device/LPC17xx/FreeRTOS_lpc17xx_i2c.o
 .debug_macro   0x00002667       0x5d ./Source/FreeRTOS-Products/FreeRTOS-Plus-IO/Device/LPC17xx/FreeRTOS_lpc17xx_i2c.o
 .debug_macro   0x000026c4      0x334 ./Source/FreeRTOS-Products/FreeRTOS-Plus-IO/Device/LPC17xx/FreeRTOS_lpc17xx_i2c.o
 .debug_macro   0x000029f8      0x2a3 ./Source/FreeRTOS-Products/FreeRTOS-Plus-IO/Device/LPC17xx/FreeRTOS_lpc17xx_i2c.o
 .debug_macro   0x00002c9b      0x191 ./Source/FreeRTOS-Products/FreeRTOS-Plus-IO/Device/LPC17xx/FreeRTOS_lpc17xx_i2c.o
 .debug_macro   0x00002e2c      0x162 ./Source/FreeRTOS-Products/FreeRTOS-Plus-IO/Device/LPC17xx/FreeRTOS_lpc17xx_i2c.o
 .debug_macro   0x00002f8e       0x2f ./Source/FreeRTOS-Products/FreeRTOS-Plus-IO/Device/LPC17xx/FreeRTOS_lpc17xx_i2c.o
 .debug_macro   0x00002fbd       0x1c ./Source/FreeRTOS-Products/FreeRTOS-Plus-IO/Device/LPC17xx/FreeRTOS_lpc17xx_i2c.o
 .debug_macro   0x00002fd9       0x29 ./Source/FreeRTOS-Products/FreeRTOS-Plus-IO/Device/LPC17xx/FreeRTOS_lpc17xx_i2c.o
 .debug_macro   0x00003002      0x13f ./Source/FreeRTOS-Products/FreeRTOS-Plus-IO/Device/LPC17xx/FreeRTOS_lpc17xx_i2c.o
 .debug_macro   0x00003141      0x1c7 ./Source/FreeRTOS-Products/FreeRTOS-Plus-IO/Device/LPC17xx/FreeRTOS_lpc17xx_ssp.o
 .debug_macro   0x00003308      0x1bb ./Source/FreeRTOS-Products/FreeRTOS-Plus-IO/Device/LPC17xx/FreeRTOS_lpc17xx_uart.o
 .debug_macro   0x000034c3      0x1a6 ./Source/FreeRTOS-Products/FreeRTOS-Plus-IO/Common/FreeRTOS_DriverInterface.o
 .debug_macro   0x00003669       0x10 ./Source/FreeRTOS-Products/FreeRTOS-Plus-IO/Common/FreeRTOS_DriverInterface.o
 .debug_macro   0x00003679      0x124 ./Source/FreeRTOS-Products/FreeRTOS-Plus-IO/Common/FreeRTOS_IOUtils.o
 .debug_macro   0x0000379d      0x120 ./Source/FreeRTOS-Products/FreeRTOS-Plus-IO/Common/IOUtils_CharQueueTxAndRx.o
 .debug_macro   0x000038bd      0x120 ./Source/FreeRTOS-Products/FreeRTOS-Plus-IO/Common/IOUtils_CircularBufferRx.o
 .debug_macro   0x000039dd      0x124 ./Source/FreeRTOS-Products/FreeRTOS-Plus-IO/Common/IOUtils_ZeroCopyTx.o
 .debug_macro   0x00003b01       0xbc ./Source/FreeRTOS-Products/FreeRTOS/list.o
 .debug_macro   0x00003bbd      0x152 ./Source/FreeRTOS-Products/FreeRTOS/queue.o
 .debug_macro   0x00003d0f      0x16e ./Source/FreeRTOS-Products/FreeRTOS/tasks.o
 .debug_macro   0x00003e7d       0xa0 ./Source/FreeRTOS-Products/FreeRTOS/tasks.o
 .debug_macro   0x00003f1d       0x22 ./Source/FreeRTOS-Products/FreeRTOS/tasks.o
 .debug_macro   0x00003f3f       0x5b ./Source/FreeRTOS-Products/FreeRTOS/tasks.o
 .debug_macro   0x00003f9a       0x17 ./Source/FreeRTOS-Products/FreeRTOS/tasks.o
 .debug_macro   0x00003fb1       0xe5 ./Source/FreeRTOS-Products/FreeRTOS/timers.o
 .debug_macro   0x00004096       0x52 ./Source/cr_startup_lpc176x.o
 .debug_macro   0x000040e8      0x85c ./Source/cr_startup_lpc176x.o
 .debug_macro   0x00004944      0x117 ./Source/main.o
 .debug_macro   0x00004a5b      0x1c0 ./Source/pwmctrl.o
 .debug_macro   0x00004c1b      0x137 Z:\LPCXpresso\FreeRTOS+IO WS\lpc17xx.cmsis.driver.library\Debug\liblpc17xx.cmsis.driver.library.a(lpc17xx_i2c.o)
 .debug_macro   0x00004d52      0x18b Z:\LPCXpresso\FreeRTOS+IO WS\lpc17xx.cmsis.driver.library\Debug\liblpc17xx.cmsis.driver.library.a(lpc17xx_i2c.o)
 .debug_macro   0x00004edd      0x2f1 Z:\LPCXpresso\FreeRTOS+IO WS\lpc17xx.cmsis.driver.library\Debug\liblpc17xx.cmsis.driver.library.a(lpc17xx_i2c.o)
 .debug_macro   0x000051ce      0x145 Z:\LPCXpresso\FreeRTOS+IO WS\lpc17xx.cmsis.driver.library\Debug\liblpc17xx.cmsis.driver.library.a(lpc17xx_i2c.o)
 .debug_macro   0x00005313       0xd9 Z:\LPCXpresso\FreeRTOS+IO WS\lpc17xx.cmsis.driver.library\Debug\liblpc17xx.cmsis.driver.library.a(lpc17xx_libcfg_default.o)
 .debug_macro   0x000053ec       0x5d Z:\LPCXpresso\FreeRTOS+IO WS\lpc17xx.cmsis.driver.library\Debug\liblpc17xx.cmsis.driver.library.a(lpc17xx_libcfg_default.o)
 .debug_macro   0x00005449      0x168 Z:\LPCXpresso\FreeRTOS+IO WS\lpc17xx.cmsis.driver.library\Debug\liblpc17xx.cmsis.driver.library.a(lpc17xx_libcfg_default.o)
 .debug_macro   0x000055b1       0x8d Z:\LPCXpresso\FreeRTOS+IO WS\lpc17xx.cmsis.driver.library\Debug\liblpc17xx.cmsis.driver.library.a(lpc17xx_pinsel.o)
 .debug_macro   0x0000563e       0x1c Z:\LPCXpresso\FreeRTOS+IO WS\lpc17xx.cmsis.driver.library\Debug\liblpc17xx.cmsis.driver.library.a(lpc17xx_pinsel.o)
 .debug_macro   0x0000565a      0x2c7 Z:\LPCXpresso\FreeRTOS+IO WS\lpc17xx.cmsis.driver.library\Debug\liblpc17xx.cmsis.driver.library.a(lpc17xx_pinsel.o)
 .debug_macro   0x00005921      0x12e Z:\LPCXpresso\FreeRTOS+IO WS\lpc17xx.cmsis.driver.library\Debug\liblpc17xx.cmsis.driver.library.a(lpc17xx_ssp.o)
 .debug_macro   0x00005a4f      0x29d Z:\LPCXpresso\FreeRTOS+IO WS\lpc17xx.cmsis.driver.library\Debug\liblpc17xx.cmsis.driver.library.a(lpc17xx_ssp.o)
 .debug_macro   0x00005cec      0x12e Z:\LPCXpresso\FreeRTOS+IO WS\lpc17xx.cmsis.driver.library\Debug\liblpc17xx.cmsis.driver.library.a(lpc17xx_uart.o)
 .debug_macro   0x00005e1a       0x8d Z:\LPCXpresso\FreeRTOS+IO WS\lpc17xx.cmsis.driver.library\Debug\liblpc17xx.cmsis.driver.library.a(lpc17xx_clkpwr.o)
 .debug_macro   0x00005ea7      0x12b Z:\LPCXpresso\FreeRTOS+IO WS\CMSISv2p00_LPC17xx\Debug\libCMSISv2p00_LPC17xx.a(system_LPC17xx.o)
 .debug_macro   0x00005fd2      0x856 Z:\LPCXpresso\FreeRTOS+IO WS\CMSISv2p00_LPC17xx\Debug\libCMSISv2p00_LPC17xx.a(system_LPC17xx.o)

.debug_line     0x00000000     0x7991
 .debug_line    0x00000000      0x30f ./Source/FreeRTOS-Products/FreeRTOS/portable/MemMang/heap_2.o
 .debug_line    0x0000030f      0x321 ./Source/FreeRTOS-Products/FreeRTOS/portable/GCC/ARM_CM3/port.o
 .debug_line    0x00000630      0x35d ./Source/FreeRTOS-Products/FreeRTOS-Plus-IO/Device/LPC17xx/FreeRTOS_lpc17xx_DriverInterface.o
 .debug_line    0x0000098d      0x791 ./Source/FreeRTOS-Products/FreeRTOS-Plus-IO/Device/LPC17xx/FreeRTOS_lpc17xx_i2c.o
 .debug_line    0x0000111e      0x71a ./Source/FreeRTOS-Products/FreeRTOS-Plus-IO/Device/LPC17xx/FreeRTOS_lpc17xx_ssp.o
 .debug_line    0x00001838      0x78b ./Source/FreeRTOS-Products/FreeRTOS-Plus-IO/Device/LPC17xx/FreeRTOS_lpc17xx_uart.o
 .debug_line    0x00001fc3      0x620 ./Source/FreeRTOS-Products/FreeRTOS-Plus-IO/Common/FreeRTOS_DriverInterface.o
 .debug_line    0x000025e3      0x3a8 ./Source/FreeRTOS-Products/FreeRTOS-Plus-IO/Common/FreeRTOS_IOUtils.o
 .debug_line    0x0000298b      0x476 ./Source/FreeRTOS-Products/FreeRTOS-Plus-IO/Common/IOUtils_CharQueueTxAndRx.o
 .debug_line    0x00002e01      0x437 ./Source/FreeRTOS-Products/FreeRTOS-Plus-IO/Common/IOUtils_CircularBufferRx.o
 .debug_line    0x00003238      0x3f3 ./Source/FreeRTOS-Products/FreeRTOS-Plus-IO/Common/IOUtils_ZeroCopyTx.o
 .debug_line    0x0000362b      0x2e0 ./Source/FreeRTOS-Products/FreeRTOS/list.o
 .debug_line    0x0000390b      0x684 ./Source/FreeRTOS-Products/FreeRTOS/queue.o
 .debug_line    0x00003f8f      0x9a9 ./Source/FreeRTOS-Products/FreeRTOS/tasks.o
 .debug_line    0x00004938      0x453 ./Source/FreeRTOS-Products/FreeRTOS/timers.o
 .debug_line    0x00004d8b      0x1c8 ./Source/cr_startup_lpc176x.o
 .debug_line    0x00004f53      0x391 ./Source/main.o
 .debug_line    0x000052e4      0x590 ./Source/pwmctrl.o
 .debug_line    0x00005874      0x7eb Z:\LPCXpresso\FreeRTOS+IO WS\lpc17xx.cmsis.driver.library\Debug\liblpc17xx.cmsis.driver.library.a(lpc17xx_i2c.o)
 .debug_line    0x0000605f      0x2d9 Z:\LPCXpresso\FreeRTOS+IO WS\lpc17xx.cmsis.driver.library\Debug\liblpc17xx.cmsis.driver.library.a(lpc17xx_libcfg_default.o)
 .debug_line    0x00006338      0x26c Z:\LPCXpresso\FreeRTOS+IO WS\lpc17xx.cmsis.driver.library\Debug\liblpc17xx.cmsis.driver.library.a(lpc17xx_pinsel.o)
 .debug_line    0x000065a4      0x656 Z:\LPCXpresso\FreeRTOS+IO WS\lpc17xx.cmsis.driver.library\Debug\liblpc17xx.cmsis.driver.library.a(lpc17xx_ssp.o)
 .debug_line    0x00006bfa      0x8ed Z:\LPCXpresso\FreeRTOS+IO WS\lpc17xx.cmsis.driver.library\Debug\liblpc17xx.cmsis.driver.library.a(lpc17xx_uart.o)
 .debug_line    0x000074e7      0x2d2 Z:\LPCXpresso\FreeRTOS+IO WS\lpc17xx.cmsis.driver.library\Debug\liblpc17xx.cmsis.driver.library.a(lpc17xx_clkpwr.o)
 .debug_line    0x000077b9      0x1d8 Z:\LPCXpresso\FreeRTOS+IO WS\CMSISv2p00_LPC17xx\Debug\libCMSISv2p00_LPC17xx.a(system_LPC17xx.o)

.debug_str      0x00000000    0x18ee4
 .debug_str     0x00000000     0x60c4 ./Source/FreeRTOS-Products/FreeRTOS/portable/MemMang/heap_2.o
                               0x6157 (size before relaxing)
 .debug_str     0x000060c4      0x55b ./Source/FreeRTOS-Products/FreeRTOS/portable/GCC/ARM_CM3/port.o
                               0x6150 (size before relaxing)
 .debug_str     0x0000661f      0xc40 ./Source/FreeRTOS-Products/FreeRTOS-Plus-IO/Device/LPC17xx/FreeRTOS_lpc17xx_DriverInterface.o
                               0x6880 (size before relaxing)
 .debug_str     0x0000725f     0xbc84 ./Source/FreeRTOS-Products/FreeRTOS-Plus-IO/Device/LPC17xx/FreeRTOS_lpc17xx_i2c.o
                              0x124b6 (size before relaxing)
 .debug_str     0x00012ee3      0x359 ./Source/FreeRTOS-Products/FreeRTOS-Plus-IO/Device/LPC17xx/FreeRTOS_lpc17xx_ssp.o
                              0x1220b (size before relaxing)
 .debug_str     0x0001323c      0x4f5 ./Source/FreeRTOS-Products/FreeRTOS-Plus-IO/Device/LPC17xx/FreeRTOS_lpc17xx_uart.o
                              0x12642 (size before relaxing)
 .debug_str     0x00013731      0x21d ./Source/FreeRTOS-Products/FreeRTOS-Plus-IO/Common/FreeRTOS_DriverInterface.o
                              0x11933 (size before relaxing)
 .debug_str     0x0001394e       0x7a ./Source/FreeRTOS-Products/FreeRTOS-Plus-IO/Common/FreeRTOS_IOUtils.o
                               0x91e1 (size before relaxing)
 .debug_str     0x000139c8      0x171 ./Source/FreeRTOS-Products/FreeRTOS-Plus-IO/Common/IOUtils_CharQueueTxAndRx.o
                               0x94e9 (size before relaxing)
 .debug_str     0x00013b39       0xde ./Source/FreeRTOS-Products/FreeRTOS-Plus-IO/Common/IOUtils_CircularBufferRx.o
                               0x941a (size before relaxing)
 .debug_str     0x00013c17       0x6e ./Source/FreeRTOS-Products/FreeRTOS-Plus-IO/Common/IOUtils_ZeroCopyTx.o
                               0x9325 (size before relaxing)
 .debug_str     0x00013c85      0x14b ./Source/FreeRTOS-Products/FreeRTOS/list.o
                               0x5a74 (size before relaxing)
 .debug_str     0x00013dd0      0x694 ./Source/FreeRTOS-Products/FreeRTOS/queue.o
                               0x673e (size before relaxing)
 .debug_str     0x00014464     0x19e7 ./Source/FreeRTOS-Products/FreeRTOS/tasks.o
                               0x7a10 (size before relaxing)
 .debug_str     0x00015e4b      0x370 ./Source/FreeRTOS-Products/FreeRTOS/timers.o
                               0x7057 (size before relaxing)
 .debug_str     0x000161bb      0x2f6 ./Source/cr_startup_lpc176x.o
                               0x3dc2 (size before relaxing)
 .debug_str     0x000164b1      0x156 ./Source/main.o
                               0x9fa9 (size before relaxing)
 .debug_str     0x00016607      0x455 ./Source/pwmctrl.o
                               0xfa96 (size before relaxing)
 .debug_str     0x00016a5c     0x1773 Z:\LPCXpresso\FreeRTOS+IO WS\lpc17xx.cmsis.driver.library\Debug\liblpc17xx.cmsis.driver.library.a(lpc17xx_i2c.o)
                               0xc589 (size before relaxing)
 .debug_str     0x000181cf       0x35 Z:\LPCXpresso\FreeRTOS+IO WS\lpc17xx.cmsis.driver.library\Debug\liblpc17xx.cmsis.driver.library.a(lpc17xx_libcfg_default.o)
                               0x5e4b (size before relaxing)
 .debug_str     0x00018204       0xef Z:\LPCXpresso\FreeRTOS+IO WS\lpc17xx.cmsis.driver.library\Debug\liblpc17xx.cmsis.driver.library.a(lpc17xx_pinsel.o)
                               0x84c9 (size before relaxing)
 .debug_str     0x000182f3      0x172 Z:\LPCXpresso\FreeRTOS+IO WS\lpc17xx.cmsis.driver.library\Debug\liblpc17xx.cmsis.driver.library.a(lpc17xx_ssp.o)
                               0xc420 (size before relaxing)
 .debug_str     0x00018465      0x6ad Z:\LPCXpresso\FreeRTOS+IO WS\lpc17xx.cmsis.driver.library\Debug\liblpc17xx.cmsis.driver.library.a(lpc17xx_uart.o)
                               0xd2c9 (size before relaxing)
 .debug_str     0x00018b12       0xc7 Z:\LPCXpresso\FreeRTOS+IO WS\lpc17xx.cmsis.driver.library\Debug\liblpc17xx.cmsis.driver.library.a(lpc17xx_clkpwr.o)
                               0x9251 (size before relaxing)
 .debug_str     0x00018bd9      0x30b Z:\LPCXpresso\FreeRTOS+IO WS\CMSISv2p00_LPC17xx\Debug\libCMSISv2p00_LPC17xx.a(system_LPC17xx.o)
                               0x8058 (size before relaxing)

.comment        0x00000000       0x70
 .comment       0x00000000       0x70 ./Source/FreeRTOS-Products/FreeRTOS/portable/MemMang/heap_2.o
                                 0x71 (size before relaxing)
 .comment       0x00000000       0x71 ./Source/FreeRTOS-Products/FreeRTOS/portable/GCC/ARM_CM3/port.o
 .comment       0x00000000       0x71 ./Source/FreeRTOS-Products/FreeRTOS-Plus-IO/Device/LPC17xx/FreeRTOS_lpc17xx_DriverInterface.o
 .comment       0x00000000       0x71 ./Source/FreeRTOS-Products/FreeRTOS-Plus-IO/Device/LPC17xx/FreeRTOS_lpc17xx_i2c.o
 .comment       0x00000000       0x71 ./Source/FreeRTOS-Products/FreeRTOS-Plus-IO/Device/LPC17xx/FreeRTOS_lpc17xx_ssp.o
 .comment       0x00000000       0x71 ./Source/FreeRTOS-Products/FreeRTOS-Plus-IO/Device/LPC17xx/FreeRTOS_lpc17xx_uart.o
 .comment       0x00000000       0x71 ./Source/FreeRTOS-Products/FreeRTOS-Plus-IO/Common/FreeRTOS_DriverInterface.o
 .comment       0x00000000       0x71 ./Source/FreeRTOS-Products/FreeRTOS-Plus-IO/Common/FreeRTOS_IOUtils.o
 .comment       0x00000000       0x71 ./Source/FreeRTOS-Products/FreeRTOS-Plus-IO/Common/IOUtils_CharQueueTxAndRx.o
 .comment       0x00000000       0x71 ./Source/FreeRTOS-Products/FreeRTOS-Plus-IO/Common/IOUtils_CircularBufferRx.o
 .comment       0x00000000       0x71 ./Source/FreeRTOS-Products/FreeRTOS-Plus-IO/Common/IOUtils_ZeroCopyTx.o
 .comment       0x00000000       0x71 ./Source/FreeRTOS-Products/FreeRTOS/list.o
 .comment       0x00000000       0x71 ./Source/FreeRTOS-Products/FreeRTOS/queue.o
 .comment       0x00000000       0x71 ./Source/FreeRTOS-Products/FreeRTOS/tasks.o
 .comment       0x00000000       0x71 ./Source/FreeRTOS-Products/FreeRTOS/timers.o
 .comment       0x00000000       0x71 ./Source/cr_startup_lpc176x.o
 .comment       0x00000000       0x71 ./Source/main.o
 .comment       0x00000000       0x71 ./Source/pwmctrl.o
 .comment       0x00000000       0x71 Z:\LPCXpresso\FreeRTOS+IO WS\lpc17xx.cmsis.driver.library\Debug\liblpc17xx.cmsis.driver.library.a(lpc17xx_i2c.o)
 .comment       0x00000000       0x71 Z:\LPCXpresso\FreeRTOS+IO WS\lpc17xx.cmsis.driver.library\Debug\liblpc17xx.cmsis.driver.library.a(lpc17xx_libcfg_default.o)
 .comment       0x00000000       0x71 Z:\LPCXpresso\FreeRTOS+IO WS\lpc17xx.cmsis.driver.library\Debug\liblpc17xx.cmsis.driver.library.a(lpc17xx_pinsel.o)
 .comment       0x00000000       0x71 Z:\LPCXpresso\FreeRTOS+IO WS\lpc17xx.cmsis.driver.library\Debug\liblpc17xx.cmsis.driver.library.a(lpc17xx_ssp.o)
 .comment       0x00000000       0x71 Z:\LPCXpresso\FreeRTOS+IO WS\lpc17xx.cmsis.driver.library\Debug\liblpc17xx.cmsis.driver.library.a(lpc17xx_uart.o)
 .comment       0x00000000       0x71 Z:\LPCXpresso\FreeRTOS+IO WS\lpc17xx.cmsis.driver.library\Debug\liblpc17xx.cmsis.driver.library.a(lpc17xx_clkpwr.o)
 .comment       0x00000000       0x71 Z:\LPCXpresso\FreeRTOS+IO WS\CMSISv2p00_LPC17xx\Debug\libCMSISv2p00_LPC17xx.a(system_LPC17xx.o)
 .comment       0x00000000       0x71 c:/nxp/lpcxpresso_7.4.0_229/lpcxpresso/tools/bin/../lib/gcc/arm-none-eabi/4.8.4/../../../../arm-none-eabi/lib/armv7-m\libcr_nohost.a(_cr__main.o)
 .comment       0x00000000       0x71 c:/nxp/lpcxpresso_7.4.0_229/lpcxpresso/tools/bin/../lib/gcc/arm-none-eabi/4.8.4/../../../../arm-none-eabi/lib/armv7-m\libcr_c.a(memcpy.o)
 .comment       0x00000000       0x71 c:/nxp/lpcxpresso_7.4.0_229/lpcxpresso/tools/bin/../lib/gcc/arm-none-eabi/4.8.4/../../../../arm-none-eabi/lib/armv7-m\libcr_c.a(memset.o)
 .comment       0x00000000       0x71 c:/nxp/lpcxpresso_7.4.0_229/lpcxpresso/tools/bin/../lib/gcc/arm-none-eabi/4.8.4/../../../../arm-none-eabi/lib/armv7-m\libcr_c.a(initio.o)
 .comment       0x00000000       0x71 c:/nxp/lpcxpresso_7.4.0_229/lpcxpresso/tools/bin/../lib/gcc/arm-none-eabi/4.8.4/../../../../arm-none-eabi/lib/armv7-m\libcr_c.a(itoa.o)
 .comment       0x00000000       0x71 c:/nxp/lpcxpresso_7.4.0_229/lpcxpresso/tools/bin/../lib/gcc/arm-none-eabi/4.8.4/../../../../arm-none-eabi/lib/armv7-m\libcr_c.a(memcmp.o)
 .comment       0x00000000       0x71 c:/nxp/lpcxpresso_7.4.0_229/lpcxpresso/tools/bin/../lib/gcc/arm-none-eabi/4.8.4/../../../../arm-none-eabi/lib/armv7-m\libcr_c.a(scanf.o)
 .comment       0x00000000       0x71 c:/nxp/lpcxpresso_7.4.0_229/lpcxpresso/tools/bin/../lib/gcc/arm-none-eabi/4.8.4/../../../../arm-none-eabi/lib/armv7-m\libcr_c.a(setvbuf.o)
 .comment       0x00000000       0x71 c:/nxp/lpcxpresso_7.4.0_229/lpcxpresso/tools/bin/../lib/gcc/arm-none-eabi/4.8.4/../../../../arm-none-eabi/lib/armv7-m\libcr_c.a(stdio.o)
 .comment       0x00000000       0x71 c:/nxp/lpcxpresso_7.4.0_229/lpcxpresso/tools/bin/../lib/gcc/arm-none-eabi/4.8.4/../../../../arm-none-eabi/lib/armv7-m\libcr_c.a(strcmp.o)
 .comment       0x00000000       0x71 c:/nxp/lpcxpresso_7.4.0_229/lpcxpresso/tools/bin/../lib/gcc/arm-none-eabi/4.8.4/../../../../arm-none-eabi/lib/armv7-m\libcr_c.a(strlen.o)
 .comment       0x00000000       0x71 c:/nxp/lpcxpresso_7.4.0_229/lpcxpresso/tools/bin/../lib/gcc/arm-none-eabi/4.8.4/../../../../arm-none-eabi/lib/armv7-m\libcr_c.a(strncpy.o)
 .comment       0x00000000       0x71 c:/nxp/lpcxpresso_7.4.0_229/lpcxpresso/tools/bin/../lib/gcc/arm-none-eabi/4.8.4/../../../../arm-none-eabi/lib/armv7-m\libcr_c.a(_deferredlazyseek.o)
 .comment       0x00000000       0x71 c:/nxp/lpcxpresso_7.4.0_229/lpcxpresso/tools/bin/../lib/gcc/arm-none-eabi/4.8.4/../../../../arm-none-eabi/lib/armv7-m\libcr_c.a(_fdopen.o)
 .comment       0x00000000       0x71 c:/nxp/lpcxpresso_7.4.0_229/lpcxpresso/tools/bin/../lib/gcc/arm-none-eabi/4.8.4/../../../../arm-none-eabi/lib/armv7-m\libcr_c.a(_fflush.o)
 .comment       0x00000000       0x71 c:/nxp/lpcxpresso_7.4.0_229/lpcxpresso/tools/bin/../lib/gcc/arm-none-eabi/4.8.4/../../../../arm-none-eabi/lib/armv7-m\libcr_c.a(_writebuf.o)
 .comment       0x00000000       0x71 c:/nxp/lpcxpresso_7.4.0_229/lpcxpresso/tools/bin/../lib/gcc/arm-none-eabi/4.8.4/../../../../arm-none-eabi/lib/armv7-m\libcr_c.a(alloc.o)
 .comment       0x00000000       0x71 c:/nxp/lpcxpresso_7.4.0_229/lpcxpresso/tools/bin/../lib/gcc/arm-none-eabi/4.8.4/../../../../arm-none-eabi/lib/armv7-m\libcr_c.a(ctype.o)
 .comment       0x00000000       0x71 c:/nxp/lpcxpresso_7.4.0_229/lpcxpresso/tools/bin/../lib/gcc/arm-none-eabi/4.8.4/../../../../arm-none-eabi/lib/armv7-m\libcr_c.a(errno.o)
 .comment       0x00000000       0x71 c:/nxp/lpcxpresso_7.4.0_229/lpcxpresso/tools/bin/../lib/gcc/arm-none-eabi/4.8.4/../../../../arm-none-eabi/lib/armv7-m\libcr_c.a(fclose.o)
 .comment       0x00000000       0x71 c:/nxp/lpcxpresso_7.4.0_229/lpcxpresso/tools/bin/../lib/gcc/arm-none-eabi/4.8.4/../../../../arm-none-eabi/lib/armv7-m\libcr_c.a(fflush.o)
 .comment       0x00000000       0x71 c:/nxp/lpcxpresso_7.4.0_229/lpcxpresso/tools/bin/../lib/gcc/arm-none-eabi/4.8.4/../../../../arm-none-eabi/lib/armv7-m\libcr_c.a(fseek.o)
 .comment       0x00000000       0x71 c:/nxp/lpcxpresso_7.4.0_229/lpcxpresso/tools/bin/../lib/gcc/arm-none-eabi/4.8.4/../../../../arm-none-eabi/lib/armv7-m\libcr_c.a(ftell.o)